[2025-02-19T12:50:18.316-0600][gc,heap] Heap region size: 1M
[2025-02-19T12:50:18.336-0600][gc     ] Using G1
[2025-02-19T12:50:18.336-0600][gc,heap,coops] Heap address: 0x00000000c0000000, size: 1024 MB, Compressed Oops mode: 32-bit
[2025-02-19T12:50:18.336-0600][gc,cds       ] Mark closed archive regions in map: [0x00000000fff00000, 0x00000000fff6bff8]
[2025-02-19T12:50:18.336-0600][gc,cds       ] Mark open archive regions in map: [0x00000000ffe00000, 0x00000000ffe47ff8]
[2025-02-19T12:50:20.580-0600][gc,start     ] GC(0) Pause Young (Normal) (G1 Evacuation Pause)
[2025-02-19T12:50:20.583-0600][gc,task      ] GC(0) Using 8 workers of 8 for evacuation
[2025-02-19T12:50:20.604-0600][gc,mmu       ] GC(0) MMU target violated: 20.8ms (20.0ms/21.0ms)
[2025-02-19T12:50:20.604-0600][gc,phases    ] GC(0)   Pre Evacuate Collection Set: 0.1ms
[2025-02-19T12:50:20.604-0600][gc,phases    ] GC(0)   Evacuate Collection Set: 19.5ms
[2025-02-19T12:50:20.604-0600][gc,phases    ] GC(0)   Post Evacuate Collection Set: 1.2ms
[2025-02-19T12:50:20.604-0600][gc,phases    ] GC(0)   Other: 3.4ms
[2025-02-19T12:50:20.604-0600][gc,heap      ] GC(0) Eden regions: 51->0(44)
[2025-02-19T12:50:20.604-0600][gc,heap      ] GC(0) Survivor regions: 0->7(7)
[2025-02-19T12:50:20.604-0600][gc,heap      ] GC(0) Old regions: 2->3
[2025-02-19T12:50:20.604-0600][gc,heap      ] GC(0) Humongous regions: 0->0
[2025-02-19T12:50:20.604-0600][gc,metaspace ] GC(0) Metaspace: 13291K(14080K)->13291K(14080K) NonClass: 11473K(12032K)->11473K(12032K) Class: 1818K(2048K)->1818K(2048K)
[2025-02-19T12:50:20.604-0600][gc           ] GC(0) Pause Young (Normal) (G1 Evacuation Pause) 51M->8M(1024M) 24.239ms
[2025-02-19T12:50:20.604-0600][gc,cpu       ] GC(0) User=0.11s Sys=0.03s Real=0.03s
[2025-02-19T12:50:21.862-0600][gc,start     ] GC(1) Pause Young (Concurrent Start) (Metadata GC Threshold)
[2025-02-19T12:50:21.862-0600][gc,task      ] GC(1) Using 8 workers of 8 for evacuation
[2025-02-19T12:50:21.882-0600][gc,phases    ] GC(1)   Pre Evacuate Collection Set: 0.1ms
[2025-02-19T12:50:21.882-0600][gc,phases    ] GC(1)   Evacuate Collection Set: 17.8ms
[2025-02-19T12:50:21.882-0600][gc,phases    ] GC(1)   Post Evacuate Collection Set: 1.3ms
[2025-02-19T12:50:21.882-0600][gc,phases    ] GC(1)   Other: 0.6ms
[2025-02-19T12:50:21.882-0600][gc,heap      ] GC(1) Eden regions: 34->0(49)
[2025-02-19T12:50:21.882-0600][gc,heap      ] GC(1) Survivor regions: 7->2(7)
[2025-02-19T12:50:21.882-0600][gc,heap      ] GC(1) Old regions: 3->10
[2025-02-19T12:50:21.882-0600][gc,heap      ] GC(1) Humongous regions: 0->0
[2025-02-19T12:50:21.882-0600][gc,metaspace ] GC(1) Metaspace: 20625K(21248K)->20625K(21248K) NonClass: 17863K(18176K)->17863K(18176K) Class: 2761K(3072K)->2761K(3072K)
[2025-02-19T12:50:21.882-0600][gc           ] GC(1) Pause Young (Concurrent Start) (Metadata GC Threshold) 42M->9M(1024M) 20.148ms
[2025-02-19T12:50:21.882-0600][gc,cpu       ] GC(1) User=0.08s Sys=0.02s Real=0.02s
[2025-02-19T12:50:21.882-0600][gc           ] GC(2) Concurrent Cycle
[2025-02-19T12:50:21.882-0600][gc,marking   ] GC(2) Concurrent Clear Claimed Marks
[2025-02-19T12:50:21.882-0600][gc,marking   ] GC(2) Concurrent Clear Claimed Marks 0.253ms
[2025-02-19T12:50:21.883-0600][gc,marking   ] GC(2) Concurrent Scan Root Regions
[2025-02-19T12:50:21.885-0600][gc,marking   ] GC(2) Concurrent Scan Root Regions 2.401ms
[2025-02-19T12:50:21.885-0600][gc,marking   ] GC(2) Concurrent Mark (3.577s)
[2025-02-19T12:50:21.885-0600][gc,marking   ] GC(2) Concurrent Mark From Roots
[2025-02-19T12:50:21.885-0600][gc,task      ] GC(2) Using 2 workers of 2 for marking
[2025-02-19T12:50:21.894-0600][gc,marking   ] GC(2) Concurrent Mark From Roots 8.979ms
[2025-02-19T12:50:21.894-0600][gc,marking   ] GC(2) Concurrent Preclean
[2025-02-19T12:50:21.895-0600][gc,marking   ] GC(2) Concurrent Preclean 0.388ms
[2025-02-19T12:50:21.895-0600][gc,marking   ] GC(2) Concurrent Mark (3.577s, 3.586s) 9.666ms
[2025-02-19T12:50:21.895-0600][gc,start     ] GC(2) Pause Remark
[2025-02-19T12:50:21.905-0600][gc,stringtable] GC(2) Cleaned string and symbol table, strings: 5807 processed, 0 removed, symbols: 54843 processed, 58 removed
[2025-02-19T12:50:21.906-0600][gc            ] GC(2) Pause Remark 10M->10M(1024M) 10.456ms
[2025-02-19T12:50:21.906-0600][gc,cpu        ] GC(2) User=0.04s Sys=0.00s Real=0.01s
[2025-02-19T12:50:21.906-0600][gc,marking    ] GC(2) Concurrent Rebuild Remembered Sets
[2025-02-19T12:50:21.911-0600][gc,marking    ] GC(2) Concurrent Rebuild Remembered Sets 4.811ms
[2025-02-19T12:50:21.911-0600][gc,start      ] GC(2) Pause Cleanup
[2025-02-19T12:50:21.912-0600][gc            ] GC(2) Pause Cleanup 10M->10M(1024M) 0.711ms
[2025-02-19T12:50:21.912-0600][gc,cpu        ] GC(2) User=0.00s Sys=0.00s Real=0.01s
[2025-02-19T12:50:21.912-0600][gc,marking    ] GC(2) Concurrent Cleanup for Next Mark
[2025-02-19T12:50:21.926-0600][gc,marking    ] GC(2) Concurrent Cleanup for Next Mark 13.632ms
[2025-02-19T12:50:21.926-0600][gc            ] GC(2) Concurrent Cycle 44.261ms
[2025-02-19T12:50:24.628-0600][gc,start      ] GC(3) Pause Young (Normal) (G1 Evacuation Pause)
[2025-02-19T12:50:24.628-0600][gc,task       ] GC(3) Using 8 workers of 8 for evacuation
[2025-02-19T12:50:24.640-0600][gc,phases     ] GC(3)   Pre Evacuate Collection Set: 0.2ms
[2025-02-19T12:50:24.640-0600][gc,phases     ] GC(3)   Evacuate Collection Set: 10.1ms
[2025-02-19T12:50:24.640-0600][gc,phases     ] GC(3)   Post Evacuate Collection Set: 1.2ms
[2025-02-19T12:50:24.640-0600][gc,phases     ] GC(3)   Other: 0.6ms
[2025-02-19T12:50:24.640-0600][gc,heap       ] GC(3) Eden regions: 49->0(47)
[2025-02-19T12:50:24.640-0600][gc,heap       ] GC(3) Survivor regions: 2->4(7)
[2025-02-19T12:50:24.640-0600][gc,heap       ] GC(3) Old regions: 10->10
[2025-02-19T12:50:24.640-0600][gc,heap       ] GC(3) Humongous regions: 129->129
[2025-02-19T12:50:24.640-0600][gc,metaspace  ] GC(3) Metaspace: 28041K(29184K)->28041K(29184K) NonClass: 24445K(25088K)->24445K(25088K) Class: 3595K(4096K)->3595K(4096K)
[2025-02-19T12:50:24.640-0600][gc            ] GC(3) Pause Young (Normal) (G1 Evacuation Pause) 187M->140M(1024M) 12.142ms
[2025-02-19T12:50:24.640-0600][gc,cpu        ] GC(3) User=0.06s Sys=0.00s Real=0.01s
[2025-02-19T12:50:25.792-0600][gc,start      ] GC(4) Pause Young (Concurrent Start) (Metadata GC Threshold)
[2025-02-19T12:50:25.792-0600][gc,task       ] GC(4) Using 8 workers of 8 for evacuation
[2025-02-19T12:50:25.821-0600][gc,mmu        ] GC(4) MMU target violated: 21.0ms (20.0ms/21.0ms)
[2025-02-19T12:50:25.821-0600][gc,phases     ] GC(4)   Pre Evacuate Collection Set: 0.2ms
[2025-02-19T12:50:25.821-0600][gc,phases     ] GC(4)   Evacuate Collection Set: 27.1ms
[2025-02-19T12:50:25.821-0600][gc,phases     ] GC(4)   Post Evacuate Collection Set: 1.2ms
[2025-02-19T12:50:25.821-0600][gc,phases     ] GC(4)   Other: 0.7ms
[2025-02-19T12:50:25.821-0600][gc,heap       ] GC(4) Eden regions: 44->0(44)
[2025-02-19T12:50:25.821-0600][gc,heap       ] GC(4) Survivor regions: 4->7(7)
[2025-02-19T12:50:25.821-0600][gc,heap       ] GC(4) Old regions: 10->10
[2025-02-19T12:50:25.821-0600][gc,heap       ] GC(4) Humongous regions: 129->129
[2025-02-19T12:50:25.821-0600][gc,metaspace  ] GC(4) Metaspace: 34432K(35840K)->34432K(35840K) NonClass: 30166K(30976K)->30166K(30976K) Class: 4265K(4864K)->4265K(4864K)
[2025-02-19T12:50:25.821-0600][gc            ] GC(4) Pause Young (Concurrent Start) (Metadata GC Threshold) 183M->143M(1024M) 29.299ms
[2025-02-19T12:50:25.821-0600][gc,cpu        ] GC(4) User=0.15s Sys=0.02s Real=0.02s
[2025-02-19T12:50:25.821-0600][gc            ] GC(5) Concurrent Cycle
[2025-02-19T12:50:25.821-0600][gc,marking    ] GC(5) Concurrent Clear Claimed Marks
[2025-02-19T12:50:25.823-0600][gc,marking    ] GC(5) Concurrent Clear Claimed Marks 1.542ms
[2025-02-19T12:50:25.823-0600][gc,marking    ] GC(5) Concurrent Scan Root Regions
[2025-02-19T12:50:25.828-0600][gc,marking    ] GC(5) Concurrent Scan Root Regions 4.854ms
[2025-02-19T12:50:25.828-0600][gc,marking    ] GC(5) Concurrent Mark (7.520s)
[2025-02-19T12:50:25.828-0600][gc,marking    ] GC(5) Concurrent Mark From Roots
[2025-02-19T12:50:25.828-0600][gc,task       ] GC(5) Using 2 workers of 2 for marking
[2025-02-19T12:50:25.839-0600][gc,marking    ] GC(5) Concurrent Mark From Roots 10.711ms
[2025-02-19T12:50:25.839-0600][gc,marking    ] GC(5) Concurrent Preclean
[2025-02-19T12:50:25.839-0600][gc,marking    ] GC(5) Concurrent Preclean 0.270ms
[2025-02-19T12:50:25.839-0600][gc,marking    ] GC(5) Concurrent Mark (7.520s, 7.531s) 11.250ms
[2025-02-19T12:50:25.840-0600][gc,start      ] GC(5) Pause Remark
[2025-02-19T12:50:25.851-0600][gc,stringtable] GC(5) Cleaned string and symbol table, strings: 10433 processed, 13 removed, symbols: 82459 processed, 16 removed
[2025-02-19T12:50:25.852-0600][gc            ] GC(5) Pause Remark 144M->144M(1024M) 11.712ms
[2025-02-19T12:50:25.852-0600][gc,cpu        ] GC(5) User=0.04s Sys=0.02s Real=0.02s
[2025-02-19T12:50:25.852-0600][gc,marking    ] GC(5) Concurrent Rebuild Remembered Sets
[2025-02-19T12:50:25.856-0600][gc,marking    ] GC(5) Concurrent Rebuild Remembered Sets 4.505ms
[2025-02-19T12:50:25.857-0600][gc,start      ] GC(5) Pause Cleanup
[2025-02-19T12:50:25.858-0600][gc            ] GC(5) Pause Cleanup 144M->144M(1024M) 0.527ms
[2025-02-19T12:50:25.858-0600][gc,cpu        ] GC(5) User=0.00s Sys=0.00s Real=0.00s
[2025-02-19T12:50:25.858-0600][gc,marking    ] GC(5) Concurrent Cleanup for Next Mark
[2025-02-19T12:50:25.946-0600][gc,marking    ] GC(5) Concurrent Cleanup for Next Mark 87.694ms
[2025-02-19T12:50:25.946-0600][gc            ] GC(5) Concurrent Cycle 124.728ms
[2025-02-19T12:50:29.019-0600][gc,start      ] GC(6) Pause Young (Normal) (G1 Evacuation Pause)
[2025-02-19T12:50:29.019-0600][gc,task       ] GC(6) Using 8 workers of 8 for evacuation
[2025-02-19T12:50:29.056-0600][gc,mmu        ] GC(6) MMU target violated: 21.0ms (20.0ms/21.0ms)
[2025-02-19T12:50:29.056-0600][gc,phases     ] GC(6)   Pre Evacuate Collection Set: 0.3ms
[2025-02-19T12:50:29.056-0600][gc,phases     ] GC(6)   Evacuate Collection Set: 34.6ms
[2025-02-19T12:50:29.056-0600][gc,phases     ] GC(6)   Post Evacuate Collection Set: 1.8ms
[2025-02-19T12:50:29.056-0600][gc,phases     ] GC(6)   Other: 0.7ms
[2025-02-19T12:50:29.056-0600][gc,heap       ] GC(6) Eden regions: 44->0(48)
[2025-02-19T12:50:29.056-0600][gc,heap       ] GC(6) Survivor regions: 7->3(7)
[2025-02-19T12:50:29.056-0600][gc,heap       ] GC(6) Old regions: 10->16
[2025-02-19T12:50:29.056-0600][gc,heap       ] GC(6) Humongous regions: 129->129
[2025-02-19T12:50:29.056-0600][gc,metaspace  ] GC(6) Metaspace: 41575K(43776K)->41575K(43776K) NonClass: 36212K(37376K)->36212K(37376K) Class: 5363K(6400K)->5363K(6400K)
[2025-02-19T12:50:29.056-0600][gc            ] GC(6) Pause Young (Normal) (G1 Evacuation Pause) 187M->146M(1024M) 37.536ms
[2025-02-19T12:50:29.056-0600][gc,cpu        ] GC(6) User=0.15s Sys=0.05s Real=0.04s
[2025-02-19T13:00:56.650-0600][gc,start      ] GC(7) Pause Young (Normal) (G1 Evacuation Pause)
[2025-02-19T13:00:56.653-0600][gc,task       ] GC(7) Using 8 workers of 8 for evacuation
[2025-02-19T13:00:56.884-0600][gc,mmu        ] GC(7) MMU target violated: 21.0ms (20.0ms/21.0ms)
[2025-02-19T13:00:56.886-0600][gc,phases     ] GC(7)   Pre Evacuate Collection Set: 51.3ms
[2025-02-19T13:00:56.886-0600][gc,phases     ] GC(7)   Evacuate Collection Set: 162.5ms
[2025-02-19T13:00:56.886-0600][gc,phases     ] GC(7)   Post Evacuate Collection Set: 11.7ms
[2025-02-19T13:00:56.886-0600][gc,phases     ] GC(7)   Other: 11.9ms
[2025-02-19T13:00:56.886-0600][gc,heap       ] GC(7) Eden regions: 48->0(45)
[2025-02-19T13:00:56.886-0600][gc,heap       ] GC(7) Survivor regions: 3->6(7)
[2025-02-19T13:00:56.886-0600][gc,heap       ] GC(7) Old regions: 16->16
[2025-02-19T13:00:56.886-0600][gc,heap       ] GC(7) Humongous regions: 183->129
[2025-02-19T13:00:56.887-0600][gc,metaspace  ] GC(7) Metaspace: 45761K(48640K)->45761K(48640K) NonClass: 39714K(41216K)->39714K(41216K) Class: 6046K(7424K)->6046K(7424K)
[2025-02-19T13:00:56.888-0600][gc            ] GC(7) Pause Young (Normal) (G1 Evacuation Pause) 248M->149M(1024M) 237.103ms
[2025-02-19T13:00:56.888-0600][gc,cpu        ] GC(7) User=1.28s Sys=0.01s Real=0.24s
