[2025-02-18T11:49:15.435-0600][gc,heap] Heap region size: 1M
[2025-02-18T11:49:15.456-0600][gc     ] Using G1
[2025-02-18T11:49:15.456-0600][gc,heap,coops] Heap address: 0x00000000c0000000, size: 1024 MB, Compressed Oops mode: 32-bit
[2025-02-18T11:49:15.456-0600][gc,cds       ] Mark closed archive regions in map: [0x00000000fff00000, 0x00000000fff6bff8]
[2025-02-18T11:49:15.457-0600][gc,cds       ] Mark open archive regions in map: [0x00000000ffe00000, 0x00000000ffe47ff8]
[2025-02-18T11:49:19.358-0600][gc,start     ] GC(0) Pause Young (Normal) (G1 Evacuation Pause)
[2025-02-18T11:49:19.362-0600][gc,task      ] GC(0) Using 8 workers of 8 for evacuation
[2025-02-18T11:49:19.395-0600][gc,mmu       ] GC(0) MMU target violated: 21.0ms (20.0ms/21.0ms)
[2025-02-18T11:49:19.395-0600][gc,phases    ] GC(0)   Pre Evacuate Collection Set: 0.1ms
[2025-02-18T11:49:19.395-0600][gc,phases    ] GC(0)   Evacuate Collection Set: 31.0ms
[2025-02-18T11:49:19.395-0600][gc,phases    ] GC(0)   Post Evacuate Collection Set: 1.6ms
[2025-02-18T11:49:19.395-0600][gc,phases    ] GC(0)   Other: 4.0ms
[2025-02-18T11:49:19.395-0600][gc,heap      ] GC(0) Eden regions: 51->0(44)
[2025-02-18T11:49:19.395-0600][gc,heap      ] GC(0) Survivor regions: 0->7(7)
[2025-02-18T11:49:19.395-0600][gc,heap      ] GC(0) Old regions: 2->3
[2025-02-18T11:49:19.395-0600][gc,heap      ] GC(0) Humongous regions: 0->0
[2025-02-18T11:49:19.395-0600][gc,metaspace ] GC(0) Metaspace: 13308K(14080K)->13308K(14080K) NonClass: 11489K(12032K)->11489K(12032K) Class: 1818K(2048K)->1818K(2048K)
[2025-02-18T11:49:19.395-0600][gc           ] GC(0) Pause Young (Normal) (G1 Evacuation Pause) 51M->8M(1024M) 36.855ms
[2025-02-18T11:49:19.395-0600][gc,cpu       ] GC(0) User=0.01s Sys=0.22s Real=0.03s
[2025-02-18T11:49:21.155-0600][gc,start     ] GC(1) Pause Young (Concurrent Start) (Metadata GC Threshold)
[2025-02-18T11:49:21.155-0600][gc,task      ] GC(1) Using 8 workers of 8 for evacuation
[2025-02-18T11:49:21.198-0600][gc,mmu       ] GC(1) MMU target violated: 21.0ms (20.0ms/21.0ms)
[2025-02-18T11:49:21.198-0600][gc,phases    ] GC(1)   Pre Evacuate Collection Set: 0.1ms
[2025-02-18T11:49:21.198-0600][gc,phases    ] GC(1)   Evacuate Collection Set: 41.8ms
[2025-02-18T11:49:21.198-0600][gc,phases    ] GC(1)   Post Evacuate Collection Set: 1.0ms
[2025-02-18T11:49:21.198-0600][gc,phases    ] GC(1)   Other: 0.7ms
[2025-02-18T11:49:21.198-0600][gc,heap      ] GC(1) Eden regions: 34->0(49)
[2025-02-18T11:49:21.198-0600][gc,heap      ] GC(1) Survivor regions: 7->2(7)
[2025-02-18T11:49:21.198-0600][gc,heap      ] GC(1) Old regions: 3->10
[2025-02-18T11:49:21.198-0600][gc,heap      ] GC(1) Humongous regions: 0->0
[2025-02-18T11:49:21.199-0600][gc,metaspace ] GC(1) Metaspace: 20603K(21248K)->20603K(21248K) NonClass: 17805K(18176K)->17805K(18176K) Class: 2797K(3072K)->2797K(3072K)
[2025-02-18T11:49:21.199-0600][gc           ] GC(1) Pause Young (Concurrent Start) (Metadata GC Threshold) 41M->9M(1024M) 43.709ms
[2025-02-18T11:49:21.199-0600][gc,cpu       ] GC(1) User=0.08s Sys=0.15s Real=0.05s
[2025-02-18T11:49:21.199-0600][gc           ] GC(2) Concurrent Cycle
[2025-02-18T11:49:21.199-0600][gc,marking   ] GC(2) Concurrent Clear Claimed Marks
[2025-02-18T11:49:21.199-0600][gc,marking   ] GC(2) Concurrent Clear Claimed Marks 0.114ms
[2025-02-18T11:49:21.199-0600][gc,marking   ] GC(2) Concurrent Scan Root Regions
[2025-02-18T11:49:21.202-0600][gc,marking   ] GC(2) Concurrent Scan Root Regions 2.970ms
[2025-02-18T11:49:21.203-0600][gc,marking   ] GC(2) Concurrent Mark (5.774s)
[2025-02-18T11:49:21.203-0600][gc,marking   ] GC(2) Concurrent Mark From Roots
[2025-02-18T11:49:21.203-0600][gc,task      ] GC(2) Using 2 workers of 2 for marking
[2025-02-18T11:49:21.210-0600][gc,marking   ] GC(2) Concurrent Mark From Roots 7.239ms
[2025-02-18T11:49:21.210-0600][gc,marking   ] GC(2) Concurrent Preclean
[2025-02-18T11:49:21.210-0600][gc,marking   ] GC(2) Concurrent Preclean 0.295ms
[2025-02-18T11:49:21.210-0600][gc,marking   ] GC(2) Concurrent Mark (5.774s, 5.781s) 7.772ms
[2025-02-18T11:49:21.211-0600][gc,start     ] GC(2) Pause Remark
[2025-02-18T11:49:21.215-0600][gc,stringtable] GC(2) Cleaned string and symbol table, strings: 5861 processed, 0 removed, symbols: 54716 processed, 60 removed
[2025-02-18T11:49:21.216-0600][gc            ] GC(2) Pause Remark 10M->10M(1024M) 5.025ms
[2025-02-18T11:49:21.216-0600][gc,cpu        ] GC(2) User=0.01s Sys=0.01s Real=0.00s
[2025-02-18T11:49:21.216-0600][gc,marking    ] GC(2) Concurrent Rebuild Remembered Sets
[2025-02-18T11:49:21.221-0600][gc,marking    ] GC(2) Concurrent Rebuild Remembered Sets 4.738ms
[2025-02-18T11:49:21.221-0600][gc,start      ] GC(2) Pause Cleanup
[2025-02-18T11:49:21.223-0600][gc            ] GC(2) Pause Cleanup 10M->10M(1024M) 1.207ms
[2025-02-18T11:49:21.223-0600][gc,cpu        ] GC(2) User=0.00s Sys=0.00s Real=0.00s
[2025-02-18T11:49:21.223-0600][gc,marking    ] GC(2) Concurrent Cleanup for Next Mark
[2025-02-18T11:49:21.487-0600][gc,marking    ] GC(2) Concurrent Cleanup for Next Mark 264.298ms
[2025-02-18T11:49:21.487-0600][gc            ] GC(2) Concurrent Cycle 288.758ms
[2025-02-18T11:49:24.891-0600][gc,start      ] GC(3) Pause Young (Normal) (G1 Evacuation Pause)
[2025-02-18T11:49:24.891-0600][gc,task       ] GC(3) Using 8 workers of 8 for evacuation
[2025-02-18T11:49:24.896-0600][gc,phases     ] GC(3)   Pre Evacuate Collection Set: 0.1ms
[2025-02-18T11:49:24.896-0600][gc,phases     ] GC(3)   Evacuate Collection Set: 3.8ms
[2025-02-18T11:49:24.896-0600][gc,phases     ] GC(3)   Post Evacuate Collection Set: 0.8ms
[2025-02-18T11:49:24.896-0600][gc,phases     ] GC(3)   Other: 0.3ms
[2025-02-18T11:49:24.896-0600][gc,heap       ] GC(3) Eden regions: 49->0(47)
[2025-02-18T11:49:24.896-0600][gc,heap       ] GC(3) Survivor regions: 2->4(7)
[2025-02-18T11:49:24.896-0600][gc,heap       ] GC(3) Old regions: 10->10
[2025-02-18T11:49:24.896-0600][gc,heap       ] GC(3) Humongous regions: 129->129
[2025-02-18T11:49:24.896-0600][gc,metaspace  ] GC(3) Metaspace: 29274K(30460K)->29274K(30460K) NonClass: 25655K(26368K)->25655K(26368K) Class: 3618K(4092K)->3618K(4092K)
[2025-02-18T11:49:24.896-0600][gc            ] GC(3) Pause Young (Normal) (G1 Evacuation Pause) 187M->140M(1024M) 5.235ms
[2025-02-18T11:49:24.896-0600][gc,cpu        ] GC(3) User=0.02s Sys=0.01s Real=0.01s
[2025-02-18T11:49:26.047-0600][gc,start      ] GC(4) Pause Young (Concurrent Start) (Metadata GC Threshold)
[2025-02-18T11:49:26.047-0600][gc,task       ] GC(4) Using 8 workers of 8 for evacuation
[2025-02-18T11:49:26.057-0600][gc,phases     ] GC(4)   Pre Evacuate Collection Set: 0.2ms
[2025-02-18T11:49:26.057-0600][gc,phases     ] GC(4)   Evacuate Collection Set: 8.2ms
[2025-02-18T11:49:26.057-0600][gc,phases     ] GC(4)   Post Evacuate Collection Set: 1.1ms
[2025-02-18T11:49:26.057-0600][gc,phases     ] GC(4)   Other: 0.4ms
[2025-02-18T11:49:26.057-0600][gc,heap       ] GC(4) Eden regions: 37->0(44)
[2025-02-18T11:49:26.057-0600][gc,heap       ] GC(4) Survivor regions: 4->7(7)
[2025-02-18T11:49:26.057-0600][gc,heap       ] GC(4) Old regions: 10->10
[2025-02-18T11:49:26.057-0600][gc,heap       ] GC(4) Humongous regions: 129->129
[2025-02-18T11:49:26.057-0600][gc,metaspace  ] GC(4) Metaspace: 34725K(36048K)->34725K(36048K) NonClass: 30481K(31188K)->30481K(31188K) Class: 4243K(4860K)->4243K(4860K)
[2025-02-18T11:49:26.057-0600][gc            ] GC(4) Pause Young (Concurrent Start) (Metadata GC Threshold) 176M->143M(1024M) 10.082ms
[2025-02-18T11:49:26.057-0600][gc,cpu        ] GC(4) User=0.03s Sys=0.01s Real=0.01s
[2025-02-18T11:49:26.057-0600][gc            ] GC(5) Concurrent Cycle
[2025-02-18T11:49:26.057-0600][gc,marking    ] GC(5) Concurrent Clear Claimed Marks
[2025-02-18T11:49:26.058-0600][gc,marking    ] GC(5) Concurrent Clear Claimed Marks 0.218ms
[2025-02-18T11:49:26.058-0600][gc,marking    ] GC(5) Concurrent Scan Root Regions
[2025-02-18T11:49:26.061-0600][gc,marking    ] GC(5) Concurrent Scan Root Regions 3.768ms
[2025-02-18T11:49:26.062-0600][gc,marking    ] GC(5) Concurrent Mark (10.633s)
[2025-02-18T11:49:26.062-0600][gc,marking    ] GC(5) Concurrent Mark From Roots
[2025-02-18T11:49:26.062-0600][gc,task       ] GC(5) Using 2 workers of 2 for marking
[2025-02-18T11:49:26.071-0600][gc,marking    ] GC(5) Concurrent Mark From Roots 9.458ms
[2025-02-18T11:49:26.071-0600][gc,marking    ] GC(5) Concurrent Preclean
[2025-02-18T11:49:26.071-0600][gc,marking    ] GC(5) Concurrent Preclean 0.257ms
[2025-02-18T11:49:26.071-0600][gc,marking    ] GC(5) Concurrent Mark (10.633s, 10.643s) 9.956ms
[2025-02-18T11:49:26.072-0600][gc,start      ] GC(5) Pause Remark
[2025-02-18T11:49:26.079-0600][gc,stringtable] GC(5) Cleaned string and symbol table, strings: 10816 processed, 14 removed, symbols: 87024 processed, 19 removed
[2025-02-18T11:49:26.079-0600][gc            ] GC(5) Pause Remark 144M->144M(1024M) 7.470ms
[2025-02-18T11:49:26.080-0600][gc,cpu        ] GC(5) User=0.05s Sys=0.00s Real=0.01s
[2025-02-18T11:49:26.080-0600][gc,marking    ] GC(5) Concurrent Rebuild Remembered Sets
[2025-02-18T11:49:26.088-0600][gc,marking    ] GC(5) Concurrent Rebuild Remembered Sets 8.147ms
[2025-02-18T11:49:26.089-0600][gc,start      ] GC(5) Pause Cleanup
[2025-02-18T11:49:26.089-0600][gc            ] GC(5) Pause Cleanup 144M->144M(1024M) 0.567ms
[2025-02-18T11:49:26.089-0600][gc,cpu        ] GC(5) User=0.00s Sys=0.00s Real=0.00s
[2025-02-18T11:49:26.090-0600][gc,marking    ] GC(5) Concurrent Cleanup for Next Mark
[2025-02-18T11:49:26.299-0600][gc,marking    ] GC(5) Concurrent Cleanup for Next Mark 209.938ms
[2025-02-18T11:49:26.300-0600][gc            ] GC(5) Concurrent Cycle 242.282ms
[2025-02-18T11:53:48.265-0600][gc,start      ] GC(6) Pause Young (Normal) (G1 Evacuation Pause)
[2025-02-18T11:53:48.266-0600][gc,task       ] GC(6) Using 8 workers of 8 for evacuation
[2025-02-18T11:53:48.353-0600][gc,mmu        ] GC(6) MMU target violated: 21.0ms (20.0ms/21.0ms)
[2025-02-18T11:53:48.353-0600][gc,phases     ] GC(6)   Pre Evacuate Collection Set: 30.7ms
[2025-02-18T11:53:48.353-0600][gc,phases     ] GC(6)   Evacuate Collection Set: 52.6ms
[2025-02-18T11:53:48.353-0600][gc,phases     ] GC(6)   Post Evacuate Collection Set: 2.8ms
[2025-02-18T11:53:48.353-0600][gc,phases     ] GC(6)   Other: 1.8ms
[2025-02-18T11:53:48.353-0600][gc,heap       ] GC(6) Eden regions: 44->0(48)
[2025-02-18T11:53:48.353-0600][gc,heap       ] GC(6) Survivor regions: 7->3(7)
[2025-02-18T11:53:48.353-0600][gc,heap       ] GC(6) Old regions: 10->16
[2025-02-18T11:53:48.353-0600][gc,heap       ] GC(6) Humongous regions: 129->129
[2025-02-18T11:53:48.353-0600][gc,metaspace  ] GC(6) Metaspace: 42196K(44752K)->42196K(44752K) NonClass: 36501K(37844K)->36501K(37844K) Class: 5694K(6908K)->5694K(6908K)
[2025-02-18T11:53:48.353-0600][gc            ] GC(6) Pause Young (Normal) (G1 Evacuation Pause) 187M->145M(1024M) 87.907ms
[2025-02-18T11:53:48.353-0600][gc,cpu        ] GC(6) User=0.34s Sys=0.08s Real=0.09s
[2025-02-18T12:02:51.730-0600][gc,start      ] GC(7) Pause Young (Normal) (G1 Evacuation Pause)
[2025-02-18T12:02:51.730-0600][gc,task       ] GC(7) Using 8 workers of 8 for evacuation
[2025-02-18T12:02:51.743-0600][gc,phases     ] GC(7)   Pre Evacuate Collection Set: 0.4ms
[2025-02-18T12:02:51.743-0600][gc,phases     ] GC(7)   Evacuate Collection Set: 9.5ms
[2025-02-18T12:02:51.743-0600][gc,phases     ] GC(7)   Post Evacuate Collection Set: 2.2ms
[2025-02-18T12:02:51.743-0600][gc,phases     ] GC(7)   Other: 0.5ms
[2025-02-18T12:02:51.743-0600][gc,heap       ] GC(7) Eden regions: 48->0(46)
[2025-02-18T12:02:51.743-0600][gc,heap       ] GC(7) Survivor regions: 3->5(7)
[2025-02-18T12:02:51.743-0600][gc,heap       ] GC(7) Old regions: 16->16
[2025-02-18T12:02:51.743-0600][gc,heap       ] GC(7) Humongous regions: 129->129
[2025-02-18T12:02:51.743-0600][gc,metaspace  ] GC(7) Metaspace: 46346K(49488K)->46346K(49488K) NonClass: 40008K(41684K)->40008K(41684K) Class: 6337K(7804K)->6337K(7804K)
[2025-02-18T12:02:51.743-0600][gc            ] GC(7) Pause Young (Normal) (G1 Evacuation Pause) 193M->147M(1024M) 12.870ms
[2025-02-18T12:02:51.743-0600][gc,cpu        ] GC(7) User=0.08s Sys=0.00s Real=0.01s
[2025-02-18T12:31:58.202-0600][gc,start      ] GC(8) Pause Young (Normal) (G1 Evacuation Pause)
[2025-02-18T12:31:58.204-0600][gc,task       ] GC(8) Using 8 workers of 8 for evacuation
[2025-02-18T12:31:58.355-0600][gc,mmu        ] GC(8) MMU target violated: 21.0ms (20.0ms/21.0ms)
[2025-02-18T12:31:58.355-0600][gc,phases     ] GC(8)   Pre Evacuate Collection Set: 56.2ms
[2025-02-18T12:31:58.355-0600][gc,phases     ] GC(8)   Evacuate Collection Set: 82.6ms
[2025-02-18T12:31:58.355-0600][gc,phases     ] GC(8)   Post Evacuate Collection Set: 5.4ms
[2025-02-18T12:31:58.355-0600][gc,phases     ] GC(8)   Other: 14.4ms
[2025-02-18T12:31:58.355-0600][gc,heap       ] GC(8) Eden regions: 46->0(47)
[2025-02-18T12:31:58.355-0600][gc,heap       ] GC(8) Survivor regions: 5->4(7)
[2025-02-18T12:31:58.355-0600][gc,heap       ] GC(8) Old regions: 16->18
[2025-02-18T12:31:58.355-0600][gc,heap       ] GC(8) Humongous regions: 129->129
[2025-02-18T12:31:58.355-0600][gc,metaspace  ] GC(8) Metaspace: 46785K(49744K)->46785K(49744K) NonClass: 40446K(41940K)->40446K(41940K) Class: 6338K(7804K)->6338K(7804K)
[2025-02-18T12:31:58.356-0600][gc            ] GC(8) Pause Young (Normal) (G1 Evacuation Pause) 193M->148M(1024M) 153.597ms
[2025-02-18T12:31:58.356-0600][gc,cpu        ] GC(8) User=0.72s Sys=0.00s Real=0.15s
[2025-02-18T13:05:10.478-0600][gc,start      ] GC(9) Pause Young (Normal) (G1 Evacuation Pause)
[2025-02-18T13:05:10.481-0600][gc,task       ] GC(9) Using 8 workers of 8 for evacuation
[2025-02-18T13:05:10.784-0600][gc,mmu        ] GC(9) MMU target violated: 21.0ms (20.0ms/21.0ms)
[2025-02-18T13:05:10.786-0600][gc,phases     ] GC(9)   Pre Evacuate Collection Set: 183.6ms
[2025-02-18T13:05:10.786-0600][gc,phases     ] GC(9)   Evacuate Collection Set: 99.9ms
[2025-02-18T13:05:10.786-0600][gc,phases     ] GC(9)   Post Evacuate Collection Set: 6.4ms
[2025-02-18T13:05:10.786-0600][gc,phases     ] GC(9)   Other: 25.7ms
[2025-02-18T13:05:10.786-0600][gc,heap       ] GC(9) Eden regions: 47->0(47)
[2025-02-18T13:05:10.787-0600][gc,heap       ] GC(9) Survivor regions: 4->4(7)
[2025-02-18T13:05:10.787-0600][gc,heap       ] GC(9) Old regions: 18->18
[2025-02-18T13:05:10.787-0600][gc,heap       ] GC(9) Humongous regions: 129->129
[2025-02-18T13:05:10.787-0600][gc,metaspace  ] GC(9) Metaspace: 46916K(50000K)->46916K(50000K) NonClass: 40572K(42196K)->40572K(42196K) Class: 6343K(7804K)->6343K(7804K)
[2025-02-18T13:05:10.788-0600][gc            ] GC(9) Pause Young (Normal) (G1 Evacuation Pause) 195M->148M(1024M) 310.531ms
[2025-02-18T13:05:10.788-0600][gc,cpu        ] GC(9) User=0.97s Sys=0.01s Real=0.31s
[2025-02-18T13:38:26.304-0600][gc,start      ] GC(10) Pause Young (Normal) (G1 Evacuation Pause)
[2025-02-18T13:38:26.307-0600][gc,task       ] GC(10) Using 8 workers of 8 for evacuation
[2025-02-18T13:38:26.530-0600][gc,mmu        ] GC(10) MMU target violated: 21.0ms (20.0ms/21.0ms)
[2025-02-18T13:38:26.530-0600][gc,phases     ] GC(10)   Pre Evacuate Collection Set: 76.5ms
[2025-02-18T13:38:26.531-0600][gc,phases     ] GC(10)   Evacuate Collection Set: 126.9ms
[2025-02-18T13:38:26.531-0600][gc,phases     ] GC(10)   Post Evacuate Collection Set: 7.6ms
[2025-02-18T13:38:26.531-0600][gc,phases     ] GC(10)   Other: 21.7ms
[2025-02-18T13:38:26.531-0600][gc,heap       ] GC(10) Eden regions: 47->0(47)
[2025-02-18T13:38:26.531-0600][gc,heap       ] GC(10) Survivor regions: 4->4(7)
[2025-02-18T13:38:26.531-0600][gc,heap       ] GC(10) Old regions: 18->18
[2025-02-18T13:38:26.531-0600][gc,heap       ] GC(10) Humongous regions: 129->129
[2025-02-18T13:38:26.532-0600][gc,metaspace  ] GC(10) Metaspace: 46954K(50000K)->46954K(50000K) NonClass: 40610K(42196K)->40610K(42196K) Class: 6343K(7804K)->6343K(7804K)
[2025-02-18T13:38:26.533-0600][gc            ] GC(10) Pause Young (Normal) (G1 Evacuation Pause) 195M->148M(1024M) 229.140ms
[2025-02-18T13:38:26.533-0600][gc,cpu        ] GC(10) User=1.07s Sys=0.00s Real=0.23s
[2025-02-18T14:11:14.800-0600][gc,start      ] GC(11) Pause Young (Normal) (G1 Evacuation Pause)
[2025-02-18T14:11:14.802-0600][gc,task       ] GC(11) Using 8 workers of 8 for evacuation
[2025-02-18T14:11:14.987-0600][gc,mmu        ] GC(11) MMU target violated: 21.0ms (20.0ms/21.0ms)
[2025-02-18T14:11:14.987-0600][gc,phases     ] GC(11)   Pre Evacuate Collection Set: 66.7ms
[2025-02-18T14:11:14.987-0600][gc,phases     ] GC(11)   Evacuate Collection Set: 105.8ms
[2025-02-18T14:11:14.987-0600][gc,phases     ] GC(11)   Post Evacuate Collection Set: 8.5ms
[2025-02-18T14:11:14.987-0600][gc,phases     ] GC(11)   Other: 6.8ms
[2025-02-18T14:11:14.987-0600][gc,heap       ] GC(11) Eden regions: 47->0(47)
[2025-02-18T14:11:14.987-0600][gc,heap       ] GC(11) Survivor regions: 4->4(7)
[2025-02-18T14:11:14.987-0600][gc,heap       ] GC(11) Old regions: 18->18
[2025-02-18T14:11:14.987-0600][gc,heap       ] GC(11) Humongous regions: 129->129
[2025-02-18T14:11:14.988-0600][gc,metaspace  ] GC(11) Metaspace: 46980K(50000K)->46980K(50000K) NonClass: 40637K(42196K)->40637K(42196K) Class: 6343K(7804K)->6343K(7804K)
[2025-02-18T14:11:14.988-0600][gc            ] GC(11) Pause Young (Normal) (G1 Evacuation Pause) 195M->148M(1024M) 187.112ms
[2025-02-18T14:11:14.988-0600][gc,cpu        ] GC(11) User=0.81s Sys=0.00s Real=0.19s
[2025-02-18T14:23:40.740-0600][gc,start      ] GC(12) Pause Young (Normal) (G1 Evacuation Pause)
[2025-02-18T14:23:40.745-0600][gc,task       ] GC(12) Using 8 workers of 8 for evacuation
[2025-02-18T14:23:40.988-0600][gc,mmu        ] GC(12) MMU target violated: 21.0ms (20.0ms/21.0ms)
[2025-02-18T14:23:40.989-0600][gc,phases     ] GC(12)   Pre Evacuate Collection Set: 153.4ms
[2025-02-18T14:23:40.989-0600][gc,phases     ] GC(12)   Evacuate Collection Set: 78.8ms
[2025-02-18T14:23:40.989-0600][gc,phases     ] GC(12)   Post Evacuate Collection Set: 5.1ms
[2025-02-18T14:23:40.989-0600][gc,phases     ] GC(12)   Other: 14.6ms
[2025-02-18T14:23:40.989-0600][gc,heap       ] GC(12) Eden regions: 47->0(45)
[2025-02-18T14:23:40.989-0600][gc,heap       ] GC(12) Survivor regions: 4->6(7)
[2025-02-18T14:23:40.989-0600][gc,heap       ] GC(12) Old regions: 18->18
[2025-02-18T14:23:40.989-0600][gc,heap       ] GC(12) Humongous regions: 129->129
[2025-02-18T14:23:40.989-0600][gc,metaspace  ] GC(12) Metaspace: 47367K(50512K)->47367K(50512K) NonClass: 41013K(42708K)->41013K(42708K) Class: 6353K(7804K)->6353K(7804K)
[2025-02-18T14:23:40.990-0600][gc            ] GC(12) Pause Young (Normal) (G1 Evacuation Pause) 195M->150M(1024M) 249.023ms
[2025-02-18T14:23:40.990-0600][gc,cpu        ] GC(12) User=0.69s Sys=0.04s Real=0.25s
[2025-02-18T14:32:10.470-0600][gc,heap,exit  ] Heap
[2025-02-18T14:32:10.471-0600][gc,heap,exit  ]  garbage-first heap   total 1048576K, used 181689K [0x00000000c0000000, 0x0000000100000000)
[2025-02-18T14:32:10.471-0600][gc,heap,exit  ]   region size 1024K, 35 young (35840K), 6 survivors (6144K)
[2025-02-18T14:32:10.471-0600][gc,heap,exit  ]  Metaspace       used 48517K, capacity 51653K, committed 51920K, reserved 1093632K
[2025-02-18T14:32:10.471-0600][gc,heap,exit  ]   class space    used 6614K, capacity 8127K, committed 8188K, reserved 1048576K
