[2025-02-19T13:55:53.662-0600][gc,heap] Heap region size: 1M
[2025-02-19T13:55:53.676-0600][gc     ] Using G1
[2025-02-19T13:55:53.676-0600][gc,heap,coops] Heap address: 0x00000000c0000000, size: 1024 MB, Compressed Oops mode: 32-bit
[2025-02-19T13:55:53.677-0600][gc,cds       ] Mark closed archive regions in map: [0x00000000fff00000, 0x00000000fff6bff8]
[2025-02-19T13:55:53.677-0600][gc,cds       ] Mark open archive regions in map: [0x00000000ffe00000, 0x00000000ffe47ff8]
[2025-02-19T13:55:55.904-0600][gc,start     ] GC(0) Pause Young (Normal) (G1 Evacuation Pause)
[2025-02-19T13:55:55.907-0600][gc,task      ] GC(0) Using 8 workers of 8 for evacuation
[2025-02-19T13:55:55.921-0600][gc,phases    ] GC(0)   Pre Evacuate Collection Set: 0.1ms
[2025-02-19T13:55:55.922-0600][gc,phases    ] GC(0)   Evacuate Collection Set: 11.8ms
[2025-02-19T13:55:55.922-0600][gc,phases    ] GC(0)   Post Evacuate Collection Set: 1.6ms
[2025-02-19T13:55:55.922-0600][gc,phases    ] GC(0)   Other: 3.7ms
[2025-02-19T13:55:55.922-0600][gc,heap      ] GC(0) Eden regions: 51->0(44)
[2025-02-19T13:55:55.922-0600][gc,heap      ] GC(0) Survivor regions: 0->7(7)
[2025-02-19T13:55:55.922-0600][gc,heap      ] GC(0) Old regions: 2->3
[2025-02-19T13:55:55.922-0600][gc,heap      ] GC(0) Humongous regions: 0->0
[2025-02-19T13:55:55.922-0600][gc,metaspace ] GC(0) Metaspace: 13261K(13824K)->13261K(13824K) NonClass: 11454K(11776K)->11454K(11776K) Class: 1807K(2048K)->1807K(2048K)
[2025-02-19T13:55:55.922-0600][gc           ] GC(0) Pause Young (Normal) (G1 Evacuation Pause) 51M->8M(1024M) 17.624ms
[2025-02-19T13:55:55.922-0600][gc,cpu       ] GC(0) User=0.02s Sys=0.07s Real=0.02s
[2025-02-19T13:55:57.065-0600][gc,start     ] GC(1) Pause Young (Concurrent Start) (Metadata GC Threshold)
[2025-02-19T13:55:57.066-0600][gc,task      ] GC(1) Using 8 workers of 8 for evacuation
[2025-02-19T13:55:57.091-0600][gc,mmu       ] GC(1) MMU target violated: 21.0ms (20.0ms/21.0ms)
[2025-02-19T13:55:57.091-0600][gc,phases    ] GC(1)   Pre Evacuate Collection Set: 0.1ms
[2025-02-19T13:55:57.092-0600][gc,phases    ] GC(1)   Evacuate Collection Set: 23.7ms
[2025-02-19T13:55:57.092-0600][gc,phases    ] GC(1)   Post Evacuate Collection Set: 1.0ms
[2025-02-19T13:55:57.092-0600][gc,phases    ] GC(1)   Other: 1.3ms
[2025-02-19T13:55:57.092-0600][gc,heap      ] GC(1) Eden regions: 34->0(49)
[2025-02-19T13:55:57.092-0600][gc,heap      ] GC(1) Survivor regions: 7->2(7)
[2025-02-19T13:55:57.092-0600][gc,heap      ] GC(1) Old regions: 3->10
[2025-02-19T13:55:57.092-0600][gc,heap      ] GC(1) Humongous regions: 0->0
[2025-02-19T13:55:57.092-0600][gc,metaspace ] GC(1) Metaspace: 20601K(21248K)->20601K(21248K) NonClass: 17843K(18176K)->17843K(18176K) Class: 2758K(3072K)->2758K(3072K)
[2025-02-19T13:55:57.092-0600][gc           ] GC(1) Pause Young (Concurrent Start) (Metadata GC Threshold) 42M->9M(1024M) 26.206ms
[2025-02-19T13:55:57.092-0600][gc,cpu       ] GC(1) User=0.05s Sys=0.03s Real=0.03s
[2025-02-19T13:55:57.092-0600][gc           ] GC(2) Concurrent Cycle
[2025-02-19T13:55:57.092-0600][gc,marking   ] GC(2) Concurrent Clear Claimed Marks
[2025-02-19T13:55:57.093-0600][gc,marking   ] GC(2) Concurrent Clear Claimed Marks 0.734ms
[2025-02-19T13:55:57.093-0600][gc,marking   ] GC(2) Concurrent Scan Root Regions
[2025-02-19T13:55:57.095-0600][gc,marking   ] GC(2) Concurrent Scan Root Regions 2.736ms
[2025-02-19T13:55:57.095-0600][gc,marking   ] GC(2) Concurrent Mark (3.439s)
[2025-02-19T13:55:57.095-0600][gc,marking   ] GC(2) Concurrent Mark From Roots
[2025-02-19T13:55:57.096-0600][gc,task      ] GC(2) Using 2 workers of 2 for marking
[2025-02-19T13:55:57.105-0600][gc,marking   ] GC(2) Concurrent Mark From Roots 10.026ms
[2025-02-19T13:55:57.106-0600][gc,marking   ] GC(2) Concurrent Preclean
[2025-02-19T13:55:57.106-0600][gc,marking   ] GC(2) Concurrent Preclean 0.325ms
[2025-02-19T13:55:57.106-0600][gc,marking   ] GC(2) Concurrent Mark (3.439s, 3.449s) 10.561ms
[2025-02-19T13:55:57.106-0600][gc,start     ] GC(2) Pause Remark
[2025-02-19T13:55:57.112-0600][gc,stringtable] GC(2) Cleaned string and symbol table, strings: 5805 processed, 0 removed, symbols: 54814 processed, 59 removed
[2025-02-19T13:55:57.113-0600][gc            ] GC(2) Pause Remark 10M->10M(1024M) 6.505ms
[2025-02-19T13:55:57.113-0600][gc,cpu        ] GC(2) User=0.03s Sys=0.00s Real=0.01s
[2025-02-19T13:55:57.113-0600][gc,marking    ] GC(2) Concurrent Rebuild Remembered Sets
[2025-02-19T13:55:57.117-0600][gc,marking    ] GC(2) Concurrent Rebuild Remembered Sets 4.197ms
[2025-02-19T13:55:57.118-0600][gc,start      ] GC(2) Pause Cleanup
[2025-02-19T13:55:57.119-0600][gc            ] GC(2) Pause Cleanup 10M->10M(1024M) 1.025ms
[2025-02-19T13:55:57.120-0600][gc,cpu        ] GC(2) User=0.00s Sys=0.00s Real=0.00s
[2025-02-19T13:55:57.120-0600][gc,marking    ] GC(2) Concurrent Cleanup for Next Mark
[2025-02-19T13:55:57.137-0600][gc,marking    ] GC(2) Concurrent Cleanup for Next Mark 17.084ms
[2025-02-19T13:55:57.137-0600][gc            ] GC(2) Concurrent Cycle 45.349ms
[2025-02-19T13:56:05.749-0600][gc,start      ] GC(3) Pause Young (Normal) (G1 Evacuation Pause)
[2025-02-19T13:56:05.751-0600][gc,task       ] GC(3) Using 8 workers of 8 for evacuation
[2025-02-19T13:56:05.777-0600][gc,mmu        ] GC(3) MMU target violated: 21.0ms (20.0ms/21.0ms)
[2025-02-19T13:56:05.778-0600][gc,phases     ] GC(3)   Pre Evacuate Collection Set: 0.3ms
[2025-02-19T13:56:05.779-0600][gc,phases     ] GC(3)   Evacuate Collection Set: 20.2ms
[2025-02-19T13:56:05.779-0600][gc,phases     ] GC(3)   Post Evacuate Collection Set: 2.9ms
[2025-02-19T13:56:05.779-0600][gc,phases     ] GC(3)   Other: 6.2ms
[2025-02-19T13:56:05.779-0600][gc,heap       ] GC(3) Eden regions: 49->0(47)
[2025-02-19T13:56:05.779-0600][gc,heap       ] GC(3) Survivor regions: 2->4(7)
[2025-02-19T13:56:05.780-0600][gc,heap       ] GC(3) Old regions: 10->10
[2025-02-19T13:56:05.780-0600][gc,heap       ] GC(3) Humongous regions: 129->129
[2025-02-19T13:56:05.780-0600][gc,metaspace  ] GC(3) Metaspace: 27890K(28928K)->27890K(28928K) NonClass: 24308K(24832K)->24308K(24832K) Class: 3582K(4096K)->3582K(4096K)
[2025-02-19T13:56:05.780-0600][gc            ] GC(3) Pause Young (Normal) (G1 Evacuation Pause) 187M->140M(1024M) 30.816ms
[2025-02-19T13:56:05.781-0600][gc,cpu        ] GC(3) User=0.09s Sys=0.01s Real=0.03s
[2025-02-19T13:56:07.119-0600][gc,start      ] GC(4) Pause Young (Concurrent Start) (Metadata GC Threshold)
[2025-02-19T13:56:07.119-0600][gc,task       ] GC(4) Using 8 workers of 8 for evacuation
[2025-02-19T13:56:07.133-0600][gc,phases     ] GC(4)   Pre Evacuate Collection Set: 0.2ms
[2025-02-19T13:56:07.133-0600][gc,phases     ] GC(4)   Evacuate Collection Set: 12.3ms
[2025-02-19T13:56:07.133-0600][gc,phases     ] GC(4)   Post Evacuate Collection Set: 1.2ms
[2025-02-19T13:56:07.133-0600][gc,phases     ] GC(4)   Other: 0.7ms
[2025-02-19T13:56:07.133-0600][gc,heap       ] GC(4) Eden regions: 44->0(44)
[2025-02-19T13:56:07.133-0600][gc,heap       ] GC(4) Survivor regions: 4->7(7)
[2025-02-19T13:56:07.133-0600][gc,heap       ] GC(4) Old regions: 10->10
[2025-02-19T13:56:07.133-0600][gc,heap       ] GC(4) Humongous regions: 129->129
[2025-02-19T13:56:07.133-0600][gc,metaspace  ] GC(4) Metaspace: 34399K(35840K)->34399K(35840K) NonClass: 30138K(30976K)->30138K(30976K) Class: 4261K(4864K)->4261K(4864K)
[2025-02-19T13:56:07.134-0600][gc            ] GC(4) Pause Young (Concurrent Start) (Metadata GC Threshold) 184M->143M(1024M) 14.547ms
[2025-02-19T13:56:07.134-0600][gc,cpu        ] GC(4) User=0.09s Sys=0.00s Real=0.02s
[2025-02-19T13:56:07.134-0600][gc            ] GC(5) Concurrent Cycle
[2025-02-19T13:56:07.134-0600][gc,marking    ] GC(5) Concurrent Clear Claimed Marks
[2025-02-19T13:56:07.134-0600][gc,marking    ] GC(5) Concurrent Clear Claimed Marks 0.343ms
[2025-02-19T13:56:07.134-0600][gc,marking    ] GC(5) Concurrent Scan Root Regions
[2025-02-19T13:56:07.139-0600][gc,marking    ] GC(5) Concurrent Scan Root Regions 4.502ms
[2025-02-19T13:56:07.139-0600][gc,marking    ] GC(5) Concurrent Mark (13.482s)
[2025-02-19T13:56:07.139-0600][gc,marking    ] GC(5) Concurrent Mark From Roots
[2025-02-19T13:56:07.139-0600][gc,task       ] GC(5) Using 2 workers of 2 for marking
[2025-02-19T13:56:07.148-0600][gc,marking    ] GC(5) Concurrent Mark From Roots 9.376ms
[2025-02-19T13:56:07.148-0600][gc,marking    ] GC(5) Concurrent Preclean
[2025-02-19T13:56:07.149-0600][gc,marking    ] GC(5) Concurrent Preclean 0.323ms
[2025-02-19T13:56:07.149-0600][gc,marking    ] GC(5) Concurrent Mark (13.482s, 13.492s) 9.975ms
[2025-02-19T13:56:07.149-0600][gc,start      ] GC(5) Pause Remark
[2025-02-19T13:56:07.156-0600][gc,stringtable] GC(5) Cleaned string and symbol table, strings: 10189 processed, 13 removed, symbols: 82081 processed, 16 removed
[2025-02-19T13:56:07.156-0600][gc            ] GC(5) Pause Remark 144M->144M(1024M) 7.037ms
[2025-02-19T13:56:07.157-0600][gc,cpu        ] GC(5) User=0.02s Sys=0.01s Real=0.01s
[2025-02-19T13:56:07.157-0600][gc,marking    ] GC(5) Concurrent Rebuild Remembered Sets
[2025-02-19T13:56:07.161-0600][gc,marking    ] GC(5) Concurrent Rebuild Remembered Sets 4.339ms
[2025-02-19T13:56:07.162-0600][gc,start      ] GC(5) Pause Cleanup
[2025-02-19T13:56:07.163-0600][gc            ] GC(5) Pause Cleanup 144M->144M(1024M) 0.590ms
[2025-02-19T13:56:07.163-0600][gc,cpu        ] GC(5) User=0.01s Sys=0.00s Real=0.00s
[2025-02-19T13:56:07.163-0600][gc,marking    ] GC(5) Concurrent Cleanup for Next Mark
[2025-02-19T13:56:07.267-0600][gc,marking    ] GC(5) Concurrent Cleanup for Next Mark 103.695ms
[2025-02-19T13:56:07.267-0600][gc            ] GC(5) Concurrent Cycle 133.294ms
[2025-02-19T13:56:09.912-0600][gc,start      ] GC(6) Pause Young (Normal) (G1 Evacuation Pause)
[2025-02-19T13:56:09.913-0600][gc,task       ] GC(6) Using 8 workers of 8 for evacuation
[2025-02-19T13:56:09.959-0600][gc,mmu        ] GC(6) MMU target violated: 21.0ms (20.0ms/21.0ms)
[2025-02-19T13:56:09.959-0600][gc,phases     ] GC(6)   Pre Evacuate Collection Set: 0.2ms
[2025-02-19T13:56:09.959-0600][gc,phases     ] GC(6)   Evacuate Collection Set: 44.3ms
[2025-02-19T13:56:09.959-0600][gc,phases     ] GC(6)   Post Evacuate Collection Set: 1.5ms
[2025-02-19T13:56:09.959-0600][gc,phases     ] GC(6)   Other: 0.5ms
[2025-02-19T13:56:09.959-0600][gc,heap       ] GC(6) Eden regions: 44->0(48)
[2025-02-19T13:56:09.959-0600][gc,heap       ] GC(6) Survivor regions: 7->3(7)
[2025-02-19T13:56:09.959-0600][gc,heap       ] GC(6) Old regions: 10->16
[2025-02-19T13:56:09.959-0600][gc,heap       ] GC(6) Humongous regions: 129->129
[2025-02-19T13:56:09.959-0600][gc,metaspace  ] GC(6) Metaspace: 41516K(43648K)->41516K(43648K) NonClass: 36175K(37376K)->36175K(37376K) Class: 5340K(6272K)->5340K(6272K)
[2025-02-19T13:56:09.959-0600][gc            ] GC(6) Pause Young (Normal) (G1 Evacuation Pause) 187M->146M(1024M) 46.596ms
[2025-02-19T13:56:09.959-0600][gc,cpu        ] GC(6) User=0.22s Sys=0.07s Real=0.04s
[2025-02-19T14:05:54.980-0600][gc,start      ] GC(7) Pause Young (Normal) (G1 Evacuation Pause)
[2025-02-19T14:05:54.980-0600][gc,task       ] GC(7) Using 8 workers of 8 for evacuation
[2025-02-19T14:05:55.122-0600][gc,mmu        ] GC(7) MMU target violated: 21.0ms (20.0ms/21.0ms)
[2025-02-19T14:05:55.122-0600][gc,phases     ] GC(7)   Pre Evacuate Collection Set: 44.2ms
[2025-02-19T14:05:55.122-0600][gc,phases     ] GC(7)   Evacuate Collection Set: 85.6ms
[2025-02-19T14:05:55.122-0600][gc,phases     ] GC(7)   Post Evacuate Collection Set: 9.2ms
[2025-02-19T14:05:55.122-0600][gc,phases     ] GC(7)   Other: 4.3ms
[2025-02-19T14:05:55.122-0600][gc,heap       ] GC(7) Eden regions: 48->0(46)
[2025-02-19T14:05:55.122-0600][gc,heap       ] GC(7) Survivor regions: 3->5(7)
[2025-02-19T14:05:55.122-0600][gc,heap       ] GC(7) Old regions: 16->16
[2025-02-19T14:05:55.122-0600][gc,heap       ] GC(7) Humongous regions: 189->129
[2025-02-19T14:05:55.123-0600][gc,metaspace  ] GC(7) Metaspace: 46350K(49280K)->46350K(49280K) NonClass: 40200K(41728K)->40200K(41728K) Class: 6150K(7552K)->6150K(7552K)
[2025-02-19T14:05:55.123-0600][gc            ] GC(7) Pause Young (Normal) (G1 Evacuation Pause) 254M->147M(1024M) 143.009ms
[2025-02-19T14:05:55.123-0600][gc,cpu        ] GC(7) User=0.68s Sys=0.00s Real=0.15s
[2025-02-19T14:16:54.662-0600][gc,start      ] GC(8) Pause Young (Normal) (G1 Evacuation Pause)
[2025-02-19T14:16:54.663-0600][gc,task       ] GC(8) Using 8 workers of 8 for evacuation
[2025-02-19T14:16:54.786-0600][gc,mmu        ] GC(8) MMU target violated: 21.0ms (20.0ms/21.0ms)
[2025-02-19T14:16:54.787-0600][gc,phases     ] GC(8)   Pre Evacuate Collection Set: 49.0ms
[2025-02-19T14:16:54.787-0600][gc,phases     ] GC(8)   Evacuate Collection Set: 69.2ms
[2025-02-19T14:16:54.787-0600][gc,phases     ] GC(8)   Post Evacuate Collection Set: 3.7ms
[2025-02-19T14:16:54.787-0600][gc,phases     ] GC(8)   Other: 3.5ms
[2025-02-19T14:16:54.787-0600][gc,heap       ] GC(8) Eden regions: 46->0(47)
[2025-02-19T14:16:54.787-0600][gc,heap       ] GC(8) Survivor regions: 5->4(7)
[2025-02-19T14:16:54.787-0600][gc,heap       ] GC(8) Old regions: 16->18
[2025-02-19T14:16:54.787-0600][gc,heap       ] GC(8) Humongous regions: 129->129
[2025-02-19T14:16:54.787-0600][gc,metaspace  ] GC(8) Metaspace: 46749K(49792K)->46749K(49792K) NonClass: 40547K(42240K)->40547K(42240K) Class: 6201K(7552K)->6201K(7552K)
[2025-02-19T14:16:54.787-0600][gc            ] GC(8) Pause Young (Normal) (G1 Evacuation Pause) 193M->149M(1024M) 125.665ms
[2025-02-19T14:16:54.787-0600][gc,cpu        ] GC(8) User=0.59s Sys=0.00s Real=0.12s
[2025-02-19T14:28:54.913-0600][gc,start      ] GC(9) Pause Young (Normal) (G1 Evacuation Pause)
[2025-02-19T14:28:54.914-0600][gc,task       ] GC(9) Using 8 workers of 8 for evacuation
[2025-02-19T14:28:55.059-0600][gc,mmu        ] GC(9) MMU target violated: 21.0ms (20.0ms/21.0ms)
[2025-02-19T14:28:55.059-0600][gc,phases     ] GC(9)   Pre Evacuate Collection Set: 40.5ms
[2025-02-19T14:28:55.059-0600][gc,phases     ] GC(9)   Evacuate Collection Set: 97.6ms
[2025-02-19T14:28:55.059-0600][gc,phases     ] GC(9)   Post Evacuate Collection Set: 4.9ms
[2025-02-19T14:28:55.059-0600][gc,phases     ] GC(9)   Other: 3.7ms
[2025-02-19T14:28:55.059-0600][gc,heap       ] GC(9) Eden regions: 47->0(46)
[2025-02-19T14:28:55.059-0600][gc,heap       ] GC(9) Survivor regions: 4->5(7)
[2025-02-19T14:28:55.059-0600][gc,heap       ] GC(9) Old regions: 18->18
[2025-02-19T14:28:55.059-0600][gc,heap       ] GC(9) Humongous regions: 129->129
[2025-02-19T14:28:55.059-0600][gc,metaspace  ] GC(9) Metaspace: 46988K(50048K)->46988K(50048K) NonClass: 40785K(42496K)->40785K(42496K) Class: 6202K(7552K)->6202K(7552K)
[2025-02-19T14:28:55.060-0600][gc            ] GC(9) Pause Young (Normal) (G1 Evacuation Pause) 196M->149M(1024M) 147.170ms
[2025-02-19T14:28:55.060-0600][gc,cpu        ] GC(9) User=0.83s Sys=0.00s Real=0.14s
[2025-02-19T14:43:32.452-0600][gc,start      ] GC(10) Pause Young (Normal) (G1 Evacuation Pause)
[2025-02-19T14:43:32.453-0600][gc,task       ] GC(10) Using 8 workers of 8 for evacuation
[2025-02-19T14:43:32.623-0600][gc,mmu        ] GC(10) MMU target violated: 21.0ms (20.0ms/21.0ms)
[2025-02-19T14:43:32.624-0600][gc,phases     ] GC(10)   Pre Evacuate Collection Set: 38.5ms
[2025-02-19T14:43:32.624-0600][gc,phases     ] GC(10)   Evacuate Collection Set: 124.7ms
[2025-02-19T14:43:32.624-0600][gc,phases     ] GC(10)   Post Evacuate Collection Set: 4.7ms
[2025-02-19T14:43:32.624-0600][gc,phases     ] GC(10)   Other: 4.1ms
[2025-02-19T14:43:32.624-0600][gc,heap       ] GC(10) Eden regions: 46->0(48)
[2025-02-19T14:43:32.624-0600][gc,heap       ] GC(10) Survivor regions: 5->3(7)
[2025-02-19T14:43:32.624-0600][gc,heap       ] GC(10) Old regions: 18->20
[2025-02-19T14:43:32.624-0600][gc,heap       ] GC(10) Humongous regions: 129->129
[2025-02-19T14:43:32.624-0600][gc,metaspace  ] GC(10) Metaspace: 47083K(50048K)->47083K(50048K) NonClass: 40880K(42496K)->40880K(42496K) Class: 6203K(7552K)->6203K(7552K)
[2025-02-19T14:43:32.625-0600][gc            ] GC(10) Pause Young (Normal) (G1 Evacuation Pause) 195M->149M(1024M) 172.759ms
[2025-02-19T14:43:32.625-0600][gc,cpu        ] GC(10) User=1.04s Sys=0.00s Real=0.17s
[2025-02-19T14:44:36.953-0600][gc,heap,exit  ] Heap
[2025-02-19T14:44:36.953-0600][gc,heap,exit  ]  garbage-first heap   total 1048576K, used 165516K [0x00000000c0000000, 0x0000000100000000)
[2025-02-19T14:44:36.954-0600][gc,heap,exit  ]   region size 1024K, 17 young (17408K), 3 survivors (3072K)
[2025-02-19T14:44:36.954-0600][gc,heap,exit  ]  Metaspace       used 48102K, capacity 51031K, committed 51200K, reserved 1093632K
[2025-02-19T14:44:36.954-0600][gc,heap,exit  ]   class space    used 6431K, capacity 7859K, committed 7936K, reserved 1048576K
