[2025-02-19T13:55:08.199-0600][gc,heap] Heap region size: 1M
[2025-02-19T13:55:08.256-0600][gc     ] Using G1
[2025-02-19T13:55:08.256-0600][gc,heap,coops] Heap address: 0x00000000e0000000, size: 512 MB, Compressed Oops mode: 32-bit
[2025-02-19T13:55:08.257-0600][gc,cds       ] Mark closed archive regions in map: [0x00000000fff00000, 0x00000000fff6bff8]
[2025-02-19T13:55:08.257-0600][gc,cds       ] Mark open archive regions in map: [0x00000000ffe00000, 0x00000000ffe47ff8]
[2025-02-19T13:55:10.697-0600][gc,start     ] GC(0) Pause Young (Normal) (G1 Evacuation Pause)
[2025-02-19T13:55:10.699-0600][gc,task      ] GC(0) Using 8 workers of 8 for evacuation
[2025-02-19T13:55:10.718-0600][gc,phases    ] GC(0)   Pre Evacuate Collection Set: 0.0ms
[2025-02-19T13:55:10.718-0600][gc,phases    ] GC(0)   Evacuate Collection Set: 15.6ms
[2025-02-19T13:55:10.718-0600][gc,phases    ] GC(0)   Post Evacuate Collection Set: 2.0ms
[2025-02-19T13:55:10.718-0600][gc,phases    ] GC(0)   Other: 3.2ms
[2025-02-19T13:55:10.718-0600][gc,heap      ] GC(0) Eden regions: 25->0(21)
[2025-02-19T13:55:10.718-0600][gc,heap      ] GC(0) Survivor regions: 0->4(4)
[2025-02-19T13:55:10.718-0600][gc,heap      ] GC(0) Old regions: 2->7
[2025-02-19T13:55:10.718-0600][gc,heap      ] GC(0) Humongous regions: 0->0
[2025-02-19T13:55:10.718-0600][gc,metaspace ] GC(0) Metaspace: 6976K(7680K)->6976K(7680K) NonClass: 6193K(6656K)->6193K(6656K) Class: 783K(1024K)->783K(1024K)
[2025-02-19T13:55:10.718-0600][gc           ] GC(0) Pause Young (Normal) (G1 Evacuation Pause) 25M->8M(512M) 21.401ms
[2025-02-19T13:55:10.719-0600][gc,cpu       ] GC(0) User=0.08s Sys=0.05s Real=0.02s
[2025-02-19T14:44:41.788-0600][gc,heap,exit ] Heap
[2025-02-19T14:44:41.790-0600][gc,heap,exit ]  garbage-first heap   total 524288K, used 26529K [0x00000000e0000000, 0x0000000100000000)
[2025-02-19T14:44:41.790-0600][gc,heap,exit ]   region size 1024K, 22 young (22528K), 4 survivors (4096K)
[2025-02-19T14:44:41.803-0600][gc,heap,exit ]  Metaspace       used 9420K, capacity 9789K, committed 9984K, reserved 1058816K
[2025-02-19T14:44:41.803-0600][gc,heap,exit ]   class space    used 1005K, capacity 1165K, committed 1280K, reserved 1048576K
