[2025-02-19T12:44:28.104-0600][gc,heap] Heap region size: 1M
[2025-02-19T12:44:28.113-0600][gc     ] Using G1
[2025-02-19T12:44:28.113-0600][gc,heap,coops] Heap address: 0x00000000e0000000, size: 512 MB, Compressed Oops mode: 32-bit
[2025-02-19T12:44:28.114-0600][gc,cds       ] Mark closed archive regions in map: [0x00000000fff00000, 0x00000000fff6bff8]
[2025-02-19T12:44:28.114-0600][gc,cds       ] Mark open archive regions in map: [0x00000000ffe00000, 0x00000000ffe47ff8]
[2025-02-19T12:44:29.228-0600][gc,start     ] GC(0) Pause Young (Normal) (G1 Evacuation Pause)
[2025-02-19T12:44:29.231-0600][gc,task      ] GC(0) Using 8 workers of 8 for evacuation
[2025-02-19T12:44:29.252-0600][gc,mmu       ] GC(0) MMU target violated: 20.9ms (20.0ms/21.0ms)
[2025-02-19T12:44:29.252-0600][gc,phases    ] GC(0)   Pre Evacuate Collection Set: 0.1ms
[2025-02-19T12:44:29.252-0600][gc,phases    ] GC(0)   Evacuate Collection Set: 19.9ms
[2025-02-19T12:44:29.252-0600][gc,phases    ] GC(0)   Post Evacuate Collection Set: 0.9ms
[2025-02-19T12:44:29.252-0600][gc,phases    ] GC(0)   Other: 3.3ms
[2025-02-19T12:44:29.252-0600][gc,heap      ] GC(0) Eden regions: 25->0(21)
[2025-02-19T12:44:29.252-0600][gc,heap      ] GC(0) Survivor regions: 0->4(4)
[2025-02-19T12:44:29.252-0600][gc,heap      ] GC(0) Old regions: 2->6
[2025-02-19T12:44:29.252-0600][gc,heap      ] GC(0) Humongous regions: 0->0
[2025-02-19T12:44:29.252-0600][gc,metaspace ] GC(0) Metaspace: 6943K(7424K)->6943K(7424K) NonClass: 6162K(6400K)->6162K(6400K) Class: 780K(1024K)->780K(1024K)
[2025-02-19T12:44:29.252-0600][gc           ] GC(0) Pause Young (Normal) (G1 Evacuation Pause) 25M->8M(512M) 24.271ms
[2025-02-19T12:44:29.252-0600][gc,cpu       ] GC(0) User=0.13s Sys=0.05s Real=0.03s
[2025-02-19T12:44:29.301-0600][gc,heap,exit ] Heap
[2025-02-19T12:44:29.302-0600][gc,heap,exit ]  garbage-first heap   total 524288K, used 9562K [0x00000000e0000000, 0x0000000100000000)
[2025-02-19T12:44:29.302-0600][gc,heap,exit ]   region size 1024K, 6 young (6144K), 4 survivors (4096K)
[2025-02-19T12:44:29.302-0600][gc,heap,exit ]  Metaspace       used 7400K, capacity 7700K, committed 7936K, reserved 1056768K
[2025-02-19T12:44:29.302-0600][gc,heap,exit ]   class space    used 833K, capacity 960K, committed 1024K, reserved 1048576K
