[2025-02-19T21:19:49.339-0600][gc,heap] Heap region size: 1M
[2025-02-19T21:19:49.349-0600][gc     ] Using G1
[2025-02-19T21:19:49.349-0600][gc,heap,coops] Heap address: 0x00000000e0000000, size: 512 MB, Compressed Oops mode: 32-bit
[2025-02-19T21:19:49.349-0600][gc,cds       ] Mark closed archive regions in map: [0x00000000fff00000, 0x00000000fff6bff8]
[2025-02-19T21:19:49.349-0600][gc,cds       ] Mark open archive regions in map: [0x00000000ffe00000, 0x00000000ffe47ff8]
[2025-02-19T21:19:50.718-0600][gc,start     ] GC(0) Pause Young (Normal) (G1 Evacuation Pause)
[2025-02-19T21:19:50.723-0600][gc,task      ] GC(0) Using 8 workers of 8 for evacuation
[2025-02-19T21:19:50.746-0600][gc,mmu       ] GC(0) MMU target violated: 21.0ms (20.0ms/21.0ms)
[2025-02-19T21:19:50.746-0600][gc,phases    ] GC(0)   Pre Evacuate Collection Set: 0.0ms
[2025-02-19T21:19:50.747-0600][gc,phases    ] GC(0)   Evacuate Collection Set: 22.0ms
[2025-02-19T21:19:50.747-0600][gc,phases    ] GC(0)   Post Evacuate Collection Set: 1.3ms
[2025-02-19T21:19:50.747-0600][gc,phases    ] GC(0)   Other: 5.5ms
[2025-02-19T21:19:50.747-0600][gc,heap      ] GC(0) Eden regions: 25->0(21)
[2025-02-19T21:19:50.747-0600][gc,heap      ] GC(0) Survivor regions: 0->4(4)
[2025-02-19T21:19:50.747-0600][gc,heap      ] GC(0) Old regions: 2->6
[2025-02-19T21:19:50.747-0600][gc,heap      ] GC(0) Humongous regions: 0->0
[2025-02-19T21:19:50.747-0600][gc,metaspace ] GC(0) Metaspace: 6964K(7680K)->6964K(7680K) NonClass: 6183K(6656K)->6183K(6656K) Class: 781K(1024K)->781K(1024K)
[2025-02-19T21:19:50.747-0600][gc           ] GC(0) Pause Young (Normal) (G1 Evacuation Pause) 25M->8M(512M) 28.996ms
[2025-02-19T21:19:50.747-0600][gc,cpu       ] GC(0) User=0.05s Sys=0.09s Real=0.03s
