[2025-02-19T00:08:05.826-0600][gc,heap] Heap region size: 1M
[2025-02-19T00:08:05.834-0600][gc     ] Using G1
[2025-02-19T00:08:05.835-0600][gc,heap,coops] Heap address: 0x00000000e0000000, size: 512 MB, Compressed Oops mode: 32-bit
[2025-02-19T00:08:05.835-0600][gc,cds       ] Mark closed archive regions in map: [0x00000000fff00000, 0x00000000fff6bff8]
[2025-02-19T00:08:05.835-0600][gc,cds       ] Mark open archive regions in map: [0x00000000ffe00000, 0x00000000ffe47ff8]
[2025-02-19T00:08:07.428-0600][gc,start     ] GC(0) Pause Young (Normal) (G1 Evacuation Pause)
[2025-02-19T00:08:07.429-0600][gc,task      ] GC(0) Using 8 workers of 8 for evacuation
[2025-02-19T00:08:07.455-0600][gc,mmu       ] GC(0) MMU target violated: 21.0ms (20.0ms/21.0ms)
[2025-02-19T00:08:07.456-0600][gc,phases    ] GC(0)   Pre Evacuate Collection Set: 0.7ms
[2025-02-19T00:08:07.456-0600][gc,phases    ] GC(0)   Evacuate Collection Set: 20.6ms
[2025-02-19T00:08:07.456-0600][gc,phases    ] GC(0)   Post Evacuate Collection Set: 2.3ms
[2025-02-19T00:08:07.456-0600][gc,phases    ] GC(0)   Other: 4.9ms
[2025-02-19T00:08:07.456-0600][gc,heap      ] GC(0) Eden regions: 25->0(21)
[2025-02-19T00:08:07.456-0600][gc,heap      ] GC(0) Survivor regions: 0->4(4)
[2025-02-19T00:08:07.456-0600][gc,heap      ] GC(0) Old regions: 2->6
[2025-02-19T00:08:07.456-0600][gc,heap      ] GC(0) Humongous regions: 0->0
[2025-02-19T00:08:07.456-0600][gc,metaspace ] GC(0) Metaspace: 6952K(7680K)->6952K(7680K) NonClass: 6170K(6656K)->6170K(6656K) Class: 781K(1024K)->781K(1024K)
[2025-02-19T00:08:07.456-0600][gc           ] GC(0) Pause Young (Normal) (G1 Evacuation Pause) 25M->8M(512M) 28.646ms
[2025-02-19T00:08:07.456-0600][gc,cpu       ] GC(0) User=0.11s Sys=0.07s Real=0.03s
[2025-02-19T00:24:06.083-0600][gc,heap,exit ] Heap
[2025-02-19T00:24:06.085-0600][gc,heap,exit ]  garbage-first heap   total 524288K, used 17669K [0x00000000e0000000, 0x0000000100000000)
[2025-02-19T00:24:06.085-0600][gc,heap,exit ]   region size 1024K, 14 young (14336K), 4 survivors (4096K)
[2025-02-19T00:24:06.085-0600][gc,heap,exit ]  Metaspace       used 8610K, capacity 9053K, committed 9344K, reserved 1056768K
[2025-02-19T00:24:06.085-0600][gc,heap,exit ]   class space    used 956K, capacity 1133K, committed 1152K, reserved 1048576K
