[2025-02-19T21:21:00.860-0600][gc,heap] Heap region size: 1M
[2025-02-19T21:21:00.877-0600][gc     ] Using G1
[2025-02-19T21:21:00.877-0600][gc,heap,coops] Heap address: 0x00000000c0000000, size: 1024 MB, Compressed Oops mode: 32-bit
[2025-02-19T21:21:00.877-0600][gc,cds       ] Mark closed archive regions in map: [0x00000000fff00000, 0x00000000fff6bff8]
[2025-02-19T21:21:00.877-0600][gc,cds       ] Mark open archive regions in map: [0x00000000ffe00000, 0x00000000ffe47ff8]
[2025-02-19T21:21:02.873-0600][gc,start     ] GC(0) Pause Young (Normal) (G1 Evacuation Pause)
[2025-02-19T21:21:02.874-0600][gc,task      ] GC(0) Using 8 workers of 8 for evacuation
[2025-02-19T21:21:02.900-0600][gc,mmu       ] GC(0) MMU target violated: 21.0ms (20.0ms/21.0ms)
[2025-02-19T21:21:02.901-0600][gc,phases    ] GC(0)   Pre Evacuate Collection Set: 0.1ms
[2025-02-19T21:21:02.901-0600][gc,phases    ] GC(0)   Evacuate Collection Set: 24.2ms
[2025-02-19T21:21:02.901-0600][gc,phases    ] GC(0)   Post Evacuate Collection Set: 1.7ms
[2025-02-19T21:21:02.901-0600][gc,phases    ] GC(0)   Other: 2.1ms
[2025-02-19T21:21:02.901-0600][gc,heap      ] GC(0) Eden regions: 51->0(44)
[2025-02-19T21:21:02.901-0600][gc,heap      ] GC(0) Survivor regions: 0->7(7)
[2025-02-19T21:21:02.901-0600][gc,heap      ] GC(0) Old regions: 2->3
[2025-02-19T21:21:02.901-0600][gc,heap      ] GC(0) Humongous regions: 0->0
[2025-02-19T21:21:02.901-0600][gc,metaspace ] GC(0) Metaspace: 13258K(14080K)->13258K(14080K) NonClass: 11451K(12032K)->11451K(12032K) Class: 1807K(2048K)->1807K(2048K)
[2025-02-19T21:21:02.901-0600][gc           ] GC(0) Pause Young (Normal) (G1 Evacuation Pause) 51M->8M(1024M) 28.202ms
[2025-02-19T21:21:02.901-0600][gc,cpu       ] GC(0) User=0.02s Sys=0.16s Real=0.03s
[2025-02-19T21:21:04.116-0600][gc,start     ] GC(1) Pause Young (Concurrent Start) (Metadata GC Threshold)
[2025-02-19T21:21:04.116-0600][gc,task      ] GC(1) Using 8 workers of 8 for evacuation
[2025-02-19T21:21:04.131-0600][gc,phases    ] GC(1)   Pre Evacuate Collection Set: 0.1ms
[2025-02-19T21:21:04.132-0600][gc,phases    ] GC(1)   Evacuate Collection Set: 12.5ms
[2025-02-19T21:21:04.132-0600][gc,phases    ] GC(1)   Post Evacuate Collection Set: 0.9ms
[2025-02-19T21:21:04.132-0600][gc,phases    ] GC(1)   Other: 2.1ms
[2025-02-19T21:21:04.132-0600][gc,heap      ] GC(1) Eden regions: 34->0(49)
[2025-02-19T21:21:04.132-0600][gc,heap      ] GC(1) Survivor regions: 7->2(7)
[2025-02-19T21:21:04.132-0600][gc,heap      ] GC(1) Old regions: 3->10
[2025-02-19T21:21:04.132-0600][gc,heap      ] GC(1) Humongous regions: 0->0
[2025-02-19T21:21:04.132-0600][gc,metaspace ] GC(1) Metaspace: 20526K(21248K)->20526K(21248K) NonClass: 17738K(18176K)->17738K(18176K) Class: 2787K(3072K)->2787K(3072K)
[2025-02-19T21:21:04.132-0600][gc           ] GC(1) Pause Young (Concurrent Start) (Metadata GC Threshold) 41M->9M(1024M) 15.853ms
[2025-02-19T21:21:04.132-0600][gc,cpu       ] GC(1) User=0.07s Sys=0.00s Real=0.02s
[2025-02-19T21:21:04.132-0600][gc           ] GC(2) Concurrent Cycle
[2025-02-19T21:21:04.132-0600][gc,marking   ] GC(2) Concurrent Clear Claimed Marks
[2025-02-19T21:21:04.132-0600][gc,marking   ] GC(2) Concurrent Clear Claimed Marks 0.115ms
[2025-02-19T21:21:04.132-0600][gc,marking   ] GC(2) Concurrent Scan Root Regions
[2025-02-19T21:21:04.136-0600][gc,marking   ] GC(2) Concurrent Scan Root Regions 3.382ms
[2025-02-19T21:21:04.136-0600][gc,marking   ] GC(2) Concurrent Mark (3.280s)
[2025-02-19T21:21:04.136-0600][gc,marking   ] GC(2) Concurrent Mark From Roots
[2025-02-19T21:21:04.136-0600][gc,task      ] GC(2) Using 2 workers of 2 for marking
[2025-02-19T21:21:04.141-0600][gc,marking   ] GC(2) Concurrent Mark From Roots 4.884ms
[2025-02-19T21:21:04.141-0600][gc,marking   ] GC(2) Concurrent Preclean
[2025-02-19T21:21:04.141-0600][gc,marking   ] GC(2) Concurrent Preclean 0.177ms
[2025-02-19T21:21:04.141-0600][gc,marking   ] GC(2) Concurrent Mark (3.280s, 3.286s) 5.279ms
[2025-02-19T21:21:04.142-0600][gc,start     ] GC(2) Pause Remark
[2025-02-19T21:21:04.145-0600][gc,stringtable] GC(2) Cleaned string and symbol table, strings: 5801 processed, 0 removed, symbols: 54361 processed, 59 removed
[2025-02-19T21:21:04.146-0600][gc            ] GC(2) Pause Remark 9M->9M(1024M) 4.618ms
[2025-02-19T21:21:04.146-0600][gc,cpu        ] GC(2) User=0.01s Sys=0.01s Real=0.00s
[2025-02-19T21:21:04.147-0600][gc,marking    ] GC(2) Concurrent Rebuild Remembered Sets
[2025-02-19T21:21:04.150-0600][gc,marking    ] GC(2) Concurrent Rebuild Remembered Sets 3.847ms
[2025-02-19T21:21:04.151-0600][gc,start      ] GC(2) Pause Cleanup
[2025-02-19T21:21:04.152-0600][gc            ] GC(2) Pause Cleanup 9M->9M(1024M) 1.497ms
[2025-02-19T21:21:04.152-0600][gc,cpu        ] GC(2) User=0.00s Sys=0.00s Real=0.00s
[2025-02-19T21:21:04.152-0600][gc,marking    ] GC(2) Concurrent Cleanup for Next Mark
[2025-02-19T21:21:04.193-0600][gc,marking    ] GC(2) Concurrent Cleanup for Next Mark 40.625ms
[2025-02-19T21:21:04.193-0600][gc            ] GC(2) Concurrent Cycle 61.450ms
[2025-02-19T21:21:07.404-0600][gc,start      ] GC(3) Pause Young (Normal) (G1 Evacuation Pause)
[2025-02-19T21:21:07.404-0600][gc,task       ] GC(3) Using 8 workers of 8 for evacuation
[2025-02-19T21:21:07.409-0600][gc,phases     ] GC(3)   Pre Evacuate Collection Set: 0.2ms
[2025-02-19T21:21:07.409-0600][gc,phases     ] GC(3)   Evacuate Collection Set: 3.3ms
[2025-02-19T21:21:07.409-0600][gc,phases     ] GC(3)   Post Evacuate Collection Set: 1.0ms
[2025-02-19T21:21:07.409-0600][gc,phases     ] GC(3)   Other: 0.4ms
[2025-02-19T21:21:07.409-0600][gc,heap       ] GC(3) Eden regions: 49->0(48)
[2025-02-19T21:21:07.409-0600][gc,heap       ] GC(3) Survivor regions: 2->3(7)
[2025-02-19T21:21:07.409-0600][gc,heap       ] GC(3) Old regions: 10->10
[2025-02-19T21:21:07.409-0600][gc,heap       ] GC(3) Humongous regions: 129->129
[2025-02-19T21:21:07.409-0600][gc,metaspace  ] GC(3) Metaspace: 29234K(30080K)->29234K(30080K) NonClass: 25632K(26112K)->25632K(26112K) Class: 3602K(3968K)->3602K(3968K)
[2025-02-19T21:21:07.409-0600][gc            ] GC(3) Pause Young (Normal) (G1 Evacuation Pause) 187M->140M(1024M) 4.989ms
[2025-02-19T21:21:07.409-0600][gc,cpu        ] GC(3) User=0.00s Sys=0.02s Real=0.01s
[2025-02-19T21:21:08.661-0600][gc,start      ] GC(4) Pause Young (Concurrent Start) (Metadata GC Threshold)
[2025-02-19T21:21:08.661-0600][gc,task       ] GC(4) Using 8 workers of 8 for evacuation
[2025-02-19T21:21:08.671-0600][gc,phases     ] GC(4)   Pre Evacuate Collection Set: 0.2ms
[2025-02-19T21:21:08.671-0600][gc,phases     ] GC(4)   Evacuate Collection Set: 7.9ms
[2025-02-19T21:21:08.671-0600][gc,phases     ] GC(4)   Post Evacuate Collection Set: 1.0ms
[2025-02-19T21:21:08.671-0600][gc,phases     ] GC(4)   Other: 0.7ms
[2025-02-19T21:21:08.671-0600][gc,heap       ] GC(4) Eden regions: 37->0(44)
[2025-02-19T21:21:08.671-0600][gc,heap       ] GC(4) Survivor regions: 3->7(7)
[2025-02-19T21:21:08.671-0600][gc,heap       ] GC(4) Old regions: 10->10
[2025-02-19T21:21:08.671-0600][gc,heap       ] GC(4) Humongous regions: 129->129
[2025-02-19T21:21:08.671-0600][gc,metaspace  ] GC(4) Metaspace: 34649K(35840K)->34649K(35840K) NonClass: 30439K(31104K)->30439K(31104K) Class: 4209K(4736K)->4209K(4736K)
[2025-02-19T21:21:08.671-0600][gc            ] GC(4) Pause Young (Concurrent Start) (Metadata GC Threshold) 176M->143M(1024M) 10.049ms
[2025-02-19T21:21:08.671-0600][gc,cpu        ] GC(4) User=0.05s Sys=0.00s Real=0.01s
[2025-02-19T21:21:08.671-0600][gc            ] GC(5) Concurrent Cycle
[2025-02-19T21:21:08.671-0600][gc,marking    ] GC(5) Concurrent Clear Claimed Marks
[2025-02-19T21:21:08.671-0600][gc,marking    ] GC(5) Concurrent Clear Claimed Marks 0.203ms
[2025-02-19T21:21:08.672-0600][gc,marking    ] GC(5) Concurrent Scan Root Regions
[2025-02-19T21:21:08.675-0600][gc,marking    ] GC(5) Concurrent Scan Root Regions 3.818ms
[2025-02-19T21:21:08.676-0600][gc,marking    ] GC(5) Concurrent Mark (7.820s)
[2025-02-19T21:21:08.676-0600][gc,marking    ] GC(5) Concurrent Mark From Roots
[2025-02-19T21:21:08.676-0600][gc,task       ] GC(5) Using 2 workers of 2 for marking
[2025-02-19T21:21:08.687-0600][gc,marking    ] GC(5) Concurrent Mark From Roots 11.354ms
[2025-02-19T21:21:08.687-0600][gc,marking    ] GC(5) Concurrent Preclean
[2025-02-19T21:21:08.687-0600][gc,marking    ] GC(5) Concurrent Preclean 0.165ms
[2025-02-19T21:21:08.687-0600][gc,marking    ] GC(5) Concurrent Mark (7.820s, 7.832s) 11.925ms
[2025-02-19T21:21:08.688-0600][gc,start      ] GC(5) Pause Remark
[2025-02-19T21:21:08.698-0600][gc,stringtable] GC(5) Cleaned string and symbol table, strings: 10931 processed, 14 removed, symbols: 86994 processed, 19 removed
[2025-02-19T21:21:08.699-0600][gc            ] GC(5) Pause Remark 145M->145M(1024M) 10.540ms
[2025-02-19T21:21:08.699-0600][gc,cpu        ] GC(5) User=0.04s Sys=0.03s Real=0.02s
[2025-02-19T21:21:08.699-0600][gc,marking    ] GC(5) Concurrent Rebuild Remembered Sets
[2025-02-19T21:21:08.703-0600][gc,marking    ] GC(5) Concurrent Rebuild Remembered Sets 3.887ms
[2025-02-19T21:21:08.704-0600][gc,start      ] GC(5) Pause Cleanup
[2025-02-19T21:21:08.705-0600][gc            ] GC(5) Pause Cleanup 145M->145M(1024M) 0.581ms
[2025-02-19T21:21:08.705-0600][gc,cpu        ] GC(5) User=0.00s Sys=0.00s Real=0.00s
[2025-02-19T21:21:08.705-0600][gc,marking    ] GC(5) Concurrent Cleanup for Next Mark
[2025-02-19T21:21:08.750-0600][gc,marking    ] GC(5) Concurrent Cleanup for Next Mark 44.994ms
[2025-02-19T21:21:08.750-0600][gc            ] GC(5) Concurrent Cycle 78.880ms
[2025-02-19T21:24:40.844-0600][gc,start      ] GC(6) Pause Young (Normal) (G1 Evacuation Pause)
[2025-02-19T21:24:40.846-0600][gc,task       ] GC(6) Using 8 workers of 8 for evacuation
[2025-02-19T21:24:40.976-0600][gc,mmu        ] GC(6) MMU target violated: 21.0ms (20.0ms/21.0ms)
[2025-02-19T21:24:40.976-0600][gc,phases     ] GC(6)   Pre Evacuate Collection Set: 43.8ms
[2025-02-19T21:24:40.976-0600][gc,phases     ] GC(6)   Evacuate Collection Set: 81.4ms
[2025-02-19T21:24:40.976-0600][gc,phases     ] GC(6)   Post Evacuate Collection Set: 2.6ms
[2025-02-19T21:24:40.976-0600][gc,phases     ] GC(6)   Other: 3.7ms
[2025-02-19T21:24:40.976-0600][gc,heap       ] GC(6) Eden regions: 44->0(48)
[2025-02-19T21:24:40.976-0600][gc,heap       ] GC(6) Survivor regions: 7->3(7)
[2025-02-19T21:24:40.976-0600][gc,heap       ] GC(6) Old regions: 10->16
[2025-02-19T21:24:40.976-0600][gc,heap       ] GC(6) Humongous regions: 129->129
[2025-02-19T21:24:40.976-0600][gc,metaspace  ] GC(6) Metaspace: 42205K(44800K)->42205K(44800K) NonClass: 36520K(37888K)->36520K(37888K) Class: 5684K(6912K)->5684K(6912K)
[2025-02-19T21:24:40.976-0600][gc            ] GC(6) Pause Young (Normal) (G1 Evacuation Pause) 187M->145M(1024M) 131.490ms
[2025-02-19T21:24:40.976-0600][gc,cpu        ] GC(6) User=0.59s Sys=0.05s Real=0.13s
[2025-02-19T21:37:34.243-0600][gc,start      ] GC(7) Pause Young (Normal) (G1 Evacuation Pause)
[2025-02-19T21:37:34.244-0600][gc,task       ] GC(7) Using 8 workers of 8 for evacuation
[2025-02-19T21:37:34.415-0600][gc,mmu        ] GC(7) MMU target violated: 21.0ms (20.0ms/21.0ms)
[2025-02-19T21:37:34.415-0600][gc,phases     ] GC(7)   Pre Evacuate Collection Set: 45.9ms
[2025-02-19T21:37:34.415-0600][gc,phases     ] GC(7)   Evacuate Collection Set: 113.9ms
[2025-02-19T21:37:34.415-0600][gc,phases     ] GC(7)   Post Evacuate Collection Set: 6.0ms
[2025-02-19T21:37:34.415-0600][gc,phases     ] GC(7)   Other: 8.5ms
[2025-02-19T21:37:34.416-0600][gc,heap       ] GC(7) Eden regions: 48->0(47)
[2025-02-19T21:37:34.416-0600][gc,heap       ] GC(7) Survivor regions: 3->4(7)
[2025-02-19T21:37:34.416-0600][gc,heap       ] GC(7) Old regions: 16->16
[2025-02-19T21:37:34.416-0600][gc,heap       ] GC(7) Humongous regions: 129->129
[2025-02-19T21:37:34.416-0600][gc,metaspace  ] GC(7) Metaspace: 45499K(48384K)->45499K(48384K) NonClass: 39249K(40704K)->39249K(40704K) Class: 6249K(7680K)->6249K(7680K)
[2025-02-19T21:37:34.416-0600][gc            ] GC(7) Pause Young (Normal) (G1 Evacuation Pause) 193M->147M(1024M) 173.926ms
[2025-02-19T21:37:34.417-0600][gc,cpu        ] GC(7) User=0.95s Sys=0.00s Real=0.17s
[2025-02-19T22:09:49.250-0600][gc,start      ] GC(8) Pause Young (Normal) (G1 Evacuation Pause)
[2025-02-19T22:09:49.253-0600][gc,task       ] GC(8) Using 8 workers of 8 for evacuation
[2025-02-19T22:09:49.455-0600][gc,mmu        ] GC(8) MMU target violated: 21.0ms (20.0ms/21.0ms)
[2025-02-19T22:09:49.456-0600][gc,phases     ] GC(8)   Pre Evacuate Collection Set: 63.0ms
[2025-02-19T22:09:49.456-0600][gc,phases     ] GC(8)   Evacuate Collection Set: 126.4ms
[2025-02-19T22:09:49.456-0600][gc,phases     ] GC(8)   Post Evacuate Collection Set: 8.0ms
[2025-02-19T22:09:49.456-0600][gc,phases     ] GC(8)   Other: 10.5ms
[2025-02-19T22:09:49.457-0600][gc,heap       ] GC(8) Eden regions: 47->0(48)
[2025-02-19T22:09:49.457-0600][gc,heap       ] GC(8) Survivor regions: 4->3(7)
[2025-02-19T22:09:49.457-0600][gc,heap       ] GC(8) Old regions: 16->18
[2025-02-19T22:09:49.457-0600][gc,heap       ] GC(8) Humongous regions: 129->129
[2025-02-19T22:09:49.457-0600][gc,metaspace  ] GC(8) Metaspace: 45695K(48640K)->45695K(48640K) NonClass: 39445K(40960K)->39445K(40960K) Class: 6250K(7680K)->6250K(7680K)
[2025-02-19T22:09:49.457-0600][gc            ] GC(8) Pause Young (Normal) (G1 Evacuation Pause) 194M->147M(1024M) 207.273ms
[2025-02-19T22:09:49.457-0600][gc,cpu        ] GC(8) User=0.90s Sys=0.05s Real=0.20s
[2025-02-19T22:43:39.251-0600][gc,start      ] GC(9) Pause Young (Normal) (G1 Evacuation Pause)
[2025-02-19T22:43:39.255-0600][gc,task       ] GC(9) Using 8 workers of 8 for evacuation
[2025-02-19T22:43:39.428-0600][gc,mmu        ] GC(9) MMU target violated: 21.0ms (20.0ms/21.0ms)
[2025-02-19T22:43:39.429-0600][gc,phases     ] GC(9)   Pre Evacuate Collection Set: 63.6ms
[2025-02-19T22:43:39.429-0600][gc,phases     ] GC(9)   Evacuate Collection Set: 95.5ms
[2025-02-19T22:43:39.429-0600][gc,phases     ] GC(9)   Post Evacuate Collection Set: 8.0ms
[2025-02-19T22:43:39.429-0600][gc,phases     ] GC(9)   Other: 16.4ms
[2025-02-19T22:43:39.430-0600][gc,heap       ] GC(9) Eden regions: 48->0(48)
[2025-02-19T22:43:39.430-0600][gc,heap       ] GC(9) Survivor regions: 3->3(7)
[2025-02-19T22:43:39.430-0600][gc,heap       ] GC(9) Old regions: 18->18
[2025-02-19T22:43:39.430-0600][gc,heap       ] GC(9) Humongous regions: 129->129
[2025-02-19T22:43:39.430-0600][gc,metaspace  ] GC(9) Metaspace: 45804K(48896K)->45804K(48896K) NonClass: 39548K(41216K)->39548K(41216K) Class: 6256K(7680K)->6256K(7680K)
[2025-02-19T22:43:39.431-0600][gc            ] GC(9) Pause Young (Normal) (G1 Evacuation Pause) 195M->147M(1024M) 179.660ms
[2025-02-19T22:43:39.431-0600][gc,cpu        ] GC(9) User=0.83s Sys=0.00s Real=0.18s
[2025-02-19T23:17:38.662-0600][gc,start      ] GC(10) Pause Young (Normal) (G1 Evacuation Pause)
[2025-02-19T23:17:38.665-0600][gc,task       ] GC(10) Using 8 workers of 8 for evacuation
[2025-02-19T23:17:38.806-0600][gc,mmu        ] GC(10) MMU target violated: 21.0ms (20.0ms/21.0ms)
[2025-02-19T23:17:38.808-0600][gc,phases     ] GC(10)   Pre Evacuate Collection Set: 30.4ms
[2025-02-19T23:17:38.808-0600][gc,phases     ] GC(10)   Evacuate Collection Set: 96.6ms
[2025-02-19T23:17:38.808-0600][gc,phases     ] GC(10)   Post Evacuate Collection Set: 7.6ms
[2025-02-19T23:17:38.808-0600][gc,phases     ] GC(10)   Other: 13.1ms
[2025-02-19T23:17:38.808-0600][gc,heap       ] GC(10) Eden regions: 48->0(48)
[2025-02-19T23:17:38.808-0600][gc,heap       ] GC(10) Survivor regions: 3->3(7)
[2025-02-19T23:17:38.808-0600][gc,heap       ] GC(10) Old regions: 18->18
[2025-02-19T23:17:38.808-0600][gc,heap       ] GC(10) Humongous regions: 129->129
[2025-02-19T23:17:38.809-0600][gc,metaspace  ] GC(10) Metaspace: 45839K(48896K)->45839K(48896K) NonClass: 39583K(41216K)->39583K(41216K) Class: 6256K(7680K)->6256K(7680K)
[2025-02-19T23:17:38.809-0600][gc            ] GC(10) Pause Young (Normal) (G1 Evacuation Pause) 195M->147M(1024M) 147.159ms
[2025-02-19T23:17:38.809-0600][gc,cpu        ] GC(10) User=0.81s Sys=0.00s Real=0.15s
