[2025-03-02T00:38:12.127-0600][gc,heap] Heap region size: 1M
[2025-03-02T00:38:12.139-0600][gc     ] Using G1
[2025-03-02T00:38:12.140-0600][gc,heap,coops] Heap address: 0x00000000c0000000, size: 1024 MB, Compressed Oops mode: 32-bit
[2025-03-02T00:38:12.140-0600][gc,cds       ] Mark closed archive regions in map: [0x00000000fff00000, 0x00000000fff6bff8]
[2025-03-02T00:38:12.140-0600][gc,cds       ] Mark open archive regions in map: [0x00000000ffe00000, 0x00000000ffe47ff8]
[2025-03-02T00:38:13.774-0600][gc,start     ] GC(0) Pause Young (Normal) (G1 Evacuation Pause)
[2025-03-02T00:38:13.776-0600][gc,task      ] GC(0) Using 8 workers of 8 for evacuation
[2025-03-02T00:38:13.795-0600][gc,phases    ] GC(0)   Pre Evacuate Collection Set: 0.0ms
[2025-03-02T00:38:13.795-0600][gc,phases    ] GC(0)   Evacuate Collection Set: 18.0ms
[2025-03-02T00:38:13.795-0600][gc,phases    ] GC(0)   Post Evacuate Collection Set: 1.4ms
[2025-03-02T00:38:13.795-0600][gc,phases    ] GC(0)   Other: 1.9ms
[2025-03-02T00:38:13.795-0600][gc,heap      ] GC(0) Eden regions: 51->0(44)
[2025-03-02T00:38:13.795-0600][gc,heap      ] GC(0) Survivor regions: 0->7(7)
[2025-03-02T00:38:13.795-0600][gc,heap      ] GC(0) Old regions: 2->3
[2025-03-02T00:38:13.795-0600][gc,heap      ] GC(0) Humongous regions: 0->0
[2025-03-02T00:38:13.795-0600][gc,metaspace ] GC(0) Metaspace: 13319K(14080K)->13319K(14080K) NonClass: 11491K(12032K)->11491K(12032K) Class: 1828K(2048K)->1828K(2048K)
[2025-03-02T00:38:13.795-0600][gc           ] GC(0) Pause Young (Normal) (G1 Evacuation Pause) 51M->8M(1024M) 21.511ms
[2025-03-02T00:38:13.795-0600][gc,cpu       ] GC(0) User=0.10s Sys=0.03s Real=0.02s
[2025-03-02T00:38:14.678-0600][gc,start     ] GC(1) Pause Young (Concurrent Start) (Metadata GC Threshold)
[2025-03-02T00:38:14.678-0600][gc,task      ] GC(1) Using 8 workers of 8 for evacuation
[2025-03-02T00:38:14.693-0600][gc,phases    ] GC(1)   Pre Evacuate Collection Set: 0.1ms
[2025-03-02T00:38:14.694-0600][gc,phases    ] GC(1)   Evacuate Collection Set: 13.2ms
[2025-03-02T00:38:14.694-0600][gc,phases    ] GC(1)   Post Evacuate Collection Set: 1.9ms
[2025-03-02T00:38:14.694-0600][gc,phases    ] GC(1)   Other: 0.5ms
[2025-03-02T00:38:14.694-0600][gc,heap      ] GC(1) Eden regions: 33->0(49)
[2025-03-02T00:38:14.694-0600][gc,heap      ] GC(1) Survivor regions: 7->2(7)
[2025-03-02T00:38:14.694-0600][gc,heap      ] GC(1) Old regions: 3->10
[2025-03-02T00:38:14.694-0600][gc,heap      ] GC(1) Humongous regions: 0->0
[2025-03-02T00:38:14.694-0600][gc,metaspace ] GC(1) Metaspace: 20534K(21248K)->20534K(21248K) NonClass: 17783K(18176K)->17783K(18176K) Class: 2751K(3072K)->2751K(3072K)
[2025-03-02T00:38:14.694-0600][gc           ] GC(1) Pause Young (Concurrent Start) (Metadata GC Threshold) 40M->9M(1024M) 15.898ms
[2025-03-02T00:38:14.694-0600][gc,cpu       ] GC(1) User=0.06s Sys=0.02s Real=0.02s
[2025-03-02T00:38:14.694-0600][gc           ] GC(2) Concurrent Cycle
[2025-03-02T00:38:14.695-0600][gc,marking   ] GC(2) Concurrent Clear Claimed Marks
[2025-03-02T00:38:14.695-0600][gc,marking   ] GC(2) Concurrent Clear Claimed Marks 0.890ms
[2025-03-02T00:38:14.695-0600][gc,marking   ] GC(2) Concurrent Scan Root Regions
[2025-03-02T00:38:14.698-0600][gc,marking   ] GC(2) Concurrent Scan Root Regions 2.990ms
[2025-03-02T00:38:14.698-0600][gc,marking   ] GC(2) Concurrent Mark (2.578s)
[2025-03-02T00:38:14.698-0600][gc,marking   ] GC(2) Concurrent Mark From Roots
[2025-03-02T00:38:14.698-0600][gc,task      ] GC(2) Using 2 workers of 2 for marking
[2025-03-02T00:38:14.706-0600][gc,marking   ] GC(2) Concurrent Mark From Roots 8.445ms
[2025-03-02T00:38:14.706-0600][gc,marking   ] GC(2) Concurrent Preclean
[2025-03-02T00:38:14.707-0600][gc,marking   ] GC(2) Concurrent Preclean 0.855ms
[2025-03-02T00:38:14.707-0600][gc,marking   ] GC(2) Concurrent Mark (2.578s, 2.588s) 9.569ms
[2025-03-02T00:38:14.708-0600][gc,start     ] GC(2) Pause Remark
[2025-03-02T00:38:14.712-0600][gc,stringtable] GC(2) Cleaned string and symbol table, strings: 5790 processed, 0 removed, symbols: 54482 processed, 58 removed
[2025-03-02T00:38:14.713-0600][gc            ] GC(2) Pause Remark 9M->9M(1024M) 5.090ms
[2025-03-02T00:38:14.713-0600][gc,cpu        ] GC(2) User=0.02s Sys=0.00s Real=0.01s
[2025-03-02T00:38:14.713-0600][gc,marking    ] GC(2) Concurrent Rebuild Remembered Sets
[2025-03-02T00:38:14.717-0600][gc,marking    ] GC(2) Concurrent Rebuild Remembered Sets 3.417ms
[2025-03-02T00:38:14.718-0600][gc,start      ] GC(2) Pause Cleanup
[2025-03-02T00:38:14.719-0600][gc            ] GC(2) Pause Cleanup 9M->9M(1024M) 0.665ms
[2025-03-02T00:38:14.719-0600][gc,cpu        ] GC(2) User=0.00s Sys=0.00s Real=0.00s
[2025-03-02T00:38:14.719-0600][gc,marking    ] GC(2) Concurrent Cleanup for Next Mark
[2025-03-02T00:38:14.729-0600][gc,marking    ] GC(2) Concurrent Cleanup for Next Mark 9.435ms
[2025-03-02T00:38:14.729-0600][gc            ] GC(2) Concurrent Cycle 35.430ms
[2025-03-02T00:38:18.637-0600][gc,start      ] GC(3) Pause Young (Normal) (G1 Evacuation Pause)
[2025-03-02T00:38:18.637-0600][gc,task       ] GC(3) Using 8 workers of 8 for evacuation
[2025-03-02T00:38:18.655-0600][gc,phases     ] GC(3)   Pre Evacuate Collection Set: 0.2ms
[2025-03-02T00:38:18.655-0600][gc,phases     ] GC(3)   Evacuate Collection Set: 17.1ms
[2025-03-02T00:38:18.655-0600][gc,phases     ] GC(3)   Post Evacuate Collection Set: 0.8ms
[2025-03-02T00:38:18.655-0600][gc,phases     ] GC(3)   Other: 0.3ms
[2025-03-02T00:38:18.655-0600][gc,heap       ] GC(3) Eden regions: 49->0(47)
[2025-03-02T00:38:18.655-0600][gc,heap       ] GC(3) Survivor regions: 2->4(7)
[2025-03-02T00:38:18.655-0600][gc,heap       ] GC(3) Old regions: 10->10
[2025-03-02T00:38:18.655-0600][gc,heap       ] GC(3) Humongous regions: 129->129
[2025-03-02T00:38:18.655-0600][gc,metaspace  ] GC(3) Metaspace: 28088K(29184K)->28088K(29184K) NonClass: 24489K(25088K)->24489K(25088K) Class: 3599K(4096K)->3599K(4096K)
[2025-03-02T00:38:18.655-0600][gc            ] GC(3) Pause Young (Normal) (G1 Evacuation Pause) 187M->140M(1024M) 18.559ms
[2025-03-02T00:38:18.655-0600][gc,cpu        ] GC(3) User=0.12s Sys=0.02s Real=0.02s
[2025-03-02T00:38:21.579-0600][gc,start      ] GC(4) Pause Young (Concurrent Start) (Metadata GC Threshold)
[2025-03-02T00:38:21.579-0600][gc,task       ] GC(4) Using 8 workers of 8 for evacuation
[2025-03-02T00:38:21.586-0600][gc,phases     ] GC(4)   Pre Evacuate Collection Set: 0.2ms
[2025-03-02T00:38:21.586-0600][gc,phases     ] GC(4)   Evacuate Collection Set: 5.5ms
[2025-03-02T00:38:21.586-0600][gc,phases     ] GC(4)   Post Evacuate Collection Set: 0.9ms
[2025-03-02T00:38:21.586-0600][gc,phases     ] GC(4)   Other: 0.5ms
[2025-03-02T00:38:21.586-0600][gc,heap       ] GC(4) Eden regions: 43->0(44)
[2025-03-02T00:38:21.586-0600][gc,heap       ] GC(4) Survivor regions: 4->7(7)
[2025-03-02T00:38:21.586-0600][gc,heap       ] GC(4) Old regions: 10->10
[2025-03-02T00:38:21.586-0600][gc,heap       ] GC(4) Humongous regions: 129->129
[2025-03-02T00:38:21.586-0600][gc,metaspace  ] GC(4) Metaspace: 34499K(35840K)->34499K(35840K) NonClass: 30224K(30976K)->30224K(30976K) Class: 4274K(4864K)->4274K(4864K)
[2025-03-02T00:38:21.586-0600][gc            ] GC(4) Pause Young (Concurrent Start) (Metadata GC Threshold) 183M->143M(1024M) 7.268ms
[2025-03-02T00:38:21.586-0600][gc,cpu        ] GC(4) User=0.04s Sys=0.00s Real=0.01s
[2025-03-02T00:38:21.586-0600][gc            ] GC(5) Concurrent Cycle
[2025-03-02T00:38:21.587-0600][gc,marking    ] GC(5) Concurrent Clear Claimed Marks
[2025-03-02T00:38:21.587-0600][gc,marking    ] GC(5) Concurrent Clear Claimed Marks 0.284ms
[2025-03-02T00:38:21.587-0600][gc,marking    ] GC(5) Concurrent Scan Root Regions
[2025-03-02T00:38:21.590-0600][gc,marking    ] GC(5) Concurrent Scan Root Regions 3.284ms
[2025-03-02T00:38:21.590-0600][gc,marking    ] GC(5) Concurrent Mark (9.470s)
[2025-03-02T00:38:21.590-0600][gc,marking    ] GC(5) Concurrent Mark From Roots
[2025-03-02T00:38:21.590-0600][gc,task       ] GC(5) Using 2 workers of 2 for marking
[2025-03-02T00:38:21.596-0600][gc,marking    ] GC(5) Concurrent Mark From Roots 5.159ms
[2025-03-02T00:38:21.596-0600][gc,marking    ] GC(5) Concurrent Preclean
[2025-03-02T00:38:21.596-0600][gc,marking    ] GC(5) Concurrent Preclean 0.268ms
[2025-03-02T00:38:21.596-0600][gc,marking    ] GC(5) Concurrent Mark (9.470s, 9.476s) 5.575ms
[2025-03-02T00:38:21.628-0600][gc,start      ] GC(5) Pause Remark
[2025-03-02T00:38:21.634-0600][gc,stringtable] GC(5) Cleaned string and symbol table, strings: 10174 processed, 13 removed, symbols: 82394 processed, 16 removed
[2025-03-02T00:38:21.635-0600][gc            ] GC(5) Pause Remark 144M->144M(1024M) 6.997ms
[2025-03-02T00:38:21.635-0600][gc,cpu        ] GC(5) User=0.03s Sys=0.00s Real=0.01s
[2025-03-02T00:38:21.635-0600][gc,marking    ] GC(5) Concurrent Rebuild Remembered Sets
[2025-03-02T00:38:21.639-0600][gc,marking    ] GC(5) Concurrent Rebuild Remembered Sets 3.261ms
[2025-03-02T00:38:21.639-0600][gc,start      ] GC(5) Pause Cleanup
[2025-03-02T00:38:21.640-0600][gc            ] GC(5) Pause Cleanup 144M->144M(1024M) 0.499ms
[2025-03-02T00:38:21.640-0600][gc,cpu        ] GC(5) User=0.01s Sys=0.00s Real=0.00s
[2025-03-02T00:38:21.640-0600][gc,marking    ] GC(5) Concurrent Cleanup for Next Mark
[2025-03-02T00:38:22.048-0600][gc,marking    ] GC(5) Concurrent Cleanup for Next Mark 408.340ms
[2025-03-02T00:38:22.048-0600][gc            ] GC(5) Concurrent Cycle 462.062ms
[2025-03-02T00:38:23.293-0600][gc,start      ] GC(6) Pause Young (Normal) (G1 Evacuation Pause)
[2025-03-02T00:38:23.293-0600][gc,task       ] GC(6) Using 8 workers of 8 for evacuation
[2025-03-02T00:38:23.314-0600][gc,mmu        ] GC(6) MMU target violated: 20.3ms (20.0ms/21.0ms)
[2025-03-02T00:38:23.314-0600][gc,phases     ] GC(6)   Pre Evacuate Collection Set: 0.2ms
[2025-03-02T00:38:23.314-0600][gc,phases     ] GC(6)   Evacuate Collection Set: 18.1ms
[2025-03-02T00:38:23.314-0600][gc,phases     ] GC(6)   Post Evacuate Collection Set: 1.9ms
[2025-03-02T00:38:23.314-0600][gc,phases     ] GC(6)   Other: 0.5ms
[2025-03-02T00:38:23.314-0600][gc,heap       ] GC(6) Eden regions: 44->0(45)
[2025-03-02T00:38:23.314-0600][gc,heap       ] GC(6) Survivor regions: 7->6(7)
[2025-03-02T00:38:23.314-0600][gc,heap       ] GC(6) Old regions: 10->13
[2025-03-02T00:38:23.314-0600][gc,heap       ] GC(6) Humongous regions: 129->129
[2025-03-02T00:38:23.314-0600][gc,metaspace  ] GC(6) Metaspace: 41503K(43776K)->41503K(43776K) NonClass: 36137K(37376K)->36137K(37376K) Class: 5366K(6400K)->5366K(6400K)
[2025-03-02T00:38:23.314-0600][gc            ] GC(6) Pause Young (Normal) (G1 Evacuation Pause) 187M->146M(1024M) 20.735ms
[2025-03-02T00:38:23.314-0600][gc,cpu        ] GC(6) User=0.07s Sys=0.06s Real=0.02s
[2025-03-02T00:42:20.373-0600][gc,heap,exit  ] Heap
[2025-03-02T00:42:20.374-0600][gc,heap,exit  ]  garbage-first heap   total 1048576K, used 209943K [0x00000000c0000000, 0x0000000100000000)
[2025-03-02T00:42:20.374-0600][gc,heap,exit  ]   region size 1024K, 43 young (44032K), 6 survivors (6144K)
[2025-03-02T00:42:20.374-0600][gc,heap,exit  ]  Metaspace       used 46275K, capacity 49087K, committed 49280K, reserved 1091584K
[2025-03-02T00:42:20.374-0600][gc,heap,exit  ]   class space    used 6305K, capacity 7699K, committed 7808K, reserved 1048576K
