[2025-03-04T12:20:38.345-0600][gc,heap] Heap region size: 1M
[2025-03-04T12:20:38.366-0600][gc     ] Using G1
[2025-03-04T12:20:38.366-0600][gc,heap,coops] Heap address: 0x00000000c0000000, size: 1024 MB, Compressed Oops mode: 32-bit
[2025-03-04T12:20:38.366-0600][gc,cds       ] Mark closed archive regions in map: [0x00000000fff00000, 0x00000000fff6bff8]
[2025-03-04T12:20:38.366-0600][gc,cds       ] Mark open archive regions in map: [0x00000000ffe00000, 0x00000000ffe47ff8]
[2025-03-04T12:20:40.460-0600][gc,start     ] GC(0) Pause Young (Normal) (G1 Evacuation Pause)
[2025-03-04T12:20:40.463-0600][gc,task      ] GC(0) Using 8 workers of 8 for evacuation
[2025-03-04T12:20:40.476-0600][gc,phases    ] GC(0)   Pre Evacuate Collection Set: 0.0ms
[2025-03-04T12:20:40.476-0600][gc,phases    ] GC(0)   Evacuate Collection Set: 12.0ms
[2025-03-04T12:20:40.476-0600][gc,phases    ] GC(0)   Post Evacuate Collection Set: 1.1ms
[2025-03-04T12:20:40.476-0600][gc,phases    ] GC(0)   Other: 2.4ms
[2025-03-04T12:20:40.476-0600][gc,heap      ] GC(0) Eden regions: 51->0(44)
[2025-03-04T12:20:40.476-0600][gc,heap      ] GC(0) Survivor regions: 0->7(7)
[2025-03-04T12:20:40.476-0600][gc,heap      ] GC(0) Old regions: 2->3
[2025-03-04T12:20:40.476-0600][gc,heap      ] GC(0) Humongous regions: 0->0
[2025-03-04T12:20:40.476-0600][gc,metaspace ] GC(0) Metaspace: 13327K(14080K)->13327K(14080K) NonClass: 11498K(12032K)->11498K(12032K) Class: 1828K(2048K)->1828K(2048K)
[2025-03-04T12:20:40.476-0600][gc           ] GC(0) Pause Young (Normal) (G1 Evacuation Pause) 51M->8M(1024M) 15.692ms
[2025-03-04T12:20:40.476-0600][gc,cpu       ] GC(0) User=0.06s Sys=0.03s Real=0.02s
[2025-03-04T12:20:41.714-0600][gc,start     ] GC(1) Pause Young (Concurrent Start) (Metadata GC Threshold)
[2025-03-04T12:20:41.714-0600][gc,task      ] GC(1) Using 8 workers of 8 for evacuation
[2025-03-04T12:20:41.734-0600][gc,mmu       ] GC(1) MMU target violated: 20.4ms (20.0ms/21.0ms)
[2025-03-04T12:20:41.734-0600][gc,phases    ] GC(1)   Pre Evacuate Collection Set: 0.1ms
[2025-03-04T12:20:41.734-0600][gc,phases    ] GC(1)   Evacuate Collection Set: 18.4ms
[2025-03-04T12:20:41.734-0600][gc,phases    ] GC(1)   Post Evacuate Collection Set: 1.0ms
[2025-03-04T12:20:41.734-0600][gc,phases    ] GC(1)   Other: 1.2ms
[2025-03-04T12:20:41.734-0600][gc,heap      ] GC(1) Eden regions: 34->0(49)
[2025-03-04T12:20:41.734-0600][gc,heap      ] GC(1) Survivor regions: 7->2(7)
[2025-03-04T12:20:41.734-0600][gc,heap      ] GC(1) Old regions: 3->10
[2025-03-04T12:20:41.734-0600][gc,heap      ] GC(1) Humongous regions: 0->0
[2025-03-04T12:20:41.735-0600][gc,metaspace ] GC(1) Metaspace: 20539K(21248K)->20539K(21248K) NonClass: 17788K(18176K)->17788K(18176K) Class: 2751K(3072K)->2751K(3072K)
[2025-03-04T12:20:41.735-0600][gc           ] GC(1) Pause Young (Concurrent Start) (Metadata GC Threshold) 41M->9M(1024M) 20.782ms
[2025-03-04T12:20:41.735-0600][gc,cpu       ] GC(1) User=0.11s Sys=0.03s Real=0.02s
[2025-03-04T12:20:41.735-0600][gc           ] GC(2) Concurrent Cycle
[2025-03-04T12:20:41.736-0600][gc,marking   ] GC(2) Concurrent Clear Claimed Marks
[2025-03-04T12:20:41.736-0600][gc,marking   ] GC(2) Concurrent Clear Claimed Marks 0.905ms
[2025-03-04T12:20:41.736-0600][gc,marking   ] GC(2) Concurrent Scan Root Regions
[2025-03-04T12:20:41.739-0600][gc,marking   ] GC(2) Concurrent Scan Root Regions 3.052ms
[2025-03-04T12:20:41.739-0600][gc,marking   ] GC(2) Concurrent Mark (3.399s)
[2025-03-04T12:20:41.739-0600][gc,marking   ] GC(2) Concurrent Mark From Roots
[2025-03-04T12:20:41.739-0600][gc,task      ] GC(2) Using 2 workers of 2 for marking
[2025-03-04T12:20:41.749-0600][gc,marking   ] GC(2) Concurrent Mark From Roots 9.664ms
[2025-03-04T12:20:41.749-0600][gc,marking   ] GC(2) Concurrent Preclean
[2025-03-04T12:20:41.750-0600][gc,marking   ] GC(2) Concurrent Preclean 0.831ms
[2025-03-04T12:20:41.750-0600][gc,marking   ] GC(2) Concurrent Mark (3.399s, 3.410s) 10.804ms
[2025-03-04T12:20:41.750-0600][gc,start     ] GC(2) Pause Remark
[2025-03-04T12:20:41.758-0600][gc,stringtable] GC(2) Cleaned string and symbol table, strings: 5792 processed, 0 removed, symbols: 54496 processed, 58 removed
[2025-03-04T12:20:41.759-0600][gc            ] GC(2) Pause Remark 9M->9M(1024M) 8.289ms
[2025-03-04T12:20:41.759-0600][gc,cpu        ] GC(2) User=0.03s Sys=0.01s Real=0.01s
[2025-03-04T12:20:41.759-0600][gc,marking    ] GC(2) Concurrent Rebuild Remembered Sets
[2025-03-04T12:20:41.764-0600][gc,marking    ] GC(2) Concurrent Rebuild Remembered Sets 5.529ms
[2025-03-04T12:20:41.765-0600][gc,start      ] GC(2) Pause Cleanup
[2025-03-04T12:20:41.766-0600][gc            ] GC(2) Pause Cleanup 9M->9M(1024M) 0.774ms
[2025-03-04T12:20:41.766-0600][gc,cpu        ] GC(2) User=0.00s Sys=0.00s Real=0.00s
[2025-03-04T12:20:41.766-0600][gc,marking    ] GC(2) Concurrent Cleanup for Next Mark
[2025-03-04T12:20:42.134-0600][gc,marking    ] GC(2) Concurrent Cleanup for Next Mark 368.362ms
[2025-03-04T12:20:42.135-0600][gc            ] GC(2) Concurrent Cycle 400.375ms
[2025-03-04T12:20:46.924-0600][gc,start      ] GC(3) Pause Young (Normal) (G1 Evacuation Pause)
[2025-03-04T12:20:46.924-0600][gc,task       ] GC(3) Using 8 workers of 8 for evacuation
[2025-03-04T12:20:46.928-0600][gc,phases     ] GC(3)   Pre Evacuate Collection Set: 0.2ms
[2025-03-04T12:20:46.928-0600][gc,phases     ] GC(3)   Evacuate Collection Set: 2.4ms
[2025-03-04T12:20:46.928-0600][gc,phases     ] GC(3)   Post Evacuate Collection Set: 1.1ms
[2025-03-04T12:20:46.928-0600][gc,phases     ] GC(3)   Other: 0.4ms
[2025-03-04T12:20:46.928-0600][gc,heap       ] GC(3) Eden regions: 49->0(48)
[2025-03-04T12:20:46.928-0600][gc,heap       ] GC(3) Survivor regions: 2->3(7)
[2025-03-04T12:20:46.928-0600][gc,heap       ] GC(3) Old regions: 10->10
[2025-03-04T12:20:46.928-0600][gc,heap       ] GC(3) Humongous regions: 129->129
[2025-03-04T12:20:46.928-0600][gc,metaspace  ] GC(3) Metaspace: 29296K(30464K)->29296K(30464K) NonClass: 25618K(26368K)->25618K(26368K) Class: 3677K(4096K)->3677K(4096K)
[2025-03-04T12:20:46.928-0600][gc            ] GC(3) Pause Young (Normal) (G1 Evacuation Pause) 187M->140M(1024M) 4.286ms
[2025-03-04T12:20:46.928-0600][gc,cpu        ] GC(3) User=0.01s Sys=0.01s Real=0.00s
[2025-03-04T12:20:48.055-0600][gc,start      ] GC(4) Pause Young (Concurrent Start) (Metadata GC Threshold)
[2025-03-04T12:20:48.055-0600][gc,task       ] GC(4) Using 8 workers of 8 for evacuation
[2025-03-04T12:20:48.066-0600][gc,phases     ] GC(4)   Pre Evacuate Collection Set: 0.3ms
[2025-03-04T12:20:48.066-0600][gc,phases     ] GC(4)   Evacuate Collection Set: 8.5ms
[2025-03-04T12:20:48.066-0600][gc,phases     ] GC(4)   Post Evacuate Collection Set: 1.6ms
[2025-03-04T12:20:48.066-0600][gc,phases     ] GC(4)   Other: 0.5ms
[2025-03-04T12:20:48.066-0600][gc,heap       ] GC(4) Eden regions: 38->0(45)
[2025-03-04T12:20:48.066-0600][gc,heap       ] GC(4) Survivor regions: 3->6(7)
[2025-03-04T12:20:48.066-0600][gc,heap       ] GC(4) Old regions: 10->10
[2025-03-04T12:20:48.066-0600][gc,heap       ] GC(4) Humongous regions: 129->0
[2025-03-04T12:20:48.067-0600][gc,metaspace  ] GC(4) Metaspace: 34399K(35840K)->34399K(35840K) NonClass: 29972K(30720K)->29972K(30720K) Class: 4427K(5120K)->4427K(5120K)
[2025-03-04T12:20:48.067-0600][gc            ] GC(4) Pause Young (Concurrent Start) (Metadata GC Threshold) 177M->13M(1024M) 12.067ms
[2025-03-04T12:20:48.067-0600][gc,cpu        ] GC(4) User=0.05s Sys=0.00s Real=0.01s
[2025-03-04T12:20:48.067-0600][gc            ] GC(5) Concurrent Cycle
[2025-03-04T12:20:48.067-0600][gc,marking    ] GC(5) Concurrent Clear Claimed Marks
[2025-03-04T12:20:48.067-0600][gc,marking    ] GC(5) Concurrent Clear Claimed Marks 0.236ms
[2025-03-04T12:20:48.068-0600][gc,marking    ] GC(5) Concurrent Scan Root Regions
[2025-03-04T12:20:48.072-0600][gc,marking    ] GC(5) Concurrent Scan Root Regions 4.302ms
[2025-03-04T12:20:48.072-0600][gc,marking    ] GC(5) Concurrent Mark (9.732s)
[2025-03-04T12:20:48.072-0600][gc,marking    ] GC(5) Concurrent Mark From Roots
[2025-03-04T12:20:48.072-0600][gc,task       ] GC(5) Using 2 workers of 2 for marking
[2025-03-04T12:20:48.080-0600][gc,marking    ] GC(5) Concurrent Mark From Roots 8.019ms
[2025-03-04T12:20:48.080-0600][gc,marking    ] GC(5) Concurrent Preclean
[2025-03-04T12:20:48.080-0600][gc,marking    ] GC(5) Concurrent Preclean 0.279ms
[2025-03-04T12:20:48.081-0600][gc,marking    ] GC(5) Concurrent Mark (9.732s, 9.741s) 8.565ms
[2025-03-04T12:20:48.081-0600][gc,start      ] GC(5) Pause Remark
[2025-03-04T12:20:48.088-0600][gc,stringtable] GC(5) Cleaned string and symbol table, strings: 10062 processed, 13 removed, symbols: 81477 processed, 15 removed
[2025-03-04T12:20:48.089-0600][gc            ] GC(5) Pause Remark 14M->14M(1024M) 7.939ms
[2025-03-04T12:20:48.089-0600][gc,cpu        ] GC(5) User=0.02s Sys=0.00s Real=0.00s
[2025-03-04T12:20:48.090-0600][gc,marking    ] GC(5) Concurrent Rebuild Remembered Sets
[2025-03-04T12:20:48.094-0600][gc,marking    ] GC(5) Concurrent Rebuild Remembered Sets 3.921ms
[2025-03-04T12:20:48.094-0600][gc,start      ] GC(5) Pause Cleanup
[2025-03-04T12:20:48.095-0600][gc            ] GC(5) Pause Cleanup 14M->14M(1024M) 0.617ms
[2025-03-04T12:20:48.095-0600][gc,cpu        ] GC(5) User=0.01s Sys=0.00s Real=0.00s
[2025-03-04T12:20:48.095-0600][gc,marking    ] GC(5) Concurrent Cleanup for Next Mark
[2025-03-04T12:20:48.130-0600][gc,marking    ] GC(5) Concurrent Cleanup for Next Mark 34.853ms
[2025-03-04T12:20:48.130-0600][gc            ] GC(5) Concurrent Cycle 62.865ms
[2025-03-04T12:20:48.352-0600][gc,heap,exit  ] Heap
[2025-03-04T12:20:48.352-0600][gc,heap,exit  ]  garbage-first heap   total 1048576K, used 18263K [0x00000000c0000000, 0x0000000100000000)
[2025-03-04T12:20:48.352-0600][gc,heap,exit  ]   region size 1024K, 11 young (11264K), 6 survivors (6144K)
[2025-03-04T12:20:48.352-0600][gc,heap,exit  ]  Metaspace       used 34862K, capacity 36286K, committed 36480K, reserved 1081344K
[2025-03-04T12:20:48.352-0600][gc,heap,exit  ]   class space    used 4495K, capacity 5148K, committed 5248K, reserved 1048576K
