[2025-03-02T00:42:40.588-0600][gc,heap] Heap region size: 1M
[2025-03-02T00:42:40.618-0600][gc     ] Using G1
[2025-03-02T00:42:40.619-0600][gc,heap,coops] Heap address: 0x00000000c0000000, size: 1024 MB, Compressed Oops mode: 32-bit
[2025-03-02T00:42:40.619-0600][gc,cds       ] Mark closed archive regions in map: [0x00000000fff00000, 0x00000000fff6bff8]
[2025-03-02T00:42:40.619-0600][gc,cds       ] Mark open archive regions in map: [0x00000000ffe00000, 0x00000000ffe47ff8]
[2025-03-02T00:42:42.418-0600][gc,start     ] GC(0) Pause Young (Normal) (G1 Evacuation Pause)
[2025-03-02T00:42:42.419-0600][gc,task      ] GC(0) Using 8 workers of 8 for evacuation
[2025-03-02T00:42:42.433-0600][gc,phases    ] GC(0)   Pre Evacuate Collection Set: 0.5ms
[2025-03-02T00:42:42.433-0600][gc,phases    ] GC(0)   Evacuate Collection Set: 11.2ms
[2025-03-02T00:42:42.433-0600][gc,phases    ] GC(0)   Post Evacuate Collection Set: 1.5ms
[2025-03-02T00:42:42.433-0600][gc,phases    ] GC(0)   Other: 1.8ms
[2025-03-02T00:42:42.433-0600][gc,heap      ] GC(0) Eden regions: 51->0(44)
[2025-03-02T00:42:42.433-0600][gc,heap      ] GC(0) Survivor regions: 0->7(7)
[2025-03-02T00:42:42.433-0600][gc,heap      ] GC(0) Old regions: 2->3
[2025-03-02T00:42:42.433-0600][gc,heap      ] GC(0) Humongous regions: 0->0
[2025-03-02T00:42:42.433-0600][gc,metaspace ] GC(0) Metaspace: 13326K(14080K)->13326K(14080K) NonClass: 11498K(12032K)->11498K(12032K) Class: 1828K(2048K)->1828K(2048K)
[2025-03-02T00:42:42.433-0600][gc           ] GC(0) Pause Young (Normal) (G1 Evacuation Pause) 51M->8M(1024M) 15.158ms
[2025-03-02T00:42:42.433-0600][gc,cpu       ] GC(0) User=0.06s Sys=0.02s Real=0.02s
[2025-03-02T00:42:43.221-0600][gc,start     ] GC(1) Pause Young (Concurrent Start) (Metadata GC Threshold)
[2025-03-02T00:42:43.221-0600][gc,task      ] GC(1) Using 8 workers of 8 for evacuation
[2025-03-02T00:42:43.233-0600][gc,phases    ] GC(1)   Pre Evacuate Collection Set: 0.1ms
[2025-03-02T00:42:43.233-0600][gc,phases    ] GC(1)   Evacuate Collection Set: 10.2ms
[2025-03-02T00:42:43.233-0600][gc,phases    ] GC(1)   Post Evacuate Collection Set: 1.0ms
[2025-03-02T00:42:43.233-0600][gc,phases    ] GC(1)   Other: 0.5ms
[2025-03-02T00:42:43.233-0600][gc,heap      ] GC(1) Eden regions: 33->0(49)
[2025-03-02T00:42:43.233-0600][gc,heap      ] GC(1) Survivor regions: 7->2(7)
[2025-03-02T00:42:43.233-0600][gc,heap      ] GC(1) Old regions: 3->10
[2025-03-02T00:42:43.233-0600][gc,heap      ] GC(1) Humongous regions: 0->0
[2025-03-02T00:42:43.233-0600][gc,metaspace ] GC(1) Metaspace: 20538K(21248K)->20538K(21248K) NonClass: 17787K(18176K)->17787K(18176K) Class: 2751K(3072K)->2751K(3072K)
[2025-03-02T00:42:43.233-0600][gc           ] GC(1) Pause Young (Concurrent Start) (Metadata GC Threshold) 40M->9M(1024M) 12.036ms
[2025-03-02T00:42:43.233-0600][gc,cpu       ] GC(1) User=0.08s Sys=0.00s Real=0.02s
[2025-03-02T00:42:43.233-0600][gc           ] GC(2) Concurrent Cycle
[2025-03-02T00:42:43.233-0600][gc,marking   ] GC(2) Concurrent Clear Claimed Marks
[2025-03-02T00:42:43.234-0600][gc,marking   ] GC(2) Concurrent Clear Claimed Marks 0.109ms
[2025-03-02T00:42:43.234-0600][gc,marking   ] GC(2) Concurrent Scan Root Regions
[2025-03-02T00:42:43.235-0600][gc,marking   ] GC(2) Concurrent Scan Root Regions 1.451ms
[2025-03-02T00:42:43.235-0600][gc,marking   ] GC(2) Concurrent Mark (2.657s)
[2025-03-02T00:42:43.235-0600][gc,marking   ] GC(2) Concurrent Mark From Roots
[2025-03-02T00:42:43.235-0600][gc,task      ] GC(2) Using 2 workers of 2 for marking
[2025-03-02T00:42:43.241-0600][gc,marking   ] GC(2) Concurrent Mark From Roots 5.811ms
[2025-03-02T00:42:43.241-0600][gc,marking   ] GC(2) Concurrent Preclean
[2025-03-02T00:42:43.241-0600][gc,marking   ] GC(2) Concurrent Preclean 0.141ms
[2025-03-02T00:42:43.241-0600][gc,marking   ] GC(2) Concurrent Mark (2.657s, 2.663s) 6.075ms
[2025-03-02T00:42:43.242-0600][gc,start     ] GC(2) Pause Remark
[2025-03-02T00:42:43.245-0600][gc,stringtable] GC(2) Cleaned string and symbol table, strings: 5790 processed, 0 removed, symbols: 54482 processed, 58 removed
[2025-03-02T00:42:43.245-0600][gc            ] GC(2) Pause Remark 10M->10M(1024M) 3.717ms
[2025-03-02T00:42:43.246-0600][gc,cpu        ] GC(2) User=0.01s Sys=0.00s Real=0.01s
[2025-03-02T00:42:43.246-0600][gc,marking    ] GC(2) Concurrent Rebuild Remembered Sets
[2025-03-02T00:42:43.248-0600][gc,marking    ] GC(2) Concurrent Rebuild Remembered Sets 2.646ms
[2025-03-02T00:42:43.249-0600][gc,start      ] GC(2) Pause Cleanup
[2025-03-02T00:42:43.249-0600][gc            ] GC(2) Pause Cleanup 10M->10M(1024M) 0.364ms
[2025-03-02T00:42:43.249-0600][gc,cpu        ] GC(2) User=0.00s Sys=0.00s Real=0.00s
[2025-03-02T00:42:43.249-0600][gc,marking    ] GC(2) Concurrent Cleanup for Next Mark
[2025-03-02T00:42:43.257-0600][gc,marking    ] GC(2) Concurrent Cleanup for Next Mark 8.073ms
[2025-03-02T00:42:43.257-0600][gc            ] GC(2) Concurrent Cycle 24.179ms
[2025-03-02T00:42:44.359-0600][gc,start      ] GC(3) Pause Young (Normal) (G1 Evacuation Pause)
[2025-03-02T00:42:44.359-0600][gc,task       ] GC(3) Using 8 workers of 8 for evacuation
[2025-03-02T00:42:44.363-0600][gc,phases     ] GC(3)   Pre Evacuate Collection Set: 0.1ms
[2025-03-02T00:42:44.363-0600][gc,phases     ] GC(3)   Evacuate Collection Set: 3.1ms
[2025-03-02T00:42:44.363-0600][gc,phases     ] GC(3)   Post Evacuate Collection Set: 0.8ms
[2025-03-02T00:42:44.363-0600][gc,phases     ] GC(3)   Other: 0.3ms
[2025-03-02T00:42:44.363-0600][gc,heap       ] GC(3) Eden regions: 49->0(47)
[2025-03-02T00:42:44.363-0600][gc,heap       ] GC(3) Survivor regions: 2->4(7)
[2025-03-02T00:42:44.363-0600][gc,heap       ] GC(3) Old regions: 10->10
[2025-03-02T00:42:44.363-0600][gc,heap       ] GC(3) Humongous regions: 129->129
[2025-03-02T00:42:44.363-0600][gc,metaspace  ] GC(3) Metaspace: 28084K(29184K)->28084K(29184K) NonClass: 24481K(25088K)->24481K(25088K) Class: 3603K(4096K)->3603K(4096K)
[2025-03-02T00:42:44.363-0600][gc            ] GC(3) Pause Young (Normal) (G1 Evacuation Pause) 187M->140M(1024M) 4.429ms
[2025-03-02T00:42:44.363-0600][gc,cpu        ] GC(3) User=0.02s Sys=0.01s Real=0.01s
[2025-03-02T00:42:45.171-0600][gc,start      ] GC(4) Pause Young (Concurrent Start) (Metadata GC Threshold)
[2025-03-02T00:42:45.171-0600][gc,task       ] GC(4) Using 8 workers of 8 for evacuation
[2025-03-02T00:42:45.190-0600][gc,phases     ] GC(4)   Pre Evacuate Collection Set: 0.2ms
[2025-03-02T00:42:45.190-0600][gc,phases     ] GC(4)   Evacuate Collection Set: 16.3ms
[2025-03-02T00:42:45.190-0600][gc,phases     ] GC(4)   Post Evacuate Collection Set: 1.6ms
[2025-03-02T00:42:45.190-0600][gc,phases     ] GC(4)   Other: 0.5ms
[2025-03-02T00:42:45.190-0600][gc,heap       ] GC(4) Eden regions: 45->0(44)
[2025-03-02T00:42:45.190-0600][gc,heap       ] GC(4) Survivor regions: 4->7(7)
[2025-03-02T00:42:45.190-0600][gc,heap       ] GC(4) Old regions: 10->10
[2025-03-02T00:42:45.190-0600][gc,heap       ] GC(4) Humongous regions: 129->129
[2025-03-02T00:42:45.190-0600][gc,metaspace  ] GC(4) Metaspace: 34413K(35840K)->34413K(35840K) NonClass: 30051K(30848K)->30051K(30848K) Class: 4362K(4992K)->4362K(4992K)
[2025-03-02T00:42:45.190-0600][gc            ] GC(4) Pause Young (Concurrent Start) (Metadata GC Threshold) 185M->144M(1024M) 18.730ms
[2025-03-02T00:42:45.190-0600][gc,cpu        ] GC(4) User=0.10s Sys=0.00s Real=0.02s
[2025-03-02T00:42:45.190-0600][gc            ] GC(5) Concurrent Cycle
[2025-03-02T00:42:45.190-0600][gc,marking    ] GC(5) Concurrent Clear Claimed Marks
[2025-03-02T00:42:45.190-0600][gc,marking    ] GC(5) Concurrent Clear Claimed Marks 0.325ms
[2025-03-02T00:42:45.190-0600][gc,marking    ] GC(5) Concurrent Scan Root Regions
[2025-03-02T00:42:45.195-0600][gc,marking    ] GC(5) Concurrent Scan Root Regions 4.526ms
[2025-03-02T00:42:45.195-0600][gc,marking    ] GC(5) Concurrent Mark (4.617s)
[2025-03-02T00:42:45.195-0600][gc,marking    ] GC(5) Concurrent Mark From Roots
[2025-03-02T00:42:45.195-0600][gc,task       ] GC(5) Using 2 workers of 2 for marking
[2025-03-02T00:42:45.201-0600][gc,marking    ] GC(5) Concurrent Mark From Roots 5.651ms
[2025-03-02T00:42:45.201-0600][gc,marking    ] GC(5) Concurrent Preclean
[2025-03-02T00:42:45.201-0600][gc,marking    ] GC(5) Concurrent Preclean 0.145ms
[2025-03-02T00:42:45.201-0600][gc,marking    ] GC(5) Concurrent Mark (4.617s, 4.623s) 5.933ms
[2025-03-02T00:42:45.201-0600][gc,start      ] GC(5) Pause Remark
[2025-03-02T00:42:45.209-0600][gc,stringtable] GC(5) Cleaned string and symbol table, strings: 10256 processed, 12 removed, symbols: 80984 processed, 15 removed
[2025-03-02T00:42:45.209-0600][gc            ] GC(5) Pause Remark 144M->144M(1024M) 7.818ms
[2025-03-02T00:42:45.209-0600][gc,cpu        ] GC(5) User=0.05s Sys=0.00s Real=0.01s
[2025-03-02T00:42:45.209-0600][gc,marking    ] GC(5) Concurrent Rebuild Remembered Sets
[2025-03-02T00:42:45.212-0600][gc,marking    ] GC(5) Concurrent Rebuild Remembered Sets 2.459ms
[2025-03-02T00:42:45.212-0600][gc,start      ] GC(5) Pause Cleanup
[2025-03-02T00:42:45.213-0600][gc            ] GC(5) Pause Cleanup 144M->144M(1024M) 0.401ms
[2025-03-02T00:42:45.213-0600][gc,cpu        ] GC(5) User=0.00s Sys=0.00s Real=0.01s
[2025-03-02T00:42:45.213-0600][gc,marking    ] GC(5) Concurrent Cleanup for Next Mark
[2025-03-02T00:42:45.229-0600][gc,marking    ] GC(5) Concurrent Cleanup for Next Mark 15.639ms
[2025-03-02T00:42:45.229-0600][gc            ] GC(5) Concurrent Cycle 38.761ms
[2025-03-02T00:42:45.761-0600][gc,heap,exit  ] Heap
[2025-03-02T00:42:45.761-0600][gc,heap,exit  ]  garbage-first heap   total 1048576K, used 154754K [0x00000000c0000000, 0x0000000100000000)
[2025-03-02T00:42:45.761-0600][gc,heap,exit  ]   region size 1024K, 15 young (15360K), 7 survivors (7168K)
[2025-03-02T00:42:45.761-0600][gc,heap,exit  ]  Metaspace       used 35344K, capacity 36791K, committed 37068K, reserved 1081344K
[2025-03-02T00:42:45.761-0600][gc,heap,exit  ]   class space    used 4535K, capacity 5196K, committed 5248K, reserved 1048576K
