[2025-03-02T00:50:50.221-0600][gc,heap] Heap region size: 1M
[2025-03-02T00:50:50.312-0600][gc     ] Using G1
[2025-03-02T00:50:50.312-0600][gc,heap,coops] Heap address: 0x00000000c0000000, size: 1024 MB, Compressed Oops mode: 32-bit
[2025-03-02T00:50:50.313-0600][gc,cds       ] Mark closed archive regions in map: [0x00000000fff00000, 0x00000000fff6bff8]
[2025-03-02T00:50:50.313-0600][gc,cds       ] Mark open archive regions in map: [0x00000000ffe00000, 0x00000000ffe47ff8]
[2025-03-02T00:50:52.203-0600][gc,start     ] GC(0) Pause Young (Normal) (G1 Evacuation Pause)
[2025-03-02T00:50:52.205-0600][gc,task      ] GC(0) Using 8 workers of 8 for evacuation
[2025-03-02T00:50:52.221-0600][gc,phases    ] GC(0)   Pre Evacuate Collection Set: 0.1ms
[2025-03-02T00:50:52.221-0600][gc,phases    ] GC(0)   Evacuate Collection Set: 14.6ms
[2025-03-02T00:50:52.221-0600][gc,phases    ] GC(0)   Post Evacuate Collection Set: 0.9ms
[2025-03-02T00:50:52.221-0600][gc,phases    ] GC(0)   Other: 1.8ms
[2025-03-02T00:50:52.221-0600][gc,heap      ] GC(0) Eden regions: 51->0(44)
[2025-03-02T00:50:52.221-0600][gc,heap      ] GC(0) Survivor regions: 0->7(7)
[2025-03-02T00:50:52.221-0600][gc,heap      ] GC(0) Old regions: 2->3
[2025-03-02T00:50:52.221-0600][gc,heap      ] GC(0) Humongous regions: 0->0
[2025-03-02T00:50:52.221-0600][gc,metaspace ] GC(0) Metaspace: 13184K(13824K)->13184K(13824K) NonClass: 11395K(11776K)->11395K(11776K) Class: 1788K(2048K)->1788K(2048K)
[2025-03-02T00:50:52.221-0600][gc           ] GC(0) Pause Young (Normal) (G1 Evacuation Pause) 51M->8M(1024M) 17.541ms
[2025-03-02T00:50:52.221-0600][gc,cpu       ] GC(0) User=0.06s Sys=0.02s Real=0.01s
[2025-03-02T00:50:53.025-0600][gc,start     ] GC(1) Pause Young (Concurrent Start) (Metadata GC Threshold)
[2025-03-02T00:50:53.025-0600][gc,task      ] GC(1) Using 8 workers of 8 for evacuation
[2025-03-02T00:50:53.036-0600][gc,phases    ] GC(1)   Pre Evacuate Collection Set: 0.1ms
[2025-03-02T00:50:53.037-0600][gc,phases    ] GC(1)   Evacuate Collection Set: 10.7ms
[2025-03-02T00:50:53.037-0600][gc,phases    ] GC(1)   Post Evacuate Collection Set: 0.8ms
[2025-03-02T00:50:53.037-0600][gc,phases    ] GC(1)   Other: 0.4ms
[2025-03-02T00:50:53.037-0600][gc,heap      ] GC(1) Eden regions: 33->0(49)
[2025-03-02T00:50:53.037-0600][gc,heap      ] GC(1) Survivor regions: 7->2(7)
[2025-03-02T00:50:53.037-0600][gc,heap      ] GC(1) Old regions: 3->10
[2025-03-02T00:50:53.037-0600][gc,heap      ] GC(1) Humongous regions: 0->0
[2025-03-02T00:50:53.037-0600][gc,metaspace ] GC(1) Metaspace: 20539K(21248K)->20539K(21248K) NonClass: 17788K(18176K)->17788K(18176K) Class: 2751K(3072K)->2751K(3072K)
[2025-03-02T00:50:53.037-0600][gc           ] GC(1) Pause Young (Concurrent Start) (Metadata GC Threshold) 41M->9M(1024M) 12.140ms
[2025-03-02T00:50:53.037-0600][gc,cpu       ] GC(1) User=0.05s Sys=0.02s Real=0.01s
[2025-03-02T00:50:53.037-0600][gc           ] GC(2) Concurrent Cycle
[2025-03-02T00:50:53.037-0600][gc,marking   ] GC(2) Concurrent Clear Claimed Marks
[2025-03-02T00:50:53.037-0600][gc,marking   ] GC(2) Concurrent Clear Claimed Marks 0.218ms
[2025-03-02T00:50:53.037-0600][gc,marking   ] GC(2) Concurrent Scan Root Regions
[2025-03-02T00:50:53.039-0600][gc,marking   ] GC(2) Concurrent Scan Root Regions 1.872ms
[2025-03-02T00:50:53.039-0600][gc,marking   ] GC(2) Concurrent Mark (2.827s)
[2025-03-02T00:50:53.039-0600][gc,marking   ] GC(2) Concurrent Mark From Roots
[2025-03-02T00:50:53.039-0600][gc,task      ] GC(2) Using 2 workers of 2 for marking
[2025-03-02T00:50:53.045-0600][gc,marking   ] GC(2) Concurrent Mark From Roots 6.130ms
[2025-03-02T00:50:53.045-0600][gc,marking   ] GC(2) Concurrent Preclean
[2025-03-02T00:50:53.046-0600][gc,marking   ] GC(2) Concurrent Preclean 0.163ms
[2025-03-02T00:50:53.046-0600][gc,marking   ] GC(2) Concurrent Mark (2.827s, 2.834s) 6.481ms
[2025-03-02T00:50:53.046-0600][gc,start     ] GC(2) Pause Remark
[2025-03-02T00:50:53.049-0600][gc,stringtable] GC(2) Cleaned string and symbol table, strings: 5785 processed, 0 removed, symbols: 54448 processed, 58 removed
[2025-03-02T00:50:53.050-0600][gc            ] GC(2) Pause Remark 9M->9M(1024M) 3.951ms
[2025-03-02T00:50:53.050-0600][gc,cpu        ] GC(2) User=0.01s Sys=0.00s Real=0.00s
[2025-03-02T00:50:53.050-0600][gc,marking    ] GC(2) Concurrent Rebuild Remembered Sets
[2025-03-02T00:50:53.054-0600][gc,marking    ] GC(2) Concurrent Rebuild Remembered Sets 3.373ms
[2025-03-02T00:50:53.054-0600][gc,start      ] GC(2) Pause Cleanup
[2025-03-02T00:50:53.055-0600][gc            ] GC(2) Pause Cleanup 9M->9M(1024M) 0.421ms
[2025-03-02T00:50:53.055-0600][gc,cpu        ] GC(2) User=0.00s Sys=0.00s Real=0.00s
[2025-03-02T00:50:53.055-0600][gc,marking    ] GC(2) Concurrent Cleanup for Next Mark
[2025-03-02T00:50:53.065-0600][gc,marking    ] GC(2) Concurrent Cleanup for Next Mark 10.130ms
[2025-03-02T00:50:53.065-0600][gc            ] GC(2) Concurrent Cycle 28.334ms
[2025-03-02T00:50:55.407-0600][gc,start      ] GC(3) Pause Young (Normal) (G1 Evacuation Pause)
[2025-03-02T00:50:55.407-0600][gc,task       ] GC(3) Using 8 workers of 8 for evacuation
[2025-03-02T00:50:55.412-0600][gc,phases     ] GC(3)   Pre Evacuate Collection Set: 0.1ms
[2025-03-02T00:50:55.413-0600][gc,phases     ] GC(3)   Evacuate Collection Set: 3.8ms
[2025-03-02T00:50:55.413-0600][gc,phases     ] GC(3)   Post Evacuate Collection Set: 0.9ms
[2025-03-02T00:50:55.413-0600][gc,phases     ] GC(3)   Other: 0.4ms
[2025-03-02T00:50:55.413-0600][gc,heap       ] GC(3) Eden regions: 49->0(47)
[2025-03-02T00:50:55.413-0600][gc,heap       ] GC(3) Survivor regions: 2->4(7)
[2025-03-02T00:50:55.413-0600][gc,heap       ] GC(3) Old regions: 10->10
[2025-03-02T00:50:55.413-0600][gc,heap       ] GC(3) Humongous regions: 129->129
[2025-03-02T00:50:55.413-0600][gc,metaspace  ] GC(3) Metaspace: 28108K(29440K)->28108K(29440K) NonClass: 24506K(25344K)->24506K(25344K) Class: 3602K(4096K)->3602K(4096K)
[2025-03-02T00:50:55.413-0600][gc            ] GC(3) Pause Young (Normal) (G1 Evacuation Pause) 187M->140M(1024M) 5.486ms
[2025-03-02T00:50:55.413-0600][gc,cpu        ] GC(3) User=0.02s Sys=0.00s Real=0.01s
[2025-03-02T00:50:56.687-0600][gc,start      ] GC(4) Pause Young (Concurrent Start) (Metadata GC Threshold)
[2025-03-02T00:50:56.687-0600][gc,task       ] GC(4) Using 8 workers of 8 for evacuation
[2025-03-02T00:50:56.697-0600][gc,phases     ] GC(4)   Pre Evacuate Collection Set: 0.2ms
[2025-03-02T00:50:56.697-0600][gc,phases     ] GC(4)   Evacuate Collection Set: 8.9ms
[2025-03-02T00:50:56.697-0600][gc,phases     ] GC(4)   Post Evacuate Collection Set: 1.0ms
[2025-03-02T00:50:56.697-0600][gc,phases     ] GC(4)   Other: 0.5ms
[2025-03-02T00:50:56.697-0600][gc,heap       ] GC(4) Eden regions: 45->0(44)
[2025-03-02T00:50:56.697-0600][gc,heap       ] GC(4) Survivor regions: 4->7(7)
[2025-03-02T00:50:56.697-0600][gc,heap       ] GC(4) Old regions: 10->10
[2025-03-02T00:50:56.697-0600][gc,heap       ] GC(4) Humongous regions: 129->129
[2025-03-02T00:50:56.697-0600][gc,metaspace  ] GC(4) Metaspace: 34427K(35840K)->34427K(35840K) NonClass: 30062K(30848K)->30062K(30848K) Class: 4364K(4992K)->4364K(4992K)
[2025-03-02T00:50:56.697-0600][gc            ] GC(4) Pause Young (Concurrent Start) (Metadata GC Threshold) 185M->143M(1024M) 10.874ms
[2025-03-02T00:50:56.697-0600][gc,cpu        ] GC(4) User=0.06s Sys=0.00s Real=0.01s
[2025-03-02T00:50:56.698-0600][gc            ] GC(5) Concurrent Cycle
[2025-03-02T00:50:56.698-0600][gc,marking    ] GC(5) Concurrent Clear Claimed Marks
[2025-03-02T00:50:56.698-0600][gc,marking    ] GC(5) Concurrent Clear Claimed Marks 0.240ms
[2025-03-02T00:50:56.698-0600][gc,marking    ] GC(5) Concurrent Scan Root Regions
[2025-03-02T00:50:56.701-0600][gc,marking    ] GC(5) Concurrent Scan Root Regions 3.172ms
[2025-03-02T00:50:56.701-0600][gc,marking    ] GC(5) Concurrent Mark (6.489s)
[2025-03-02T00:50:56.701-0600][gc,marking    ] GC(5) Concurrent Mark From Roots
[2025-03-02T00:50:56.701-0600][gc,task       ] GC(5) Using 2 workers of 2 for marking
[2025-03-02T00:50:56.709-0600][gc,marking    ] GC(5) Concurrent Mark From Roots 7.953ms
[2025-03-02T00:50:56.709-0600][gc,marking    ] GC(5) Concurrent Preclean
[2025-03-02T00:50:56.710-0600][gc,marking    ] GC(5) Concurrent Preclean 0.273ms
[2025-03-02T00:50:56.710-0600][gc,marking    ] GC(5) Concurrent Mark (6.489s, 6.498s) 8.448ms
[2025-03-02T00:50:56.710-0600][gc,start      ] GC(5) Pause Remark
[2025-03-02T00:50:56.720-0600][gc,stringtable] GC(5) Cleaned string and symbol table, strings: 10203 processed, 12 removed, symbols: 80978 processed, 15 removed
[2025-03-02T00:50:56.720-0600][gc            ] GC(5) Pause Remark 144M->144M(1024M) 10.032ms
[2025-03-02T00:50:56.720-0600][gc,cpu        ] GC(5) User=0.04s Sys=0.01s Real=0.01s
[2025-03-02T00:50:56.720-0600][gc,marking    ] GC(5) Concurrent Rebuild Remembered Sets
[2025-03-02T00:50:56.724-0600][gc,marking    ] GC(5) Concurrent Rebuild Remembered Sets 3.603ms
[2025-03-02T00:50:56.725-0600][gc,start      ] GC(5) Pause Cleanup
[2025-03-02T00:50:56.725-0600][gc            ] GC(5) Pause Cleanup 144M->144M(1024M) 0.725ms
[2025-03-02T00:50:56.726-0600][gc,cpu        ] GC(5) User=0.00s Sys=0.00s Real=0.00s
[2025-03-02T00:50:56.726-0600][gc,marking    ] GC(5) Concurrent Cleanup for Next Mark
[2025-03-02T00:50:56.865-0600][gc,marking    ] GC(5) Concurrent Cleanup for Next Mark 138.883ms
[2025-03-02T00:50:56.865-0600][gc            ] GC(5) Concurrent Cycle 167.163ms
[2025-03-02T00:50:57.684-0600][gc,heap,exit  ] Heap
[2025-03-02T00:50:57.684-0600][gc,heap,exit  ]  garbage-first heap   total 1048576K, used 154413K [0x00000000c0000000, 0x0000000100000000)
[2025-03-02T00:50:57.684-0600][gc,heap,exit  ]   region size 1024K, 15 young (15360K), 7 survivors (7168K)
[2025-03-02T00:50:57.684-0600][gc,heap,exit  ]  Metaspace       used 35366K, capacity 36793K, committed 36864K, reserved 1081344K
[2025-03-02T00:50:57.684-0600][gc,heap,exit  ]   class space    used 4538K, capacity 5196K, committed 5248K, reserved 1048576K
