[2025-03-03T12:56:23.584-0600][gc,heap] Heap region size: 1M
[2025-03-03T12:56:23.642-0600][gc     ] Using G1
[2025-03-03T12:56:23.642-0600][gc,heap,coops] Heap address: 0x00000000c0000000, size: 1024 MB, Compressed Oops mode: 32-bit
[2025-03-03T12:56:23.643-0600][gc,cds       ] Mark closed archive regions in map: [0x00000000fff00000, 0x00000000fff6bff8]
[2025-03-03T12:56:23.643-0600][gc,cds       ] Mark open archive regions in map: [0x00000000ffe00000, 0x00000000ffe47ff8]
[2025-03-03T12:56:27.397-0600][gc,start     ] GC(0) Pause Young (Normal) (G1 Evacuation Pause)
[2025-03-03T12:56:27.403-0600][gc,task      ] GC(0) Using 8 workers of 8 for evacuation
[2025-03-03T12:56:27.432-0600][gc,mmu       ] GC(0) MMU target violated: 21.0ms (20.0ms/21.0ms)
[2025-03-03T12:56:27.432-0600][gc,phases    ] GC(0)   Pre Evacuate Collection Set: 0.1ms
[2025-03-03T12:56:27.432-0600][gc,phases    ] GC(0)   Evacuate Collection Set: 26.0ms
[2025-03-03T12:56:27.432-0600][gc,phases    ] GC(0)   Post Evacuate Collection Set: 2.1ms
[2025-03-03T12:56:27.432-0600][gc,phases    ] GC(0)   Other: 6.7ms
[2025-03-03T12:56:27.432-0600][gc,heap      ] GC(0) Eden regions: 51->0(44)
[2025-03-03T12:56:27.432-0600][gc,heap      ] GC(0) Survivor regions: 0->7(7)
[2025-03-03T12:56:27.432-0600][gc,heap      ] GC(0) Old regions: 2->3
[2025-03-03T12:56:27.432-0600][gc,heap      ] GC(0) Humongous regions: 0->0
[2025-03-03T12:56:27.432-0600][gc,metaspace ] GC(0) Metaspace: 13323K(14080K)->13323K(14080K) NonClass: 11495K(12032K)->11495K(12032K) Class: 1828K(2048K)->1828K(2048K)
[2025-03-03T12:56:27.432-0600][gc           ] GC(0) Pause Young (Normal) (G1 Evacuation Pause) 51M->8M(1024M) 34.888ms
[2025-03-03T12:56:27.432-0600][gc,cpu       ] GC(0) User=0.06s Sys=0.14s Real=0.03s
[2025-03-03T12:56:28.881-0600][gc,start     ] GC(1) Pause Young (Concurrent Start) (Metadata GC Threshold)
[2025-03-03T12:56:28.881-0600][gc,task      ] GC(1) Using 8 workers of 8 for evacuation
[2025-03-03T12:56:28.910-0600][gc,mmu       ] GC(1) MMU target violated: 21.0ms (20.0ms/21.0ms)
[2025-03-03T12:56:28.910-0600][gc,phases    ] GC(1)   Pre Evacuate Collection Set: 0.1ms
[2025-03-03T12:56:28.910-0600][gc,phases    ] GC(1)   Evacuate Collection Set: 26.6ms
[2025-03-03T12:56:28.910-0600][gc,phases    ] GC(1)   Post Evacuate Collection Set: 1.1ms
[2025-03-03T12:56:28.910-0600][gc,phases    ] GC(1)   Other: 1.3ms
[2025-03-03T12:56:28.910-0600][gc,heap      ] GC(1) Eden regions: 33->0(49)
[2025-03-03T12:56:28.910-0600][gc,heap      ] GC(1) Survivor regions: 7->2(7)
[2025-03-03T12:56:28.910-0600][gc,heap      ] GC(1) Old regions: 3->10
[2025-03-03T12:56:28.910-0600][gc,heap      ] GC(1) Humongous regions: 0->0
[2025-03-03T12:56:28.910-0600][gc,metaspace ] GC(1) Metaspace: 20539K(21248K)->20539K(21248K) NonClass: 17788K(18176K)->17788K(18176K) Class: 2751K(3072K)->2751K(3072K)
[2025-03-03T12:56:28.910-0600][gc           ] GC(1) Pause Young (Concurrent Start) (Metadata GC Threshold) 40M->9M(1024M) 29.251ms
[2025-03-03T12:56:28.910-0600][gc,cpu       ] GC(1) User=0.04s Sys=0.08s Real=0.03s
[2025-03-03T12:56:28.910-0600][gc           ] GC(2) Concurrent Cycle
[2025-03-03T12:56:28.910-0600][gc,marking   ] GC(2) Concurrent Clear Claimed Marks
[2025-03-03T12:56:28.910-0600][gc,marking   ] GC(2) Concurrent Clear Claimed Marks 0.202ms
[2025-03-03T12:56:28.910-0600][gc,marking   ] GC(2) Concurrent Scan Root Regions
[2025-03-03T12:56:28.913-0600][gc,marking   ] GC(2) Concurrent Scan Root Regions 2.076ms
[2025-03-03T12:56:28.913-0600][gc,marking   ] GC(2) Concurrent Mark (5.347s)
[2025-03-03T12:56:28.913-0600][gc,marking   ] GC(2) Concurrent Mark From Roots
[2025-03-03T12:56:28.913-0600][gc,task      ] GC(2) Using 2 workers of 2 for marking
[2025-03-03T12:56:28.920-0600][gc,marking   ] GC(2) Concurrent Mark From Roots 7.616ms
[2025-03-03T12:56:28.920-0600][gc,marking   ] GC(2) Concurrent Preclean
[2025-03-03T12:56:28.921-0600][gc,marking   ] GC(2) Concurrent Preclean 0.389ms
[2025-03-03T12:56:28.921-0600][gc,marking   ] GC(2) Concurrent Mark (5.347s, 5.355s) 8.298ms
[2025-03-03T12:56:28.921-0600][gc,start     ] GC(2) Pause Remark
[2025-03-03T12:56:28.927-0600][gc,stringtable] GC(2) Cleaned string and symbol table, strings: 5792 processed, 0 removed, symbols: 54497 processed, 58 removed
[2025-03-03T12:56:28.928-0600][gc            ] GC(2) Pause Remark 10M->10M(1024M) 6.462ms
[2025-03-03T12:56:28.928-0600][gc,cpu        ] GC(2) User=0.02s Sys=0.01s Real=0.01s
[2025-03-03T12:56:28.928-0600][gc,marking    ] GC(2) Concurrent Rebuild Remembered Sets
[2025-03-03T12:56:28.932-0600][gc,marking    ] GC(2) Concurrent Rebuild Remembered Sets 3.585ms
[2025-03-03T12:56:28.932-0600][gc,start      ] GC(2) Pause Cleanup
[2025-03-03T12:56:28.933-0600][gc            ] GC(2) Pause Cleanup 10M->10M(1024M) 0.545ms
[2025-03-03T12:56:28.933-0600][gc,cpu        ] GC(2) User=0.00s Sys=0.00s Real=0.00s
[2025-03-03T12:56:28.933-0600][gc,marking    ] GC(2) Concurrent Cleanup for Next Mark
[2025-03-03T12:56:29.067-0600][gc,marking    ] GC(2) Concurrent Cleanup for Next Mark 133.893ms
[2025-03-03T12:56:29.067-0600][gc            ] GC(2) Concurrent Cycle 157.096ms
[2025-03-03T12:56:33.341-0600][gc,start      ] GC(3) Pause Young (Normal) (G1 Evacuation Pause)
[2025-03-03T12:56:33.341-0600][gc,task       ] GC(3) Using 8 workers of 8 for evacuation
[2025-03-03T12:56:33.350-0600][gc,phases     ] GC(3)   Pre Evacuate Collection Set: 0.0ms
[2025-03-03T12:56:33.350-0600][gc,phases     ] GC(3)   Evacuate Collection Set: 7.6ms
[2025-03-03T12:56:33.350-0600][gc,phases     ] GC(3)   Post Evacuate Collection Set: 1.1ms
[2025-03-03T12:56:33.350-0600][gc,phases     ] GC(3)   Other: 0.3ms
[2025-03-03T12:56:33.350-0600][gc,heap       ] GC(3) Eden regions: 49->0(47)
[2025-03-03T12:56:33.350-0600][gc,heap       ] GC(3) Survivor regions: 2->4(7)
[2025-03-03T12:56:33.350-0600][gc,heap       ] GC(3) Old regions: 10->10
[2025-03-03T12:56:33.350-0600][gc,heap       ] GC(3) Humongous regions: 129->129
[2025-03-03T12:56:33.350-0600][gc,metaspace  ] GC(3) Metaspace: 28019K(29184K)->28019K(29184K) NonClass: 24420K(25088K)->24420K(25088K) Class: 3598K(4096K)->3598K(4096K)
[2025-03-03T12:56:33.350-0600][gc            ] GC(3) Pause Young (Normal) (G1 Evacuation Pause) 187M->140M(1024M) 9.185ms
[2025-03-03T12:56:33.350-0600][gc,cpu        ] GC(3) User=0.05s Sys=0.00s Real=0.01s
[2025-03-03T12:56:34.409-0600][gc,start      ] GC(4) Pause Young (Concurrent Start) (Metadata GC Threshold)
[2025-03-03T12:56:34.409-0600][gc,task       ] GC(4) Using 8 workers of 8 for evacuation
[2025-03-03T12:56:34.420-0600][gc,phases     ] GC(4)   Pre Evacuate Collection Set: 0.3ms
[2025-03-03T12:56:34.420-0600][gc,phases     ] GC(4)   Evacuate Collection Set: 9.3ms
[2025-03-03T12:56:34.420-0600][gc,phases     ] GC(4)   Post Evacuate Collection Set: 1.4ms
[2025-03-03T12:56:34.420-0600][gc,phases     ] GC(4)   Other: 0.4ms
[2025-03-03T12:56:34.420-0600][gc,heap       ] GC(4) Eden regions: 46->0(44)
[2025-03-03T12:56:34.420-0600][gc,heap       ] GC(4) Survivor regions: 4->7(7)
[2025-03-03T12:56:34.420-0600][gc,heap       ] GC(4) Old regions: 10->10
[2025-03-03T12:56:34.420-0600][gc,heap       ] GC(4) Humongous regions: 129->129
[2025-03-03T12:56:34.420-0600][gc,metaspace  ] GC(4) Metaspace: 34413K(35840K)->34413K(35840K) NonClass: 30051K(30848K)->30051K(30848K) Class: 4362K(4992K)->4362K(4992K)
[2025-03-03T12:56:34.420-0600][gc            ] GC(4) Pause Young (Concurrent Start) (Metadata GC Threshold) 185M->143M(1024M) 11.722ms
[2025-03-03T12:56:34.420-0600][gc,cpu        ] GC(4) User=0.05s Sys=0.00s Real=0.01s
[2025-03-03T12:56:34.421-0600][gc            ] GC(5) Concurrent Cycle
[2025-03-03T12:56:34.421-0600][gc,marking    ] GC(5) Concurrent Clear Claimed Marks
[2025-03-03T12:56:34.421-0600][gc,marking    ] GC(5) Concurrent Clear Claimed Marks 0.386ms
[2025-03-03T12:56:34.421-0600][gc,marking    ] GC(5) Concurrent Scan Root Regions
[2025-03-03T12:56:34.426-0600][gc,marking    ] GC(5) Concurrent Scan Root Regions 4.030ms
[2025-03-03T12:56:34.426-0600][gc,marking    ] GC(5) Concurrent Mark (10.860s)
[2025-03-03T12:56:34.426-0600][gc,marking    ] GC(5) Concurrent Mark From Roots
[2025-03-03T12:56:34.426-0600][gc,task       ] GC(5) Using 2 workers of 2 for marking
[2025-03-03T12:56:34.435-0600][gc,marking    ] GC(5) Concurrent Mark From Roots 8.934ms
[2025-03-03T12:56:34.435-0600][gc,marking    ] GC(5) Concurrent Preclean
[2025-03-03T12:56:34.435-0600][gc,marking    ] GC(5) Concurrent Preclean 0.219ms
[2025-03-03T12:56:34.435-0600][gc,marking    ] GC(5) Concurrent Mark (10.860s, 10.869s) 9.387ms
[2025-03-03T12:56:34.436-0600][gc,start      ] GC(5) Pause Remark
[2025-03-03T12:56:34.445-0600][gc,stringtable] GC(5) Cleaned string and symbol table, strings: 10244 processed, 12 removed, symbols: 80984 processed, 15 removed
[2025-03-03T12:56:34.445-0600][gc            ] GC(5) Pause Remark 144M->144M(1024M) 9.812ms
[2025-03-03T12:56:34.445-0600][gc,cpu        ] GC(5) User=0.05s Sys=0.01s Real=0.01s
[2025-03-03T12:56:34.446-0600][gc,marking    ] GC(5) Concurrent Rebuild Remembered Sets
[2025-03-03T12:56:34.449-0600][gc,marking    ] GC(5) Concurrent Rebuild Remembered Sets 3.822ms
[2025-03-03T12:56:34.450-0600][gc,start      ] GC(5) Pause Cleanup
[2025-03-03T12:56:34.451-0600][gc            ] GC(5) Pause Cleanup 144M->144M(1024M) 0.594ms
[2025-03-03T12:56:34.451-0600][gc,cpu        ] GC(5) User=0.00s Sys=0.00s Real=0.00s
[2025-03-03T12:56:34.451-0600][gc,marking    ] GC(5) Concurrent Cleanup for Next Mark
[2025-03-03T12:56:34.554-0600][gc,marking    ] GC(5) Concurrent Cleanup for Next Mark 102.305ms
[2025-03-03T12:56:34.554-0600][gc            ] GC(5) Concurrent Cycle 133.024ms
[2025-03-03T12:56:35.262-0600][gc,heap,exit  ] Heap
[2025-03-03T12:56:35.262-0600][gc,heap,exit  ]  garbage-first heap   total 1048576K, used 154516K [0x00000000c0000000, 0x0000000100000000)
[2025-03-03T12:56:35.262-0600][gc,heap,exit  ]   region size 1024K, 15 young (15360K), 7 survivors (7168K)
[2025-03-03T12:56:35.262-0600][gc,heap,exit  ]  Metaspace       used 35337K, capacity 36789K, committed 36812K, reserved 1081344K
[2025-03-03T12:56:35.262-0600][gc,heap,exit  ]   class space    used 4535K, capacity 5196K, committed 5196K, reserved 1048576K
