[2025-03-02T00:44:03.156-0600][gc,heap] Heap region size: 1M
[2025-03-02T00:44:03.168-0600][gc     ] Using G1
[2025-03-02T00:44:03.169-0600][gc,heap,coops] Heap address: 0x00000000c0000000, size: 1024 MB, Compressed Oops mode: 32-bit
[2025-03-02T00:44:03.169-0600][gc,cds       ] Mark closed archive regions in map: [0x00000000fff00000, 0x00000000fff6bff8]
[2025-03-02T00:44:03.169-0600][gc,cds       ] Mark open archive regions in map: [0x00000000ffe00000, 0x00000000ffe47ff8]
[2025-03-02T00:44:04.600-0600][gc,start     ] GC(0) Pause Young (Normal) (G1 Evacuation Pause)
[2025-03-02T00:44:04.601-0600][gc,task      ] GC(0) Using 8 workers of 8 for evacuation
[2025-03-02T00:44:04.617-0600][gc,phases    ] GC(0)   Pre Evacuate Collection Set: 0.1ms
[2025-03-02T00:44:04.617-0600][gc,phases    ] GC(0)   Evacuate Collection Set: 14.7ms
[2025-03-02T00:44:04.617-0600][gc,phases    ] GC(0)   Post Evacuate Collection Set: 0.9ms
[2025-03-02T00:44:04.617-0600][gc,phases    ] GC(0)   Other: 1.8ms
[2025-03-02T00:44:04.617-0600][gc,heap      ] GC(0) Eden regions: 51->0(44)
[2025-03-02T00:44:04.617-0600][gc,heap      ] GC(0) Survivor regions: 0->7(7)
[2025-03-02T00:44:04.617-0600][gc,heap      ] GC(0) Old regions: 2->3
[2025-03-02T00:44:04.617-0600][gc,heap      ] GC(0) Humongous regions: 0->0
[2025-03-02T00:44:04.617-0600][gc,metaspace ] GC(0) Metaspace: 13318K(14080K)->13318K(14080K) NonClass: 11489K(12032K)->11489K(12032K) Class: 1828K(2048K)->1828K(2048K)
[2025-03-02T00:44:04.617-0600][gc           ] GC(0) Pause Young (Normal) (G1 Evacuation Pause) 51M->8M(1024M) 17.665ms
[2025-03-02T00:44:04.617-0600][gc,cpu       ] GC(0) User=0.04s Sys=0.06s Real=0.02s
[2025-03-02T00:44:05.242-0600][gc,start     ] GC(1) Pause Young (Concurrent Start) (Metadata GC Threshold)
[2025-03-02T00:44:05.242-0600][gc,task      ] GC(1) Using 8 workers of 8 for evacuation
[2025-03-02T00:44:05.253-0600][gc,phases    ] GC(1)   Pre Evacuate Collection Set: 0.1ms
[2025-03-02T00:44:05.253-0600][gc,phases    ] GC(1)   Evacuate Collection Set: 9.8ms
[2025-03-02T00:44:05.253-0600][gc,phases    ] GC(1)   Post Evacuate Collection Set: 0.9ms
[2025-03-02T00:44:05.253-0600][gc,phases    ] GC(1)   Other: 0.5ms
[2025-03-02T00:44:05.253-0600][gc,heap      ] GC(1) Eden regions: 33->0(49)
[2025-03-02T00:44:05.253-0600][gc,heap      ] GC(1) Survivor regions: 7->2(7)
[2025-03-02T00:44:05.253-0600][gc,heap      ] GC(1) Old regions: 3->10
[2025-03-02T00:44:05.253-0600][gc,heap      ] GC(1) Humongous regions: 0->0
[2025-03-02T00:44:05.253-0600][gc,metaspace ] GC(1) Metaspace: 20531K(21248K)->20531K(21248K) NonClass: 17780K(18176K)->17780K(18176K) Class: 2751K(3072K)->2751K(3072K)
[2025-03-02T00:44:05.253-0600][gc           ] GC(1) Pause Young (Concurrent Start) (Metadata GC Threshold) 40M->9M(1024M) 11.492ms
[2025-03-02T00:44:05.253-0600][gc,cpu       ] GC(1) User=0.06s Sys=0.02s Real=0.02s
[2025-03-02T00:44:05.254-0600][gc           ] GC(2) Concurrent Cycle
[2025-03-02T00:44:05.254-0600][gc,marking   ] GC(2) Concurrent Clear Claimed Marks
[2025-03-02T00:44:05.254-0600][gc,marking   ] GC(2) Concurrent Clear Claimed Marks 0.118ms
[2025-03-02T00:44:05.254-0600][gc,marking   ] GC(2) Concurrent Scan Root Regions
[2025-03-02T00:44:05.255-0600][gc,marking   ] GC(2) Concurrent Scan Root Regions 1.318ms
[2025-03-02T00:44:05.255-0600][gc,marking   ] GC(2) Concurrent Mark (2.106s)
[2025-03-02T00:44:05.255-0600][gc,marking   ] GC(2) Concurrent Mark From Roots
[2025-03-02T00:44:05.255-0600][gc,task      ] GC(2) Using 2 workers of 2 for marking
[2025-03-02T00:44:05.261-0600][gc,marking   ] GC(2) Concurrent Mark From Roots 5.696ms
[2025-03-02T00:44:05.261-0600][gc,marking   ] GC(2) Concurrent Preclean
[2025-03-02T00:44:05.261-0600][gc,marking   ] GC(2) Concurrent Preclean 0.182ms
[2025-03-02T00:44:05.261-0600][gc,marking   ] GC(2) Concurrent Mark (2.106s, 2.112s) 6.030ms
[2025-03-02T00:44:05.262-0600][gc,start     ] GC(2) Pause Remark
[2025-03-02T00:44:05.265-0600][gc,stringtable] GC(2) Cleaned string and symbol table, strings: 5795 processed, 0 removed, symbols: 54496 processed, 58 removed
[2025-03-02T00:44:05.265-0600][gc            ] GC(2) Pause Remark 9M->9M(1024M) 3.824ms
[2025-03-02T00:44:05.265-0600][gc,cpu        ] GC(2) User=0.02s Sys=0.00s Real=0.01s
[2025-03-02T00:44:05.266-0600][gc,marking    ] GC(2) Concurrent Rebuild Remembered Sets
[2025-03-02T00:44:05.268-0600][gc,marking    ] GC(2) Concurrent Rebuild Remembered Sets 2.773ms
[2025-03-02T00:44:05.269-0600][gc,start      ] GC(2) Pause Cleanup
[2025-03-02T00:44:05.270-0600][gc            ] GC(2) Pause Cleanup 9M->9M(1024M) 0.470ms
[2025-03-02T00:44:05.270-0600][gc,cpu        ] GC(2) User=0.00s Sys=0.00s Real=0.00s
[2025-03-02T00:44:05.270-0600][gc,marking    ] GC(2) Concurrent Cleanup for Next Mark
[2025-03-02T00:44:05.278-0600][gc,marking    ] GC(2) Concurrent Cleanup for Next Mark 8.172ms
[2025-03-02T00:44:05.278-0600][gc            ] GC(2) Concurrent Cycle 24.835ms
[2025-03-02T00:44:06.290-0600][gc,start      ] GC(3) Pause Young (Normal) (G1 Evacuation Pause)
[2025-03-02T00:44:06.290-0600][gc,task       ] GC(3) Using 8 workers of 8 for evacuation
[2025-03-02T00:44:06.293-0600][gc,phases     ] GC(3)   Pre Evacuate Collection Set: 0.1ms
[2025-03-02T00:44:06.294-0600][gc,phases     ] GC(3)   Evacuate Collection Set: 2.9ms
[2025-03-02T00:44:06.294-0600][gc,phases     ] GC(3)   Post Evacuate Collection Set: 0.8ms
[2025-03-02T00:44:06.294-0600][gc,phases     ] GC(3)   Other: 0.3ms
[2025-03-02T00:44:06.294-0600][gc,heap       ] GC(3) Eden regions: 49->0(47)
[2025-03-02T00:44:06.294-0600][gc,heap       ] GC(3) Survivor regions: 2->4(7)
[2025-03-02T00:44:06.294-0600][gc,heap       ] GC(3) Old regions: 10->10
[2025-03-02T00:44:06.294-0600][gc,heap       ] GC(3) Humongous regions: 129->129
[2025-03-02T00:44:06.294-0600][gc,metaspace  ] GC(3) Metaspace: 28124K(29184K)->28124K(29184K) NonClass: 24518K(25088K)->24518K(25088K) Class: 3606K(4096K)->3606K(4096K)
[2025-03-02T00:44:06.294-0600][gc            ] GC(3) Pause Young (Normal) (G1 Evacuation Pause) 187M->140M(1024M) 4.142ms
[2025-03-02T00:44:06.294-0600][gc,cpu        ] GC(3) User=0.01s Sys=0.00s Real=0.01s
[2025-03-02T00:44:06.916-0600][gc,start      ] GC(4) Pause Young (Concurrent Start) (Metadata GC Threshold)
[2025-03-02T00:44:06.916-0600][gc,task       ] GC(4) Using 8 workers of 8 for evacuation
[2025-03-02T00:44:06.923-0600][gc,phases     ] GC(4)   Pre Evacuate Collection Set: 0.2ms
[2025-03-02T00:44:06.923-0600][gc,phases     ] GC(4)   Evacuate Collection Set: 5.6ms
[2025-03-02T00:44:06.923-0600][gc,phases     ] GC(4)   Post Evacuate Collection Set: 0.8ms
[2025-03-02T00:44:06.923-0600][gc,phases     ] GC(4)   Other: 0.4ms
[2025-03-02T00:44:06.923-0600][gc,heap       ] GC(4) Eden regions: 42->0(44)
[2025-03-02T00:44:06.923-0600][gc,heap       ] GC(4) Survivor regions: 4->7(7)
[2025-03-02T00:44:06.923-0600][gc,heap       ] GC(4) Old regions: 10->10
[2025-03-02T00:44:06.923-0600][gc,heap       ] GC(4) Humongous regions: 129->129
[2025-03-02T00:44:06.923-0600][gc,metaspace  ] GC(4) Metaspace: 34423K(35840K)->34423K(35840K) NonClass: 30150K(30976K)->30150K(30976K) Class: 4273K(4864K)->4273K(4864K)
[2025-03-02T00:44:06.923-0600][gc            ] GC(4) Pause Young (Concurrent Start) (Metadata GC Threshold) 182M->143M(1024M) 7.158ms
[2025-03-02T00:44:06.923-0600][gc,cpu        ] GC(4) User=0.01s Sys=0.02s Real=0.01s
[2025-03-02T00:44:06.923-0600][gc            ] GC(5) Concurrent Cycle
[2025-03-02T00:44:06.923-0600][gc,marking    ] GC(5) Concurrent Clear Claimed Marks
[2025-03-02T00:44:06.924-0600][gc,marking    ] GC(5) Concurrent Clear Claimed Marks 0.200ms
[2025-03-02T00:44:06.924-0600][gc,marking    ] GC(5) Concurrent Scan Root Regions
[2025-03-02T00:44:06.927-0600][gc,marking    ] GC(5) Concurrent Scan Root Regions 2.938ms
[2025-03-02T00:44:06.927-0600][gc,marking    ] GC(5) Concurrent Mark (3.777s)
[2025-03-02T00:44:06.927-0600][gc,marking    ] GC(5) Concurrent Mark From Roots
[2025-03-02T00:44:06.927-0600][gc,task       ] GC(5) Using 2 workers of 2 for marking
[2025-03-02T00:44:06.933-0600][gc,marking    ] GC(5) Concurrent Mark From Roots 6.465ms
[2025-03-02T00:44:06.933-0600][gc,marking    ] GC(5) Concurrent Preclean
[2025-03-02T00:44:06.933-0600][gc,marking    ] GC(5) Concurrent Preclean 0.169ms
[2025-03-02T00:44:06.933-0600][gc,marking    ] GC(5) Concurrent Mark (3.777s, 3.784s) 6.820ms
[2025-03-02T00:44:06.934-0600][gc,start      ] GC(5) Pause Remark
[2025-03-02T00:44:06.937-0600][gc,stringtable] GC(5) Cleaned string and symbol table, strings: 10246 processed, 12 removed, symbols: 82486 processed, 16 removed
[2025-03-02T00:44:06.938-0600][gc            ] GC(5) Pause Remark 144M->144M(1024M) 3.759ms
[2025-03-02T00:44:06.938-0600][gc,cpu        ] GC(5) User=0.02s Sys=0.00s Real=0.00s
[2025-03-02T00:44:06.938-0600][gc,marking    ] GC(5) Concurrent Rebuild Remembered Sets
[2025-03-02T00:44:06.940-0600][gc,marking    ] GC(5) Concurrent Rebuild Remembered Sets 2.489ms
[2025-03-02T00:44:06.941-0600][gc,start      ] GC(5) Pause Cleanup
[2025-03-02T00:44:06.941-0600][gc            ] GC(5) Pause Cleanup 144M->144M(1024M) 0.367ms
[2025-03-02T00:44:06.941-0600][gc,cpu        ] GC(5) User=0.01s Sys=0.00s Real=0.00s
[2025-03-02T00:44:06.941-0600][gc,marking    ] GC(5) Concurrent Cleanup for Next Mark
[2025-03-02T00:44:06.961-0600][gc,marking    ] GC(5) Concurrent Cleanup for Next Mark 19.346ms
[2025-03-02T00:44:06.961-0600][gc            ] GC(5) Concurrent Cycle 37.433ms
[2025-03-02T00:44:08.118-0600][gc,start      ] GC(6) Pause Young (Normal) (G1 Evacuation Pause)
[2025-03-02T00:44:08.118-0600][gc,task       ] GC(6) Using 8 workers of 8 for evacuation
[2025-03-02T00:44:08.129-0600][gc,phases     ] GC(6)   Pre Evacuate Collection Set: 0.1ms
[2025-03-02T00:44:08.129-0600][gc,phases     ] GC(6)   Evacuate Collection Set: 8.8ms
[2025-03-02T00:44:08.129-0600][gc,phases     ] GC(6)   Post Evacuate Collection Set: 1.9ms
[2025-03-02T00:44:08.129-0600][gc,phases     ] GC(6)   Other: 0.3ms
[2025-03-02T00:44:08.129-0600][gc,heap       ] GC(6) Eden regions: 44->0(45)
[2025-03-02T00:44:08.129-0600][gc,heap       ] GC(6) Survivor regions: 7->6(7)
[2025-03-02T00:44:08.129-0600][gc,heap       ] GC(6) Old regions: 10->13
[2025-03-02T00:44:08.129-0600][gc,heap       ] GC(6) Humongous regions: 129->129
[2025-03-02T00:44:08.129-0600][gc,metaspace  ] GC(6) Metaspace: 41453K(43776K)->41453K(43776K) NonClass: 36093K(37376K)->36093K(37376K) Class: 5360K(6400K)->5360K(6400K)
[2025-03-02T00:44:08.129-0600][gc            ] GC(6) Pause Young (Normal) (G1 Evacuation Pause) 187M->145M(1024M) 11.259ms
[2025-03-02T00:44:08.129-0600][gc,cpu        ] GC(6) User=0.03s Sys=0.04s Real=0.01s
[2025-03-02T00:48:58.607-0600][gc,heap,exit  ] Heap
[2025-03-02T00:48:58.607-0600][gc,heap,exit  ]  garbage-first heap   total 1048576K, used 226055K [0x00000000c0000000, 0x0000000100000000)
[2025-03-02T00:48:58.607-0600][gc,heap,exit  ]   region size 1024K, 41 young (41984K), 6 survivors (6144K)
[2025-03-02T00:48:58.607-0600][gc,heap,exit  ]  Metaspace       used 45872K, capacity 48676K, committed 49024K, reserved 1091584K
[2025-03-02T00:48:58.607-0600][gc,heap,exit  ]   class space    used 6314K, capacity 7713K, committed 7808K, reserved 1048576K
