[2025-02-19T11:58:00.438-0600][gc,heap] Heap region size: 1M
[2025-02-19T11:58:00.454-0600][gc     ] Using G1
[2025-02-19T11:58:00.454-0600][gc,heap,coops] Heap address: 0x00000000c0000000, size: 1024 MB, Compressed Oops mode: 32-bit
[2025-02-19T11:58:00.454-0600][gc,cds       ] Mark closed archive regions in map: [0x00000000fff00000, 0x00000000fff6bff8]
[2025-02-19T11:58:00.454-0600][gc,cds       ] Mark open archive regions in map: [0x00000000ffe00000, 0x00000000ffe47ff8]
[2025-02-19T11:58:02.784-0600][gc,start     ] GC(0) Pause Young (Normal) (G1 Evacuation Pause)
[2025-02-19T11:58:02.786-0600][gc,task      ] GC(0) Using 8 workers of 8 for evacuation
[2025-02-19T11:58:02.808-0600][gc,mmu       ] GC(0) MMU target violated: 21.0ms (20.0ms/21.0ms)
[2025-02-19T11:58:02.809-0600][gc,phases    ] GC(0)   Pre Evacuate Collection Set: 0.1ms
[2025-02-19T11:58:02.809-0600][gc,phases    ] GC(0)   Evacuate Collection Set: 20.0ms
[2025-02-19T11:58:02.809-0600][gc,phases    ] GC(0)   Post Evacuate Collection Set: 1.7ms
[2025-02-19T11:58:02.809-0600][gc,phases    ] GC(0)   Other: 3.7ms
[2025-02-19T11:58:02.809-0600][gc,heap      ] GC(0) Eden regions: 51->0(44)
[2025-02-19T11:58:02.809-0600][gc,heap      ] GC(0) Survivor regions: 0->7(7)
[2025-02-19T11:58:02.809-0600][gc,heap      ] GC(0) Old regions: 2->3
[2025-02-19T11:58:02.809-0600][gc,heap      ] GC(0) Humongous regions: 0->0
[2025-02-19T11:58:02.809-0600][gc,metaspace ] GC(0) Metaspace: 13290K(14080K)->13290K(14080K) NonClass: 11472K(12032K)->11472K(12032K) Class: 1818K(2048K)->1818K(2048K)
[2025-02-19T11:58:02.809-0600][gc           ] GC(0) Pause Young (Normal) (G1 Evacuation Pause) 51M->8M(1024M) 25.315ms
[2025-02-19T11:58:02.809-0600][gc,cpu       ] GC(0) User=0.07s Sys=0.08s Real=0.02s
[2025-02-19T11:58:04.429-0600][gc,start     ] GC(1) Pause Young (Concurrent Start) (Metadata GC Threshold)
[2025-02-19T11:58:04.429-0600][gc,task      ] GC(1) Using 8 workers of 8 for evacuation
[2025-02-19T11:58:04.449-0600][gc,mmu       ] GC(1) MMU target violated: 20.4ms (20.0ms/21.0ms)
[2025-02-19T11:58:04.450-0600][gc,phases    ] GC(1)   Pre Evacuate Collection Set: 0.1ms
[2025-02-19T11:58:04.450-0600][gc,phases    ] GC(1)   Evacuate Collection Set: 18.5ms
[2025-02-19T11:58:04.450-0600][gc,phases    ] GC(1)   Post Evacuate Collection Set: 1.3ms
[2025-02-19T11:58:04.450-0600][gc,phases    ] GC(1)   Other: 0.9ms
[2025-02-19T11:58:04.450-0600][gc,heap      ] GC(1) Eden regions: 33->0(49)
[2025-02-19T11:58:04.450-0600][gc,heap      ] GC(1) Survivor regions: 7->2(7)
[2025-02-19T11:58:04.450-0600][gc,heap      ] GC(1) Old regions: 3->10
[2025-02-19T11:58:04.450-0600][gc,heap      ] GC(1) Humongous regions: 0->0
[2025-02-19T11:58:04.450-0600][gc,metaspace ] GC(1) Metaspace: 20525K(21248K)->20525K(21248K) NonClass: 17774K(18176K)->17774K(18176K) Class: 2751K(3072K)->2751K(3072K)
[2025-02-19T11:58:04.450-0600][gc           ] GC(1) Pause Young (Concurrent Start) (Metadata GC Threshold) 40M->9M(1024M) 20.962ms
[2025-02-19T11:58:04.450-0600][gc,cpu       ] GC(1) User=0.09s Sys=0.03s Real=0.02s
[2025-02-19T11:58:04.450-0600][gc           ] GC(2) Concurrent Cycle
[2025-02-19T11:58:04.450-0600][gc,marking   ] GC(2) Concurrent Clear Claimed Marks
[2025-02-19T11:58:04.450-0600][gc,marking   ] GC(2) Concurrent Clear Claimed Marks 0.338ms
[2025-02-19T11:58:04.450-0600][gc,marking   ] GC(2) Concurrent Scan Root Regions
[2025-02-19T11:58:04.453-0600][gc,marking   ] GC(2) Concurrent Scan Root Regions 3.008ms
[2025-02-19T11:58:04.454-0600][gc,marking   ] GC(2) Concurrent Mark (4.025s)
[2025-02-19T11:58:04.454-0600][gc,marking   ] GC(2) Concurrent Mark From Roots
[2025-02-19T11:58:04.454-0600][gc,task      ] GC(2) Using 2 workers of 2 for marking
[2025-02-19T11:58:04.462-0600][gc,marking   ] GC(2) Concurrent Mark From Roots 8.589ms
[2025-02-19T11:58:04.462-0600][gc,marking   ] GC(2) Concurrent Preclean
[2025-02-19T11:58:04.463-0600][gc,marking   ] GC(2) Concurrent Preclean 0.520ms
[2025-02-19T11:58:04.463-0600][gc,marking   ] GC(2) Concurrent Mark (4.025s, 4.034s) 9.439ms
[2025-02-19T11:58:04.464-0600][gc,start     ] GC(2) Pause Remark
[2025-02-19T11:58:04.468-0600][gc,stringtable] GC(2) Cleaned string and symbol table, strings: 5789 processed, 0 removed, symbols: 54448 processed, 58 removed
[2025-02-19T11:58:04.468-0600][gc            ] GC(2) Pause Remark 9M->9M(1024M) 4.698ms
[2025-02-19T11:58:04.469-0600][gc,cpu        ] GC(2) User=0.01s Sys=0.00s Real=0.00s
[2025-02-19T11:58:04.469-0600][gc,marking    ] GC(2) Concurrent Rebuild Remembered Sets
[2025-02-19T11:58:04.473-0600][gc,marking    ] GC(2) Concurrent Rebuild Remembered Sets 4.249ms
[2025-02-19T11:58:04.474-0600][gc,start      ] GC(2) Pause Cleanup
[2025-02-19T11:58:04.475-0600][gc            ] GC(2) Pause Cleanup 9M->9M(1024M) 0.599ms
[2025-02-19T11:58:04.475-0600][gc,cpu        ] GC(2) User=0.00s Sys=0.00s Real=0.00s
[2025-02-19T11:58:04.475-0600][gc,marking    ] GC(2) Concurrent Cleanup for Next Mark
[2025-02-19T11:58:04.490-0600][gc,marking    ] GC(2) Concurrent Cleanup for Next Mark 14.936ms
[2025-02-19T11:58:04.490-0600][gc            ] GC(2) Concurrent Cycle 40.493ms
[2025-02-19T11:58:07.529-0600][gc,start      ] GC(3) Pause Young (Normal) (G1 Evacuation Pause)
[2025-02-19T11:58:07.530-0600][gc,task       ] GC(3) Using 8 workers of 8 for evacuation
[2025-02-19T11:58:07.610-0600][gc,mmu        ] GC(3) MMU target violated: 21.0ms (20.0ms/21.0ms)
[2025-02-19T11:58:07.611-0600][gc,phases     ] GC(3)   Pre Evacuate Collection Set: 35.3ms
[2025-02-19T11:58:07.611-0600][gc,phases     ] GC(3)   Evacuate Collection Set: 37.8ms
[2025-02-19T11:58:07.611-0600][gc,phases     ] GC(3)   Post Evacuate Collection Set: 4.9ms
[2025-02-19T11:58:07.611-0600][gc,phases     ] GC(3)   Other: 6.1ms
[2025-02-19T11:58:07.611-0600][gc,heap       ] GC(3) Eden regions: 49->0(47)
[2025-02-19T11:58:07.611-0600][gc,heap       ] GC(3) Survivor regions: 2->4(7)
[2025-02-19T11:58:07.611-0600][gc,heap       ] GC(3) Old regions: 10->10
[2025-02-19T11:58:07.611-0600][gc,heap       ] GC(3) Humongous regions: 129->129
[2025-02-19T11:58:07.612-0600][gc,metaspace  ] GC(3) Metaspace: 28110K(29184K)->28110K(29184K) NonClass: 24506K(25088K)->24506K(25088K) Class: 3603K(4096K)->3603K(4096K)
[2025-02-19T11:58:07.612-0600][gc            ] GC(3) Pause Young (Normal) (G1 Evacuation Pause) 187M->140M(1024M) 82.977ms
[2025-02-19T11:58:07.612-0600][gc,cpu        ] GC(3) User=0.26s Sys=0.00s Real=0.09s
[2025-02-19T11:58:09.360-0600][gc,start      ] GC(4) Pause Young (Concurrent Start) (Metadata GC Threshold)
[2025-02-19T11:58:09.360-0600][gc,task       ] GC(4) Using 8 workers of 8 for evacuation
[2025-02-19T11:58:09.406-0600][gc,mmu        ] GC(4) MMU target violated: 21.0ms (20.0ms/21.0ms)
[2025-02-19T11:58:09.406-0600][gc,phases     ] GC(4)   Pre Evacuate Collection Set: 1.2ms
[2025-02-19T11:58:09.406-0600][gc,phases     ] GC(4)   Evacuate Collection Set: 17.4ms
[2025-02-19T11:58:09.406-0600][gc,phases     ] GC(4)   Post Evacuate Collection Set: 1.3ms
[2025-02-19T11:58:09.406-0600][gc,phases     ] GC(4)   Other: 25.9ms
[2025-02-19T11:58:09.406-0600][gc,heap       ] GC(4) Eden regions: 44->0(44)
[2025-02-19T11:58:09.406-0600][gc,heap       ] GC(4) Survivor regions: 4->7(7)
[2025-02-19T11:58:09.406-0600][gc,heap       ] GC(4) Old regions: 10->10
[2025-02-19T11:58:09.406-0600][gc,heap       ] GC(4) Humongous regions: 129->129
[2025-02-19T11:58:09.406-0600][gc,metaspace  ] GC(4) Metaspace: 34508K(35840K)->34508K(35840K) NonClass: 30229K(30976K)->30229K(30976K) Class: 4278K(4864K)->4278K(4864K)
[2025-02-19T11:58:09.406-0600][gc            ] GC(4) Pause Young (Concurrent Start) (Metadata GC Threshold) 183M->143M(1024M) 45.795ms
[2025-02-19T11:58:09.406-0600][gc,cpu        ] GC(4) User=0.18s Sys=0.00s Real=0.05s
[2025-02-19T11:58:09.407-0600][gc            ] GC(5) Concurrent Cycle
[2025-02-19T11:58:09.407-0600][gc,marking    ] GC(5) Concurrent Clear Claimed Marks
[2025-02-19T11:58:09.407-0600][gc,marking    ] GC(5) Concurrent Clear Claimed Marks 0.498ms
[2025-02-19T11:58:09.407-0600][gc,marking    ] GC(5) Concurrent Scan Root Regions
[2025-02-19T11:58:09.416-0600][gc,marking    ] GC(5) Concurrent Scan Root Regions 8.335ms
[2025-02-19T11:58:09.416-0600][gc,marking    ] GC(5) Concurrent Mark (8.987s)
[2025-02-19T11:58:09.416-0600][gc,marking    ] GC(5) Concurrent Mark From Roots
[2025-02-19T11:58:09.416-0600][gc,task       ] GC(5) Using 2 workers of 2 for marking
[2025-02-19T11:58:09.447-0600][gc,marking    ] GC(5) Concurrent Mark From Roots 30.371ms
[2025-02-19T11:58:09.447-0600][gc,marking    ] GC(5) Concurrent Preclean
[2025-02-19T11:58:09.447-0600][gc,marking    ] GC(5) Concurrent Preclean 0.366ms
[2025-02-19T11:58:09.447-0600][gc,marking    ] GC(5) Concurrent Mark (8.987s, 9.018s) 31.032ms
[2025-02-19T11:58:09.448-0600][gc,start      ] GC(5) Pause Remark
[2025-02-19T11:58:09.458-0600][gc,stringtable] GC(5) Cleaned string and symbol table, strings: 10524 processed, 12 removed, symbols: 82919 processed, 14 removed
[2025-02-19T11:58:09.458-0600][gc            ] GC(5) Pause Remark 145M->145M(1024M) 10.614ms
[2025-02-19T11:58:09.459-0600][gc,cpu        ] GC(5) User=0.06s Sys=0.00s Real=0.01s
[2025-02-19T11:58:09.459-0600][gc,marking    ] GC(5) Concurrent Rebuild Remembered Sets
[2025-02-19T11:58:09.464-0600][gc,marking    ] GC(5) Concurrent Rebuild Remembered Sets 5.126ms
[2025-02-19T11:58:09.466-0600][gc,start      ] GC(5) Pause Cleanup
[2025-02-19T11:58:09.466-0600][gc            ] GC(5) Pause Cleanup 145M->145M(1024M) 0.621ms
[2025-02-19T11:58:09.466-0600][gc,cpu        ] GC(5) User=0.00s Sys=0.00s Real=0.00s
[2025-02-19T11:58:09.466-0600][gc,marking    ] GC(5) Concurrent Cleanup for Next Mark
[2025-02-19T11:58:09.500-0600][gc,marking    ] GC(5) Concurrent Cleanup for Next Mark 33.189ms
[2025-02-19T11:58:09.500-0600][gc            ] GC(5) Concurrent Cycle 93.254ms
[2025-02-19T11:58:11.089-0600][gc,start      ] GC(6) Pause Young (Normal) (G1 Evacuation Pause)
[2025-02-19T11:58:11.089-0600][gc,task       ] GC(6) Using 8 workers of 8 for evacuation
[2025-02-19T11:58:11.110-0600][gc,mmu        ] GC(6) MMU target violated: 20.7ms (20.0ms/21.0ms)
[2025-02-19T11:58:11.110-0600][gc,phases     ] GC(6)   Pre Evacuate Collection Set: 0.1ms
[2025-02-19T11:58:11.110-0600][gc,phases     ] GC(6)   Evacuate Collection Set: 18.9ms
[2025-02-19T11:58:11.110-0600][gc,phases     ] GC(6)   Post Evacuate Collection Set: 1.5ms
[2025-02-19T11:58:11.110-0600][gc,phases     ] GC(6)   Other: 0.7ms
[2025-02-19T11:58:11.110-0600][gc,heap       ] GC(6) Eden regions: 44->0(45)
[2025-02-19T11:58:11.110-0600][gc,heap       ] GC(6) Survivor regions: 7->6(7)
[2025-02-19T11:58:11.110-0600][gc,heap       ] GC(6) Old regions: 10->13
[2025-02-19T11:58:11.110-0600][gc,heap       ] GC(6) Humongous regions: 129->129
[2025-02-19T11:58:11.110-0600][gc,metaspace  ] GC(6) Metaspace: 41395K(43596K)->41395K(43596K) NonClass: 36070K(37324K)->36070K(37324K) Class: 5324K(6272K)->5324K(6272K)
[2025-02-19T11:58:11.110-0600][gc            ] GC(6) Pause Young (Normal) (G1 Evacuation Pause) 187M->145M(1024M) 21.197ms
[2025-02-19T11:58:11.110-0600][gc,cpu        ] GC(6) User=0.10s Sys=0.04s Real=0.02s
[2025-02-19T12:09:56.492-0600][gc,start      ] GC(7) Pause Young (Normal) (G1 Evacuation Pause)
[2025-02-19T12:09:56.507-0600][gc,task       ] GC(7) Using 8 workers of 8 for evacuation
[2025-02-19T12:09:57.343-0600][gc,mmu        ] GC(7) MMU target violated: 21.0ms (20.0ms/21.0ms)
[2025-02-19T12:09:57.343-0600][gc,phases     ] GC(7)   Pre Evacuate Collection Set: 355.9ms
[2025-02-19T12:09:57.344-0600][gc,phases     ] GC(7)   Evacuate Collection Set: 447.8ms
[2025-02-19T12:09:57.344-0600][gc,phases     ] GC(7)   Post Evacuate Collection Set: 16.4ms
[2025-02-19T12:09:57.345-0600][gc,phases     ] GC(7)   Other: 36.3ms
[2025-02-19T12:09:57.345-0600][gc,heap       ] GC(7) Eden regions: 45->0(46)
[2025-02-19T12:09:57.346-0600][gc,heap       ] GC(7) Survivor regions: 6->5(7)
[2025-02-19T12:09:57.346-0600][gc,heap       ] GC(7) Old regions: 13->16
[2025-02-19T12:09:57.346-0600][gc,heap       ] GC(7) Humongous regions: 171->129
[2025-02-19T12:09:57.346-0600][gc,metaspace  ] GC(7) Metaspace: 45897K(48972K)->45897K(48972K) NonClass: 39785K(41420K)->39785K(41420K) Class: 6112K(7552K)->6112K(7552K)
[2025-02-19T12:09:57.347-0600][gc            ] GC(7) Pause Young (Normal) (G1 Evacuation Pause) 232M->148M(1024M) 854.442ms
[2025-02-19T12:09:57.347-0600][gc,cpu        ] GC(7) User=1.98s Sys=0.16s Real=0.85s
[2025-02-19T12:28:11.121-0600][gc,start      ] GC(8) Pause Young (Normal) (G1 Evacuation Pause)
[2025-02-19T12:28:11.123-0600][gc,task       ] GC(8) Using 8 workers of 8 for evacuation
[2025-02-19T12:28:11.307-0600][gc,mmu        ] GC(8) MMU target violated: 21.0ms (20.0ms/21.0ms)
[2025-02-19T12:28:11.307-0600][gc,phases     ] GC(8)   Pre Evacuate Collection Set: 45.5ms
[2025-02-19T12:28:11.307-0600][gc,phases     ] GC(8)   Evacuate Collection Set: 126.9ms
[2025-02-19T12:28:11.307-0600][gc,phases     ] GC(8)   Post Evacuate Collection Set: 6.0ms
[2025-02-19T12:28:11.307-0600][gc,phases     ] GC(8)   Other: 10.1ms
[2025-02-19T12:28:11.307-0600][gc,heap       ] GC(8) Eden regions: 46->0(47)
[2025-02-19T12:28:11.308-0600][gc,heap       ] GC(8) Survivor regions: 5->4(7)
[2025-02-19T12:28:11.308-0600][gc,heap       ] GC(8) Old regions: 16->19
[2025-02-19T12:28:11.308-0600][gc,heap       ] GC(8) Humongous regions: 129->129
[2025-02-19T12:28:11.308-0600][gc,metaspace  ] GC(8) Metaspace: 46314K(49228K)->46314K(49228K) NonClass: 40195K(41676K)->40195K(41676K) Class: 6118K(7552K)->6118K(7552K)
[2025-02-19T12:28:11.308-0600][gc            ] GC(8) Pause Young (Normal) (G1 Evacuation Pause) 194M->149M(1024M) 187.019ms
[2025-02-19T12:28:11.308-0600][gc,cpu        ] GC(8) User=1.05s Sys=0.00s Real=0.19s
