[2025-02-20T14:38:04.817-0600][gc,heap] Heap region size: 1M
[2025-02-20T14:38:04.833-0600][gc     ] Using G1
[2025-02-20T14:38:04.834-0600][gc,heap,coops] Heap address: 0x00000000c0000000, size: 1024 MB, Compressed Oops mode: 32-bit
[2025-02-20T14:38:04.834-0600][gc,cds       ] Mark closed archive regions in map: [0x00000000fff00000, 0x00000000fff6bff8]
[2025-02-20T14:38:04.834-0600][gc,cds       ] Mark open archive regions in map: [0x00000000ffe00000, 0x00000000ffe47ff8]
[2025-02-20T14:38:06.322-0600][gc,heap,exit ] Heap
[2025-02-20T14:38:06.322-0600][gc,heap,exit ]  garbage-first heap   total 1048576K, used 37584K [0x00000000c0000000, 0x0000000100000000)
[2025-02-20T14:38:06.322-0600][gc,heap,exit ]   region size 1024K, 37 young (37888K), 0 survivors (0K)
[2025-02-20T14:38:06.322-0600][gc,heap,exit ]  Metaspace       used 10147K, capacity 10442K, committed 10752K, reserved 1058816K
[2025-02-20T14:38:06.323-0600][gc,heap,exit ]   class space    used 1312K, capacity 1447K, committed 1536K, reserved 1048576K
