[2025-03-03T12:25:54.433-0600][gc,heap] Heap region size: 1M
[2025-03-03T12:25:54.451-0600][gc     ] Using G1
[2025-03-03T12:25:54.452-0600][gc,heap,coops] Heap address: 0x00000000c0000000, size: 1024 MB, Compressed Oops mode: 32-bit
[2025-03-03T12:25:54.452-0600][gc,cds       ] Mark closed archive regions in map: [0x00000000fff00000, 0x00000000fff6bff8]
[2025-03-03T12:25:54.452-0600][gc,cds       ] Mark open archive regions in map: [0x00000000ffe00000, 0x00000000ffe47ff8]
[2025-03-03T12:25:56.507-0600][gc,start     ] GC(0) Pause Young (Normal) (G1 Evacuation Pause)
[2025-03-03T12:25:56.508-0600][gc,task      ] GC(0) Using 8 workers of 8 for evacuation
[2025-03-03T12:25:56.536-0600][gc,mmu       ] GC(0) MMU target violated: 21.0ms (20.0ms/21.0ms)
[2025-03-03T12:25:56.536-0600][gc,phases    ] GC(0)   Pre Evacuate Collection Set: 0.0ms
[2025-03-03T12:25:56.536-0600][gc,phases    ] GC(0)   Evacuate Collection Set: 25.3ms
[2025-03-03T12:25:56.536-0600][gc,phases    ] GC(0)   Post Evacuate Collection Set: 1.4ms
[2025-03-03T12:25:56.536-0600][gc,phases    ] GC(0)   Other: 2.5ms
[2025-03-03T12:25:56.536-0600][gc,heap      ] GC(0) Eden regions: 51->0(44)
[2025-03-03T12:25:56.536-0600][gc,heap      ] GC(0) Survivor regions: 0->7(7)
[2025-03-03T12:25:56.536-0600][gc,heap      ] GC(0) Old regions: 2->3
[2025-03-03T12:25:56.536-0600][gc,heap      ] GC(0) Humongous regions: 0->0
[2025-03-03T12:25:56.536-0600][gc,metaspace ] GC(0) Metaspace: 13333K(14080K)->13333K(14080K) NonClass: 11505K(12032K)->11505K(12032K) Class: 1828K(2048K)->1828K(2048K)
[2025-03-03T12:25:56.536-0600][gc           ] GC(0) Pause Young (Normal) (G1 Evacuation Pause) 51M->8M(1024M) 29.341ms
[2025-03-03T12:25:56.536-0600][gc,cpu       ] GC(0) User=0.12s Sys=0.08s Real=0.03s
[2025-03-03T12:25:57.726-0600][gc,start     ] GC(1) Pause Young (Concurrent Start) (Metadata GC Threshold)
[2025-03-03T12:25:57.726-0600][gc,task      ] GC(1) Using 8 workers of 8 for evacuation
[2025-03-03T12:25:57.739-0600][gc,phases    ] GC(1)   Pre Evacuate Collection Set: 0.1ms
[2025-03-03T12:25:57.739-0600][gc,phases    ] GC(1)   Evacuate Collection Set: 11.5ms
[2025-03-03T12:25:57.739-0600][gc,phases    ] GC(1)   Post Evacuate Collection Set: 0.8ms
[2025-03-03T12:25:57.739-0600][gc,phases    ] GC(1)   Other: 0.6ms
[2025-03-03T12:25:57.739-0600][gc,heap      ] GC(1) Eden regions: 33->0(49)
[2025-03-03T12:25:57.739-0600][gc,heap      ] GC(1) Survivor regions: 7->2(7)
[2025-03-03T12:25:57.739-0600][gc,heap      ] GC(1) Old regions: 3->10
[2025-03-03T12:25:57.739-0600][gc,heap      ] GC(1) Humongous regions: 0->0
[2025-03-03T12:25:57.739-0600][gc,metaspace ] GC(1) Metaspace: 20491K(21248K)->20491K(21248K) NonClass: 17713K(18176K)->17713K(18176K) Class: 2777K(3072K)->2777K(3072K)
[2025-03-03T12:25:57.739-0600][gc           ] GC(1) Pause Young (Concurrent Start) (Metadata GC Threshold) 40M->9M(1024M) 13.202ms
[2025-03-03T12:25:57.739-0600][gc,cpu       ] GC(1) User=0.07s Sys=0.01s Real=0.02s
[2025-03-03T12:25:57.739-0600][gc           ] GC(2) Concurrent Cycle
[2025-03-03T12:25:57.739-0600][gc,marking   ] GC(2) Concurrent Clear Claimed Marks
[2025-03-03T12:25:57.740-0600][gc,marking   ] GC(2) Concurrent Clear Claimed Marks 0.099ms
[2025-03-03T12:25:57.740-0600][gc,marking   ] GC(2) Concurrent Scan Root Regions
[2025-03-03T12:25:57.741-0600][gc,marking   ] GC(2) Concurrent Scan Root Regions 1.594ms
[2025-03-03T12:25:57.741-0600][gc,marking   ] GC(2) Concurrent Mark (3.315s)
[2025-03-03T12:25:57.741-0600][gc,marking   ] GC(2) Concurrent Mark From Roots
[2025-03-03T12:25:57.741-0600][gc,task      ] GC(2) Using 2 workers of 2 for marking
[2025-03-03T12:25:57.749-0600][gc,marking   ] GC(2) Concurrent Mark From Roots 7.380ms
[2025-03-03T12:25:57.749-0600][gc,marking   ] GC(2) Concurrent Preclean
[2025-03-03T12:25:57.749-0600][gc,marking   ] GC(2) Concurrent Preclean 0.179ms
[2025-03-03T12:25:57.749-0600][gc,marking   ] GC(2) Concurrent Mark (3.315s, 3.323s) 7.758ms
[2025-03-03T12:25:57.750-0600][gc,start     ] GC(2) Pause Remark
[2025-03-03T12:25:57.753-0600][gc,stringtable] GC(2) Cleaned string and symbol table, strings: 5798 processed, 0 removed, symbols: 54218 processed, 58 removed
[2025-03-03T12:25:57.754-0600][gc            ] GC(2) Pause Remark 10M->10M(1024M) 4.378ms
[2025-03-03T12:25:57.754-0600][gc,cpu        ] GC(2) User=0.01s Sys=0.00s Real=0.00s
[2025-03-03T12:25:57.754-0600][gc,marking    ] GC(2) Concurrent Rebuild Remembered Sets
[2025-03-03T12:25:57.758-0600][gc,marking    ] GC(2) Concurrent Rebuild Remembered Sets 3.895ms
[2025-03-03T12:25:57.759-0600][gc,start      ] GC(2) Pause Cleanup
[2025-03-03T12:25:57.759-0600][gc            ] GC(2) Pause Cleanup 10M->10M(1024M) 0.498ms
[2025-03-03T12:25:57.759-0600][gc,cpu        ] GC(2) User=0.00s Sys=0.00s Real=0.00s
[2025-03-03T12:25:57.759-0600][gc,marking    ] GC(2) Concurrent Cleanup for Next Mark
[2025-03-03T12:25:57.772-0600][gc,marking    ] GC(2) Concurrent Cleanup for Next Mark 13.001ms
[2025-03-03T12:25:57.773-0600][gc            ] GC(2) Concurrent Cycle 33.221ms
[2025-03-03T12:25:59.721-0600][gc,start      ] GC(3) Pause Young (Normal) (G1 Evacuation Pause)
[2025-03-03T12:25:59.721-0600][gc,task       ] GC(3) Using 8 workers of 8 for evacuation
[2025-03-03T12:25:59.725-0600][gc,phases     ] GC(3)   Pre Evacuate Collection Set: 0.0ms
[2025-03-03T12:25:59.725-0600][gc,phases     ] GC(3)   Evacuate Collection Set: 3.1ms
[2025-03-03T12:25:59.725-0600][gc,phases     ] GC(3)   Post Evacuate Collection Set: 0.8ms
[2025-03-03T12:25:59.725-0600][gc,phases     ] GC(3)   Other: 0.3ms
[2025-03-03T12:25:59.725-0600][gc,heap       ] GC(3) Eden regions: 49->0(47)
[2025-03-03T12:25:59.725-0600][gc,heap       ] GC(3) Survivor regions: 2->4(7)
[2025-03-03T12:25:59.725-0600][gc,heap       ] GC(3) Old regions: 10->10
[2025-03-03T12:25:59.725-0600][gc,heap       ] GC(3) Humongous regions: 129->129
[2025-03-03T12:25:59.725-0600][gc,metaspace  ] GC(3) Metaspace: 29265K(30464K)->29265K(30464K) NonClass: 25655K(26368K)->25655K(26368K) Class: 3609K(4096K)->3609K(4096K)
[2025-03-03T12:25:59.725-0600][gc            ] GC(3) Pause Young (Normal) (G1 Evacuation Pause) 187M->140M(1024M) 4.380ms
[2025-03-03T12:25:59.725-0600][gc,cpu        ] GC(3) User=0.02s Sys=0.00s Real=0.00s
[2025-03-03T12:26:00.617-0600][gc,start      ] GC(4) Pause Young (Concurrent Start) (Metadata GC Threshold)
[2025-03-03T12:26:00.617-0600][gc,task       ] GC(4) Using 8 workers of 8 for evacuation
[2025-03-03T12:26:00.624-0600][gc,phases     ] GC(4)   Pre Evacuate Collection Set: 0.2ms
[2025-03-03T12:26:00.624-0600][gc,phases     ] GC(4)   Evacuate Collection Set: 4.9ms
[2025-03-03T12:26:00.624-0600][gc,phases     ] GC(4)   Post Evacuate Collection Set: 1.0ms
[2025-03-03T12:26:00.624-0600][gc,phases     ] GC(4)   Other: 0.6ms
[2025-03-03T12:26:00.624-0600][gc,heap       ] GC(4) Eden regions: 37->0(44)
[2025-03-03T12:26:00.624-0600][gc,heap       ] GC(4) Survivor regions: 4->7(7)
[2025-03-03T12:26:00.624-0600][gc,heap       ] GC(4) Old regions: 10->10
[2025-03-03T12:26:00.624-0600][gc,heap       ] GC(4) Humongous regions: 129->129
[2025-03-03T12:26:00.624-0600][gc,metaspace  ] GC(4) Metaspace: 34626K(35840K)->34626K(35840K) NonClass: 30416K(31104K)->30416K(31104K) Class: 4210K(4736K)->4210K(4736K)
[2025-03-03T12:26:00.624-0600][gc            ] GC(4) Pause Young (Concurrent Start) (Metadata GC Threshold) 176M->144M(1024M) 6.808ms
[2025-03-03T12:26:00.624-0600][gc,cpu        ] GC(4) User=0.03s Sys=0.01s Real=0.00s
[2025-03-03T12:26:00.624-0600][gc            ] GC(5) Concurrent Cycle
[2025-03-03T12:26:00.624-0600][gc,marking    ] GC(5) Concurrent Clear Claimed Marks
[2025-03-03T12:26:00.624-0600][gc,marking    ] GC(5) Concurrent Clear Claimed Marks 0.199ms
[2025-03-03T12:26:00.624-0600][gc,marking    ] GC(5) Concurrent Scan Root Regions
[2025-03-03T12:26:00.630-0600][gc,marking    ] GC(5) Concurrent Scan Root Regions 5.426ms
[2025-03-03T12:26:00.630-0600][gc,marking    ] GC(5) Concurrent Mark (6.204s)
[2025-03-03T12:26:00.630-0600][gc,marking    ] GC(5) Concurrent Mark From Roots
[2025-03-03T12:26:00.630-0600][gc,task       ] GC(5) Using 2 workers of 2 for marking
[2025-03-03T12:26:00.640-0600][gc,marking    ] GC(5) Concurrent Mark From Roots 9.958ms
[2025-03-03T12:26:00.640-0600][gc,marking    ] GC(5) Concurrent Preclean
[2025-03-03T12:26:00.640-0600][gc,marking    ] GC(5) Concurrent Preclean 0.211ms
[2025-03-03T12:26:00.640-0600][gc,marking    ] GC(5) Concurrent Mark (6.204s, 6.214s) 10.397ms
[2025-03-03T12:26:00.643-0600][gc,start      ] GC(5) Pause Remark
[2025-03-03T12:26:00.648-0600][gc,stringtable] GC(5) Cleaned string and symbol table, strings: 10770 processed, 12 removed, symbols: 86786 processed, 19 removed
[2025-03-03T12:26:00.649-0600][gc            ] GC(5) Pause Remark 145M->145M(1024M) 6.143ms
[2025-03-03T12:26:00.649-0600][gc,cpu        ] GC(5) User=0.03s Sys=0.00s Real=0.01s
[2025-03-03T12:26:00.649-0600][gc,marking    ] GC(5) Concurrent Rebuild Remembered Sets
[2025-03-03T12:26:00.654-0600][gc,marking    ] GC(5) Concurrent Rebuild Remembered Sets 4.810ms
[2025-03-03T12:26:00.655-0600][gc,start      ] GC(5) Pause Cleanup
[2025-03-03T12:26:00.655-0600][gc            ] GC(5) Pause Cleanup 145M->145M(1024M) 0.462ms
[2025-03-03T12:26:00.656-0600][gc,cpu        ] GC(5) User=0.00s Sys=0.00s Real=0.00s
[2025-03-03T12:26:00.656-0600][gc,marking    ] GC(5) Concurrent Cleanup for Next Mark
[2025-03-03T12:26:00.736-0600][gc,marking    ] GC(5) Concurrent Cleanup for Next Mark 80.019ms
[2025-03-03T12:26:00.736-0600][gc            ] GC(5) Concurrent Cycle 111.784ms
[2025-03-03T12:26:28.016-0600][gc,start      ] GC(6) Pause Young (Normal) (G1 Evacuation Pause)
[2025-03-03T12:26:28.016-0600][gc,task       ] GC(6) Using 8 workers of 8 for evacuation
[2025-03-03T12:26:28.068-0600][gc,mmu        ] GC(6) MMU target violated: 21.0ms (20.0ms/21.0ms)
[2025-03-03T12:26:28.068-0600][gc,phases     ] GC(6)   Pre Evacuate Collection Set: 3.3ms
[2025-03-03T12:26:28.068-0600][gc,phases     ] GC(6)   Evacuate Collection Set: 44.7ms
[2025-03-03T12:26:28.068-0600][gc,phases     ] GC(6)   Post Evacuate Collection Set: 2.7ms
[2025-03-03T12:26:28.068-0600][gc,phases     ] GC(6)   Other: 1.4ms
[2025-03-03T12:26:28.068-0600][gc,heap       ] GC(6) Eden regions: 44->0(48)
[2025-03-03T12:26:28.068-0600][gc,heap       ] GC(6) Survivor regions: 7->3(7)
[2025-03-03T12:26:28.068-0600][gc,heap       ] GC(6) Old regions: 10->17
[2025-03-03T12:26:28.068-0600][gc,heap       ] GC(6) Humongous regions: 129->129
[2025-03-03T12:26:28.068-0600][gc,metaspace  ] GC(6) Metaspace: 42335K(44800K)->42335K(44800K) NonClass: 36624K(37888K)->36624K(37888K) Class: 5711K(6912K)->5711K(6912K)
[2025-03-03T12:26:28.068-0600][gc            ] GC(6) Pause Young (Normal) (G1 Evacuation Pause) 188M->145M(1024M) 52.311ms
[2025-03-03T12:26:28.068-0600][gc,cpu        ] GC(6) User=0.30s Sys=0.05s Real=0.06s
[2025-03-03T12:30:22.482-0600][gc,heap,exit  ] Heap
[2025-03-03T12:30:22.483-0600][gc,heap,exit  ]  garbage-first heap   total 1048576K, used 195556K [0x00000000c0000000, 0x0000000100000000)
[2025-03-03T12:30:22.483-0600][gc,heap,exit  ]   region size 1024K, 50 young (51200K), 3 survivors (3072K)
[2025-03-03T12:30:22.483-0600][gc,heap,exit  ]  Metaspace       used 46791K, capacity 49695K, committed 49920K, reserved 1091584K
[2025-03-03T12:30:22.483-0600][gc,heap,exit  ]   class space    used 6433K, capacity 7853K, committed 7936K, reserved 1048576K
