[2025-02-19T12:43:50.346-0600][gc,heap] Heap region size: 1M
[2025-02-19T12:43:50.356-0600][gc     ] Using G1
[2025-02-19T12:43:50.356-0600][gc,heap,coops] Heap address: 0x00000000e0000000, size: 512 MB, Compressed Oops mode: 32-bit
[2025-02-19T12:43:50.357-0600][gc,cds       ] Mark closed archive regions in map: [0x00000000fff00000, 0x00000000fff6bff8]
[2025-02-19T12:43:50.357-0600][gc,cds       ] Mark open archive regions in map: [0x00000000ffe00000, 0x00000000ffe47ff8]
[2025-02-19T12:43:51.985-0600][gc,start     ] GC(0) Pause Young (Normal) (G1 Evacuation Pause)
[2025-02-19T12:43:51.987-0600][gc,task      ] GC(0) Using 8 workers of 8 for evacuation
[2025-02-19T12:43:52.026-0600][gc,mmu       ] GC(0) MMU target violated: 21.0ms (20.0ms/21.0ms)
[2025-02-19T12:43:52.026-0600][gc,phases    ] GC(0)   Pre Evacuate Collection Set: 0.0ms
[2025-02-19T12:43:52.026-0600][gc,phases    ] GC(0)   Evacuate Collection Set: 36.6ms
[2025-02-19T12:43:52.026-0600][gc,phases    ] GC(0)   Post Evacuate Collection Set: 1.8ms
[2025-02-19T12:43:52.026-0600][gc,phases    ] GC(0)   Other: 2.9ms
[2025-02-19T12:43:52.026-0600][gc,heap      ] GC(0) Eden regions: 25->0(21)
[2025-02-19T12:43:52.026-0600][gc,heap      ] GC(0) Survivor regions: 0->4(4)
[2025-02-19T12:43:52.026-0600][gc,heap      ] GC(0) Old regions: 2->6
[2025-02-19T12:43:52.026-0600][gc,heap      ] GC(0) Humongous regions: 0->0
[2025-02-19T12:43:52.026-0600][gc,metaspace ] GC(0) Metaspace: 6968K(7680K)->6968K(7680K) NonClass: 6185K(6656K)->6185K(6656K) Class: 783K(1024K)->783K(1024K)
[2025-02-19T12:43:52.026-0600][gc           ] GC(0) Pause Young (Normal) (G1 Evacuation Pause) 25M->8M(512M) 41.433ms
[2025-02-19T12:43:52.026-0600][gc,cpu       ] GC(0) User=0.20s Sys=0.06s Real=0.04s
[2025-02-19T12:43:52.088-0600][gc,heap,exit ] Heap
[2025-02-19T12:43:52.088-0600][gc,heap,exit ]  garbage-first heap   total 524288K, used 9899K [0x00000000e0000000, 0x0000000100000000)
[2025-02-19T12:43:52.088-0600][gc,heap,exit ]   region size 1024K, 6 young (6144K), 4 survivors (4096K)
[2025-02-19T12:43:52.088-0600][gc,heap,exit ]  Metaspace       used 7418K, capacity 7772K, committed 7936K, reserved 1056768K
[2025-02-19T12:43:52.088-0600][gc,heap,exit ]   class space    used 834K, capacity 960K, committed 1024K, reserved 1048576K
