[2025-02-18T11:46:34.167-0600][gc,heap] Heap region size: 1M
[2025-02-18T11:46:34.179-0600][gc     ] Using G1
[2025-02-18T11:46:34.179-0600][gc,heap,coops] Heap address: 0x00000000e0000000, size: 512 MB, Compressed Oops mode: 32-bit
[2025-02-18T11:46:34.179-0600][gc,cds       ] Mark closed archive regions in map: [0x00000000fff00000, 0x00000000fff6bff8]
[2025-02-18T11:46:34.179-0600][gc,cds       ] Mark open archive regions in map: [0x00000000ffe00000, 0x00000000ffe47ff8]
[2025-02-18T11:46:35.841-0600][gc,start     ] GC(0) Pause Young (Normal) (G1 Evacuation Pause)
[2025-02-18T11:46:35.843-0600][gc,task      ] GC(0) Using 8 workers of 8 for evacuation
[2025-02-18T11:46:35.869-0600][gc,mmu       ] GC(0) MMU target violated: 21.0ms (20.0ms/21.0ms)
[2025-02-18T11:46:35.869-0600][gc,phases    ] GC(0)   Pre Evacuate Collection Set: 0.0ms
[2025-02-18T11:46:35.869-0600][gc,phases    ] GC(0)   Evacuate Collection Set: 23.7ms
[2025-02-18T11:46:35.869-0600][gc,phases    ] GC(0)   Post Evacuate Collection Set: 1.1ms
[2025-02-18T11:46:35.869-0600][gc,phases    ] GC(0)   Other: 2.7ms
[2025-02-18T11:46:35.869-0600][gc,heap      ] GC(0) Eden regions: 25->0(21)
[2025-02-18T11:46:35.869-0600][gc,heap      ] GC(0) Survivor regions: 0->4(4)
[2025-02-18T11:46:35.869-0600][gc,heap      ] GC(0) Old regions: 2->6
[2025-02-18T11:46:35.869-0600][gc,heap      ] GC(0) Humongous regions: 0->0
[2025-02-18T11:46:35.869-0600][gc,metaspace ] GC(0) Metaspace: 6949K(7424K)->6949K(7424K) NonClass: 6168K(6400K)->6168K(6400K) Class: 781K(1024K)->781K(1024K)
[2025-02-18T11:46:35.869-0600][gc           ] GC(0) Pause Young (Normal) (G1 Evacuation Pause) 25M->8M(512M) 27.660ms
[2025-02-18T11:46:35.869-0600][gc,cpu       ] GC(0) User=0.07s Sys=0.07s Real=0.03s
[2025-02-18T13:26:22.647-0600][gc,start     ] GC(1) Pause Young (Normal) (G1 Evacuation Pause)
[2025-02-18T13:26:22.657-0600][gc,task      ] GC(1) Using 8 workers of 8 for evacuation
[2025-02-18T13:26:22.934-0600][gc,mmu       ] GC(1) MMU target violated: 21.0ms (20.0ms/21.0ms)
[2025-02-18T13:26:22.935-0600][gc,phases    ] GC(1)   Pre Evacuate Collection Set: 49.0ms
[2025-02-18T13:26:22.935-0600][gc,phases    ] GC(1)   Evacuate Collection Set: 206.9ms
[2025-02-18T13:26:22.935-0600][gc,phases    ] GC(1)   Post Evacuate Collection Set: 9.2ms
[2025-02-18T13:26:22.935-0600][gc,phases    ] GC(1)   Other: 34.8ms
[2025-02-18T13:26:22.935-0600][gc,heap      ] GC(1) Eden regions: 21->0(24)
[2025-02-18T13:26:22.935-0600][gc,heap      ] GC(1) Survivor regions: 4->1(4)
[2025-02-18T13:26:22.935-0600][gc,heap      ] GC(1) Old regions: 6->10
[2025-02-18T13:26:22.935-0600][gc,heap      ] GC(1) Humongous regions: 0->0
[2025-02-18T13:26:22.935-0600][gc,metaspace ] GC(1) Metaspace: 9512K(10240K)->9512K(10240K) NonClass: 8511K(8960K)->8511K(8960K) Class: 1000K(1280K)->1000K(1280K)
[2025-02-18T13:26:22.936-0600][gc           ] GC(1) Pause Young (Normal) (G1 Evacuation Pause) 29M->9M(512M) 288.990ms
[2025-02-18T13:26:22.936-0600][gc,cpu       ] GC(1) User=1.63s Sys=0.00s Real=0.28s
[2025-02-18T14:32:00.344-0600][gc,heap,exit ] Heap
[2025-02-18T14:32:00.346-0600][gc,heap,exit ]  garbage-first heap   total 524288K, used 13513K [0x00000000e0000000, 0x0000000100000000)
[2025-02-18T14:32:00.346-0600][gc,heap,exit ]   region size 1024K, 6 young (6144K), 1 survivors (1024K)
[2025-02-18T14:32:00.346-0600][gc,heap,exit ]  Metaspace       used 9520K, capacity 9854K, committed 10240K, reserved 1058816K
[2025-02-18T14:32:00.346-0600][gc,heap,exit ]   class space    used 1001K, capacity 1165K, committed 1280K, reserved 1048576K
